###############################################################################
#                                                                             #
# IAR ELF Linker V6.10.2.52244/W32 for ARM              07/Jan/2011  21:46:56 #
# Copyright 2007-2010 IAR Systems AB.                                         #
#                                                                             #
#    Output file  =  D:\software\qpcpp\examples\arm-cortex\vanilla\iar\game-e #
#                    v-lm3s811-qm\dbg\game.out                                #
#    Map file     =  D:\software\qpcpp\examples\arm-cortex\vanilla\iar\game-e #
#                    v-lm3s811-qm\dbg\game.map                                #
#    Command line =  D:\software\qpcpp\examples\arm-cortex\vanilla\iar\game-e #
#                    v-lm3s811-qm\dbg\bsp.o D:\software\qpcpp\examples\arm-co #
#                    rtex\vanilla\iar\game-ev-lm3s811-qm\dbg\core_cm3.o       #
#                    D:\software\qpcpp\examples\arm-cortex\vanilla\iar\game-e #
#                    v-lm3s811-qm\dbg\display96x16x1.o                        #
#                    D:\software\qpcpp\examples\arm-cortex\vanilla\iar\game-e #
#                    v-lm3s811-qm\dbg\main.o D:\software\qpcpp\examples\arm-c #
#                    ortex\vanilla\iar\game-ev-lm3s811-qm\dbg\mine1.o         #
#                    D:\software\qpcpp\examples\arm-cortex\vanilla\iar\game-e #
#                    v-lm3s811-qm\dbg\mine2.o D:\software\qpcpp\examples\arm- #
#                    cortex\vanilla\iar\game-ev-lm3s811-qm\dbg\missile.o      #
#                    D:\software\qpcpp\examples\arm-cortex\vanilla\iar\game-e #
#                    v-lm3s811-qm\dbg\ship.o D:\software\qpcpp\examples\arm-c #
#                    ortex\vanilla\iar\game-ev-lm3s811-qm\dbg\startup_ewarm.o #
#                     D:\software\qpcpp\examples\arm-cortex\vanilla\iar\game- #
#                    ev-lm3s811-qm\dbg\system_lm3s.o                          #
#                    D:\software\qpcpp\examples\arm-cortex\vanilla\iar\game-e #
#                    v-lm3s811-qm\dbg\tunnel.o D:\software\qpcpp\ports\arm-co #
#                    rtex\vanilla\iar\dbg\libqep_cortex-m3.a                  #
#                    D:\software\qpcpp\ports\arm-cortex\vanilla\iar\dbg\libqf #
#                    _cortex-m3.a --redirect _Printf=_PrintfTiny --redirect   #
#                    _Scanf=_ScanfSmall -o D:\software\qpcpp\examples\arm-cor #
#                    tex\vanilla\iar\game-ev-lm3s811-qm\dbg\game.out --map    #
#                    D:\software\qpcpp\examples\arm-cortex\vanilla\iar\game-e #
#                    v-lm3s811-qm\dbg\game.map --config                       #
#                    D:\software\qpcpp\examples\arm-cortex\vanilla\iar\game-e #
#                    v-lm3s811-qm\lm3s811.icf --semihosting --entry           #
#                    __iar_program_start                                      #
#                                                                             #
#                                                                             #
###############################################################################

*******************************************************************************
*** RUNTIME MODEL ATTRIBUTES
***

CppFlavor       = *
__CPP_Language  = EC++
__Heap_Handler  = Basic
__SystemLibrary = DLib


*******************************************************************************
*** PLACEMENT SUMMARY
***

"A1":  place at start of [0x00000000-0x0000ffff] { ro section .intvec };
"P1":  place in [from 0x00000000 to 0x0000ffff] { ro };
"P2":  place in [from 0x20000000 to 0x20001fff] { rw, block HEAP };

  Section             Kind        Address    Size  Object
  -------             ----        -------    ----  ------
"A1":                                        0xf0
  .intvec             const    0x00000000    0xf0  startup_ewarm.o [1]
                             - 0x000000f0    0xf0

"P1":                                      0x369c
  .text               ro code  0x000000f0   0xb58  tunnel.o [1]
  .text               ro code  0x00000c48    0x52  cxxabi.o [4]
  .text               ro code  0x00000c9a     0xc  tunnel.o [1]
  .text               ro code  0x00000ca6    0x22  zero_init3.o [7]
  .text               ro code  0x00000cc8    0x30  qte_ctor.o [6]
  .text               ro code  0x00000cf8   0x278  mine1.o [1]
  .text               ro code  0x00000f70   0x278  mine2.o [1]
  .text               ro code  0x000011e8    0x16  tunnel.o [1]
  .text               ro code  0x000011fe    0x16  tunnel.o [1]
  .text               ro code  0x00001214   0x17e  qhsm_dis.o [5]
  .text               ro code  0x00001392    0x12  startup_ewarm.o [1]
  .text               ro code  0x000013a4   0x398  bsp.o [1]
  .text               ro code  0x0000173c    0x94  qhsm_ini.o [5]
  .text               ro code  0x000017d0    0x60  qa_sub.o [6]
  .text               ro code  0x00001830    0x16  tunnel.o [1]
  .text               ro code  0x00001846    0x18  tunnel.o [1]
  .text               ro code  0x0000185e    0x1a  tunnel.o [1]
  .text               ro code  0x00001878    0x34  qte_darm.o [6]
  .text               ro code  0x000018ac    0x60  qa_fifo.o [6]
  .text               ro code  0x0000190c    0x90  qvanilla.o [6]
  .text               ro code  0x0000199c    0x88  cppinit.o [3]
  .text               ro code  0x00001a24    0x1c  tunnel.o [1]
  .text               ro code  0x00001a40    0x5c  qf_new.o [6]
  .text               ro code  0x00001a9c     0xa  mine2.o [1]
  .text               ro code  0x00001aa6     0xa  mine2.o [1]
  .text               ro code  0x00001ab0    0x78  ABImemmove.o [7]
  .text               ro code  0x00001b28    0x70  ABImemcpy.o [7]
  .text               ro code  0x00001b98    0x60  qf_tick.o [6]
  .text               ro code  0x00001bf8    0x98  qf_pspub.o [6]
  .text               ro code  0x00001c90   0x2a4  system_lm3s.o [1]
  .text               ro code  0x00001f34   0x548  display96x16x1.o [1]
  .text               ro code  0x0000247c     0xc  delop_0.o [4]
  .text               ro code  0x00002488    0x66  ABImemset.o [7]
  .text               ro code  0x000024f0    0x40  qte_arm.o [6]
  .text               ro code  0x00002530    0x2c  qa_fifo.o [6]
  .text               ro code  0x0000255c    0x28  qvanilla.o [6]
  .text               ro code  0x00002584    0x50  qa_get_.o [6]
  .text               ro code  0x000025d4    0x50  qf_gc.o [6]
  .text               ro code  0x00002624    0x12  qeq_init.o [6]
  .text               ro code  0x00002638    0x30  qf_act.o [6]
  .text               ro code  0x00002668     0xc  tunnel.o [1]
  .text               ro code  0x00002674    0x22  qmp_get.o [6]
  .text               ro code  0x00002698    0x8c  xxmemxfree.o [3]
  .text               ro code  0x00002724    0x2c  qa_get_.o [6]
  .text               ro code  0x00002750    0x38  qmp_put.o [6]
  .text               ro code  0x00002788     0xc  tunnel.o [1]
  .text               ro code  0x00002794    0x90  xsyslock.o [3]
  .text               ro code  0x00002824     0x8  xmtx.o [3]
  .text               ro code  0x0000282c   0x1f0  ship.o [1]
  .text               ro code  0x00002a1c    0x24  ship.o [1]
  .rodata             const    0x00002a40   0x1dc  display96x16x1.o [1]
  .text               ro code  0x00002c1c   0x154  missile.o [1]
  .text               ro code  0x00002d70    0x1c  missile.o [1]
  .rodata             const    0x00002d8c   0x100  qf_log2.o [6]
  .text               ro code  0x00002e8c    0xa8  main.o [1]
  .text               ro code  0x00002f34    0x60  qf_pool.o [6]
  .text               ro code  0x00002f94     0xc  qf_psini.o [6]
  .text               ro code  0x00002fa0    0x94  qmp_init.o [6]
  .rodata             const    0x00003034    0x74  display96x16x1.o [1]
  .rodata             const    0x000030a8    0x5c  system_lm3s.o [1]
  .rodata             const    0x00003104    0x58  mine1.o [1]
  .rodata             const    0x0000315c    0x58  mine2.o [1]
  .rodata             const    0x000031b4    0x58  tunnel.o [1]
  .rodata             const    0x0000320c    0x50  bsp.o [1]
  .rodata             const    0x0000325c    0x50  display96x16x1.o [1]
  .rodata             const    0x000032ac    0x50  tunnel.o [1]
  .rodata             const    0x000032fc    0x44  qf_pwr2.o [6]
  .rodata             const    0x00003340    0x44  qf_pwr2.o [6]
  .rodata             const    0x00003384    0x44  qf_pwr2.o [6]
  .rodata             const    0x000033c8    0x38  tunnel.o [1]
  .text               ro code  0x00003400    0x2c  data_init3.o [7]
  .iar.init_table     const    0x0000342c    0x14  - Linker created -
  .text               ro code  0x00003440    0x20  cmain_call_ctors.o [7]
  .text               ro code  0x00003460    0x1c  mine1.o [1]
  .text               ro code  0x0000347c    0x1c  mine2.o [1]
  .text               ro code  0x00003498    0x16  mine1.o [1]
  .text               ro code  0x000034ae     0xe  mine1.o [1]
  .text               ro code  0x000034bc    0x16  mine2.o [1]
  .text               ro code  0x000034d2     0xe  mine2.o [1]
  .text               ro code  0x000034e0    0x16  missile.o [1]
  .text               ro code  0x000034f6     0xe  missile.o [1]
  .text               ro code  0x00003504     0xc  tunnel.o [1]
  .text               ro code  0x00003510     0xe  tunnel.o [1]
  .text               ro code  0x0000351e    0x16  ship.o [1]
  .text               ro code  0x00003534     0xe  ship.o [1]
  .text               ro code  0x00003542    0x16  tunnel.o [1]
  .text               ro code  0x00003558     0xe  tunnel.o [1]
  .text               ro code  0x00003566    0x16  tunnel.o [1]
  .text               ro code  0x0000357c    0x16  cmain.o [7]
  .text               ro code  0x00003592     0x4  low_level_init.o [3]
  .text               ro code  0x00003596     0x8  exit.o [3]
  .text               ro code  0x000035a0    0x12  cexit.o [7]
  .text               ro code  0x000035b4    0x14  exit.o [8]
  SHT$$PREINIT_ARRAY           0x000035c8     0x0  <Block>
  SHT$$INIT_ARRAY              0x000035c8    0x14  <Block>
    .init_array       const    0x000035c8     0x4  mine1.o [1]
    .init_array       const    0x000035cc     0x4  mine2.o [1]
    .init_array       const    0x000035d0     0x4  missile.o [1]
    .init_array       const    0x000035d4     0x4  ship.o [1]
    .init_array       const    0x000035d8     0x4  tunnel.o [1]
  .rodata             const    0x000035dc    0x10  mine1.o [1]
  .rodata             const    0x000035ec    0x10  mine2.o [1]
  .rodata             const    0x000035fc    0x10  missile.o [1]
  .rodata             const    0x0000360c    0x10  ship.o [1]
  .rodata             const    0x0000361c    0x10  tunnel.o [1]
  .rodata             const    0x0000362c    0x10  tunnel.o [1]
  .rodata             const    0x0000363c    0x10  qhsm_ini.o [5]
  .rodata             const    0x0000364c     0xc  tunnel.o [1]
  .rodata             const    0x00003658     0xc  tunnel.o [1]
  .rodata             const    0x00003664     0xc  qf_pspub.o [6]
  .rodata             const    0x00003670     0xc  qvanilla.o [6]
  .rodata             const    0x0000367c     0xc  qhsm_ini.o [5]
  .rodata             const    0x00003688     0xc  qhsm_dis.o [5]
  .rodata             const    0x00003694     0xc  qte_ctor.o [6]
  .rodata             const    0x000036a0     0xc  qmp_init.o [6]
  .text               ro code  0x000036ac     0xc  cstartup_M.o [7]
  .rodata             const    0x000036b8     0x8  display96x16x1.o [1]
  .rodata             const    0x000036c0     0x8  display96x16x1.o [1]
  .rodata             const    0x000036c8     0x8  display96x16x1.o [1]
  .rodata             const    0x000036d0     0x8  display96x16x1.o [1]
  .rodata             const    0x000036d8     0x8  tunnel.o [1]
  .rodata             const    0x000036e0     0x8  tunnel.o [1]
  .rodata             const    0x000036e8     0x8  tunnel.o [1]
  .rodata             const    0x000036f0     0x8  tunnel.o [1]
  .rodata             const    0x000036f8     0x8  tunnel.o [1]
  .rodata             const    0x00003700     0x8  tunnel.o [1]
  .rodata             const    0x00003708     0x8  qf_new.o [6]
  .rodata             const    0x00003710     0x8  qa_fifo.o [6]
  .rodata             const    0x00003718     0x8  qf_pool.o [6]
  .rodata             const    0x00003720     0x8  qa_sub.o [6]
  .rodata             const    0x00003728     0x8  qte_arm.o [6]
  .rodata             const    0x00003730     0x8  qf_gc.o [6]
  .rodata             const    0x00003738     0x8  qf_act.o [6]
  .rodata             const    0x00003740     0x8  qa_get_.o [6]
  .rodata             const    0x00003748     0x8  qep.o [5]
  .rodata             const    0x00003750     0x8  qmp_put.o [6]
  .rodata             const    0x00003758     0x4  bsp.o [1]
  .rodata             const    0x0000375c     0x4  bsp.o [1]
  .rodata             const    0x00003760     0x4  missile.o [1]
  .rodata             const    0x00003764     0x4  ship.o [1]
  .rodata             const    0x00003768     0x4  tunnel.o [1]
  .rodata             const    0x0000376c     0x4  tunnel.o [1]
  .rodata             const    0x00003770     0x4  tunnel.o [1]
  .rodata             const    0x00003774     0x4  tunnel.o [1]
  .rodata             const    0x00003778     0x4  tunnel.o [1]
  .rodata             const    0x0000377c     0x4  tunnel.o [1]
  .rodata             const    0x00003780     0x4  tunnel.o [1]
  .rodata             const    0x00003784     0x4  tunnel.o [1]
  .text               ro code  0x00003788     0x4  qhsm_top.o [5]
  .text               ro code  0x0000378c     0x0  cstart_call_dtors.o [7]
  .text               ro code  0x0000378c     0x0  cstart_clearlocks.o [7]
                             - 0x0000378c  0x369c

"P2", part 1 of 2:                          0x568
  .bss                zero     0x20000000   0x100  qf_act.o [6]
  .bss                zero     0x20000100    0xc0  tunnel.o [1]
  .bss                zero     0x200001c0    0xc0  tunnel.o [1]
  .bss                zero     0x20000280    0x88  tunnel.o [1]
  .bss                zero     0x20000308    0x44  main.o [1]
  .bss                zero     0x2000034c    0x40  main.o [1]
  .bss                zero     0x2000038c    0x40  qf_pool.o [6]
  .bss                zero     0x200003cc    0x3c  mine1.o [1]
  .bss                zero     0x20000408    0x3c  mine2.o [1]
  .bss                zero     0x20000444    0x34  main.o [1]
  .bss                zero     0x20000478    0x28  main.o [1]
  .bss                zero     0x200004a0    0x20  missile.o [1]
  .bss                zero     0x200004c0    0x20  ship.o [1]
  .bss                zero     0x200004e0    0x18  xsyslock.o [3]
  .bss                zero     0x200004f8     0xc  main.o [1]
  .bss                zero     0x20000504     0xc  qvanilla.o [6]
  .bss                zero     0x20000510     0x8  main.o [1]
  .bss                zero     0x20000518     0x8  qf_psini.o [6]
  .bss                zero     0x20000520     0x8  xxmemxmalloc.o [3]
  .bss                zero     0x20000528     0x4  bsp.o [1]
  .bss                zero     0x2000052c     0x4  bsp.o [1]
  .bss                zero     0x20000530     0x4  bsp.o [1]
  .bss                zero     0x20000534     0x4  display96x16x1.o [1]
  .bss                zero     0x20000538     0x4  mine1.o [1]
  .bss                zero     0x2000053c     0x4  mine1.o [1]
  .bss                zero     0x20000540     0x4  mine2.o [1]
  .bss                zero     0x20000544     0x4  mine2.o [1]
  .bss                zero     0x20000548     0x4  system_lm3s.o [1]
  .bss                zero     0x2000054c     0x4  tunnel.o [1]
  .bss                zero     0x20000550     0x4  qte_arm.o [6]
  .bss                zero     0x20000554     0x4  cppinit.o [3]
  .bss                zero     0x20000558     0x4  cppinit.o [3]
  .bss                zero     0x2000055c     0x1  bsp.o [1]
  .bss                zero     0x2000055d     0x1  display96x16x1.o [1]
  .bss                zero     0x2000055e     0x1  display96x16x1.o [1]
  .bss                zero     0x2000055f     0x1  mine1.o [1]
  .bss                zero     0x20000560     0x1  mine1.o [1]
  .bss                zero     0x20000561     0x1  mine1.o [1]
  .bss                zero     0x20000562     0x1  mine2.o [1]
  .bss                zero     0x20000563     0x1  mine2.o [1]
  .bss                zero     0x20000564     0x1  mine2.o [1]
  .bss                zero     0x20000565     0x1  qf_tick.o [6]
                             - 0x20000566   0x566

"P2", part 2 of 2:                          0x414
  .noinit             uninit   0x20000568   0x258  startup_ewarm.o [1]
  .iar.dynexit                 0x200007c0   0x1bc  <Block>
    .iar.dynexit      uninit   0x200007c0     0xc  cppinit.o [3]
    .iar.dynexit      uninit   0x200007cc   0x1b0  <Block tail>
                             - 0x2000097c   0x414


*******************************************************************************
*** INIT TABLE
***

          Address     Size
          -------     ----
Zero (__iar_zero_init3)
    1 destination range, total size 0x566:
          0x20000000  0x566

Extra (__iar_cstart_call_ctors)


*******************************************************************************
*** MODULE SUMMARY
***

    Module               ro code  ro data  rw data
    ------               -------  -------  -------
D:\software\qpcpp\examples\arm-cortex\vanilla\iar\game-ev-lm3s811-qm\dbg: [1]
    bsp.o                    920       88       13
    display96x16x1.o       1 352      704        6
    main.o                   168               244
    mine1.o                  696      108       71
    mine2.o                  716      108       71
    missile.o                404       24       32
    ship.o                   568       24       32
    startup_ewarm.o           18      240      600
    system_lm3s.o            676       92        4
    tunnel.o               3 168      364      524
    ----------------------------------------------
    Total:                 8 686    1 752    1 597

command line: [2]
    ----------------------------------------------
    Total:

dl7M_tln.a: [3]
    cppinit.o                136                20
    exit.o                     8
    low_level_init.o           4
    xmtx.o                     8
    xsyslock.o               144                24
    xxmemxfree.o             140
    xxmemxmalloc.o                               8
    ----------------------------------------------
    Total:                   440                52

dlpp7M_tl_ne.a: [4]
    cxxabi.o                  82
    delop_0.o                 12
    ----------------------------------------------
    Total:                    94

libqep_cortex-m3.a: [5]
    qep.o                               8
    qhsm_dis.o               382       12
    qhsm_ini.o               148       28
    qhsm_top.o                 4
    ----------------------------------------------
    Total:                   534       48

libqf_cortex-m3.a: [6]
    qa_fifo.o                140        8
    qa_get_.o                124        8
    qa_sub.o                  96        8
    qeq_init.o                18
    qf_act.o                  48        8      256
    qf_gc.o                   80        8
    qf_log2.o                         256
    qf_new.o                  92        8
    qf_pool.o                 96        8       64
    qf_psini.o                12                 8
    qf_pspub.o               152       12
    qf_pwr2.o                         204
    qf_tick.o                 96                 1
    qmp_get.o                 34
    qmp_init.o               148       12
    qmp_put.o                 56        8
    qte_arm.o                 64        8        4
    qte_ctor.o                48       12
    qte_darm.o                52
    qvanilla.o               184       12       12
    ----------------------------------------------
    Total:                 1 540      580      345

rt7M_tl.a: [7]
    ABImemcpy.o              112
    ABImemmove.o             120
    ABImemset.o              102
    cexit.o                   18
    cmain.o                   22
    cmain_call_ctors.o        32
    cstart_call_dtors.o
    cstart_clearlocks.o
    cstartup_M.o              12
    data_init3.o              44
    zero_init3.o              34
    ----------------------------------------------
    Total:                   496

shb_l.a: [8]
    exit.o                    20
    ----------------------------------------------
    Total:                    20

    Gaps                      10
    Linker created                     20      432
--------------------------------------------------
    Grand Total:          11 820    2 400    2 426


*******************************************************************************
*** ENTRY LIST
***

Entry                      Address   Size  Type      Object
-----                      -------   ----  ----      ------
.iar.dynexit$$Base      0x200007c0          --   Gb  - Linker created -
.iar.dynexit$$Limit     0x2000097c          --   Gb  - Linker created -
?main                   0x0000357d         Code  Gb  cmain.o [7]
ADCSeq3_IRQHandler      0x0000141f   0xe0  Code  Gb  bsp.o [1]
AO_Missile              0x00003760    0x4  Data  Gb  missile.o [1]
AO_Ship                 0x00003764    0x4  Data  Gb  ship.o [1]
AO_Tunnel               0x00003768    0x4  Data  Gb  tunnel.o [1]
BSP_displayOff()        0x0000163b    0x8  Code  Gb  bsp.o [1]
BSP_displayOn()         0x00001633    0x8  Code  Gb  bsp.o [1]
BSP_drawBitmap(unsigned char const *, unsigned char, unsigned char)
                        0x000015f7   0x22  Code  Gb  bsp.o [1]
BSP_drawNString(unsigned char, unsigned char, char const *)
                        0x00001619   0x18  Code  Gb  bsp.o [1]
BSP_init(int, char **)  0x000014ff   0xf8  Code  Gb  bsp.o [1]
BSP_updateScore(unsigned short)
                        0x00001631    0x2  Code  Gb  bsp.o [1]
Display96x16x1Clear     0x00001ff5   0x74  Code  Gb  display96x16x1.o [1]
Display96x16x1DisplayOff
                        0x00002455   0x28  Code  Gb  display96x16x1.o [1]
Display96x16x1DisplayOn
                        0x00002341   0x94  Code  Gb  display96x16x1.o [1]
Display96x16x1ImageDraw
                        0x0000212d   0x7a  Code  Gb  display96x16x1.o [1]
Display96x16x1Init      0x000021a7  0x19a  Code  Gb  display96x16x1.o [1]
Display96x16x1StringDraw
                        0x00002069   0xc4  Code  Gb  display96x16x1.o [1]
Display96x16x1WriteArray
                        0x00001f81   0x36  Code  Lc  display96x16x1.o [1]
Display96x16x1WriteByte
                        0x00001f57   0x2a  Code  Lc  display96x16x1.o [1]
Display96x16x1WriteFinal
                        0x00001fb7   0x3e  Code  Lc  display96x16x1.o [1]
Display96x16x1WriteFirst
                        0x00001f3d   0x1a  Code  Lc  display96x16x1.o [1]
DtorRecArray            0x200007c0    0xc  Data  Lc  cppinit.o [3]
HardFault_Handler       0x00001395   0x10  Code  Gb  startup_ewarm.o [1]
Mine1::Mine1()          0x00003461   0x1c  Code  Gb  mine1.o [1]
Mine1::exploding(Mine1*, QEvent const *)
                        0x00000eb3   0x72  Code  Gb  mine1.o [1]
Mine1::initial(Mine1*, QEvent const *)
                        0x00000d43   0x16  Code  Gb  mine1.o [1]
Mine1::planted(Mine1*, QEvent const *)
                        0x00000dbd   0xf6  Code  Gb  mine1.o [1]
Mine1::unused(Mine1*, QEvent const *)
                        0x00000d59   0x1e  Code  Gb  mine1.o [1]
Mine1::used(Mine1*, QEvent const *)
                        0x00000d77   0x46  Code  Gb  mine1.o [1]
Mine1::~Mine1()         0x000034af    0xe  Code  Gb  mine1.o [1]
Mine1::~Mine1() [deleting]
                        0x00003499   0x16  Code  Gb  mine1.o [1]
Mine1_getInst(unsigned char)
                        0x00000d25   0x1e  Code  Gb  mine1.o [1]
Mine2::Mine2()          0x0000347d   0x1c  Code  Gb  mine2.o [1]
Mine2::exploding(Mine2*, QEvent const *)
                        0x0000112b   0x72  Code  Gb  mine2.o [1]
Mine2::initial(Mine2*, QEvent const *)
                        0x00000fbb   0x16  Code  Gb  mine2.o [1]
Mine2::planted(Mine2*, QEvent const *)
                        0x00001035   0xf6  Code  Gb  mine2.o [1]
Mine2::unused(Mine2*, QEvent const *)
                        0x00000fd1   0x1e  Code  Gb  mine2.o [1]
Mine2::used(Mine2*, QEvent const *)
                        0x00000fef   0x46  Code  Gb  mine2.o [1]
Mine2::~Mine2()         0x000034d3    0xe  Code  Gb  mine2.o [1]
Mine2::~Mine2() [deleting]
                        0x000034bd   0x16  Code  Gb  mine2.o [1]
Mine2_getInst(unsigned char)
                        0x00000f9d   0x1e  Code  Gb  mine2.o [1]
MineEvt::MineEvt(unsigned char, unsigned char)
                        0x00001a9d    0xa  Code  Gb  mine2.o [1]
Missile::Missile()      0x00002d71   0x1c  Code  Gb  missile.o [1]
Missile::armed(Missile*, QEvent const *)
                        0x00002c45   0x1e  Code  Gb  missile.o [1]
Missile::exploding(Missile*, QEvent const *)
                        0x00002cd9   0x72  Code  Gb  missile.o [1]
Missile::flying(Missile*, QEvent const *)
                        0x00002c63   0x76  Code  Gb  missile.o [1]
Missile::initial(Missile*, QEvent const *)
                        0x00002c2f   0x16  Code  Gb  missile.o [1]
Missile::~Missile()     0x000034f7    0xe  Code  Gb  missile.o [1]
Missile::~Missile() [deleting]
                        0x000034e1   0x16  Code  Gb  missile.o [1]
NMI_Handler             0x00001393    0x2  Code  Gb  startup_ewarm.o [1]
NVIC_EnableIRQ(IRQn)    0x000013a5   0x18  Code  Lc  bsp.o [1]
NVIC_SetPriority(IRQn, int)
                        0x000013bd   0x22  Code  Lc  bsp.o [1]
QActive::QActive(unsigned char (*)(void *, QEvent const *))
                        0x00001a25   0x1c  Code  Gb  tunnel.o [1]
QActive::QActive(unsigned char (*)(void *, QEvent const *)) [subobject]
                        0x00000c9b    0xc  Code  Gb  tunnel.o [1]
QActive::get_()         0x00002585   0x48  Code  Gb  qa_get_.o [6]
QActive::postFIFO(QEvent const *)
                        0x000018ad   0x60  Code  Gb  qa_fifo.o [6]
QActive::start(unsigned char, QEvent const **, unsigned int, void *, unsigned int, QEvent const *)
                        0x0000194f   0x42  Code  Gb  qvanilla.o [6]
QActive::subscribe(unsigned char) const
                        0x000017d1   0x60  Code  Gb  qa_sub.o [6]
QActive::~QActive()     0x00003511    0xe  Code  Gb  tunnel.o [1]
QActive::~QActive() [deleting]
                        0x00003567   0x16  Code  Gb  tunnel.o [1]
QActive::~QActive() [subobject]
                        0x00003505    0xc  Code  Gb  tunnel.o [1]
QEP_reservedEvt_        0x00003748    0x8  Data  Gb  qep.o [5]
QEQueue::init(QEvent const **, unsigned char)
                        0x00002625   0x12  Code  Gb  qeq_init.o [6]
QF::active_             0x20000000  0x100  Data  Gb  qf_act.o [6]
QF::add_(QActive *)     0x00002639   0x26  Code  Gb  qf_act.o [6]
QF::gc(QEvent const *)  0x000025d5   0x50  Code  Gb  qf_gc.o [6]
QF::init()              0x0000190d    0x2  Code  Gb  qvanilla.o [6]
QF::new_(unsigned short, unsigned char)
                        0x00001a41   0x5c  Code  Gb  qf_new.o [6]
QF::onCleanup()         0x00001699    0x2  Code  Gb  bsp.o [1]
QF::onIdle()            0x0000169b   0x10  Code  Gb  bsp.o [1]
QF::onStartup()         0x00001643   0x56  Code  Gb  bsp.o [1]
QF::poolInit(void *, unsigned int, unsigned short)
                        0x00002f35   0x60  Code  Gb  qf_pool.o [6]
QF::psInit(QSubscrList *, unsigned char)
                        0x00002f95    0xc  Code  Gb  qf_psini.o [6]
QF::publish(QEvent const *)
                        0x00001bf9   0x98  Code  Gb  qf_pspub.o [6]
QF::run()               0x00001913   0x3c  Code  Gb  qvanilla.o [6]
QF::stop()              0x0000190f    0x4  Code  Gb  qvanilla.o [6]
QF::tick()              0x00001b99   0x60  Code  Gb  qf_tick.o [6]
QF_div8Lkup             0x00003384   0x44  Data  Gb  qf_pwr2.o [6]
QF_invPwr2Lkup          0x00003340   0x44  Data  Gb  qf_pwr2.o [6]
QF_log2Lkup             0x00002d8c  0x100  Data  Gb  qf_log2.o [6]
QF_maxPool_             0x2000038c    0x1  Data  Gb  qf_pool.o [6]
QF_maxSignal_           0x20000518    0x1  Data  Gb  qf_psini.o [6]
QF_pool_                0x20000390   0x3c  Data  Gb  qf_pool.o [6]
QF_pwr2Lkup             0x000032fc   0x44  Data  Gb  qf_pwr2.o [6]
QF_readySet_            0x20000504    0xc  Data  Gb  qvanilla.o [6]
QF_subscrList_          0x2000051c    0x4  Data  Gb  qf_psini.o [6]
QF_timeEvtListHead_     0x20000550    0x4  Data  Gb  qte_arm.o [6]
QHsm::QHsm(unsigned char (*)(void *, QEvent const *))
                        0x00002789    0xc  Code  Gb  tunnel.o [1]
QHsm::QHsm(unsigned char (*)(void *, QEvent const *)) [subobject]
                        0x00002669    0xc  Code  Gb  tunnel.o [1]
QHsm::dispatch(QEvent const *)
                        0x00001215  0x16a  Code  Gb  qhsm_dis.o [5]
QHsm::init(QEvent const *)
                        0x0000174d   0x76  Code  Gb  qhsm_ini.o [5]
QHsm::top(QHsm*, QEvent const *)
                        0x00003789    0x4  Code  Gb  qhsm_top.o [5]
QHsm::~QHsm()           0x0000174b    0x2  Code  Gb  qhsm_ini.o [5]
QHsm::~QHsm() [deleting]
                        0x0000173d    0xc  Code  Gb  qhsm_ini.o [5]
QHsm::~QHsm() [subobject]
                        0x00001749    0x2  Code  Gb  qhsm_ini.o [5]
QMPool::get()           0x00002675   0x22  Code  Gb  qmp_get.o [6]
QMPool::init(void *, unsigned int, unsigned short)
                        0x00002fa1   0x94  Code  Gb  qmp_init.o [6]
QMPool::put(void *)     0x00002751   0x38  Code  Gb  qmp_put.o [6]
QPSet64::findMax() volatile
                        0x0000255d   0x28  Code  Gb  qvanilla.o [6]
QPSet64::insert(unsigned char) volatile
                        0x00002531   0x2c  Code  Gb  qa_fifo.o [6]
QPSet64::remove(unsigned char) volatile
                        0x00002725   0x2c  Code  Gb  qa_get_.o [6]
QTimeEvt::QTimeEvt(unsigned char)
                        0x00000cc9   0x28  Code  Gb  qte_ctor.o [6]
QTimeEvt::arm_(QActive *, unsigned short)
                        0x000024f1   0x40  Code  Gb  qte_arm.o [6]
QTimeEvt::disarm()      0x00001879   0x34  Code  Gb  qte_darm.o [6]
QTimeEvt::postEvery(QActive *, unsigned short)
                        0x00001847   0x18  Code  Gb  tunnel.o [1]
QTimeEvt::postIn(QActive *, unsigned short)
                        0x0000185f   0x1a  Code  Gb  tunnel.o [1]
Q_onAssert              0x00001739    0x4  Code  Gb  bsp.o [1]
Region$$Table$$Base     0x0000342c          --   Gb  - Linker created -
Region$$Table$$Limit    0x00003440          --   Gb  - Linker created -
SHT$$INIT_ARRAY$$Base   0x000035c8          --   Gb  - Linker created -
SHT$$INIT_ARRAY$$Limit  0x000035dc          --   Gb  - Linker created -
SHT$$PREINIT_ARRAY$$Base
                        0x000035c8          --   Gb  - Linker created -
SHT$$PREINIT_ARRAY$$Limit
                        0x000035c8          --   Gb  - Linker created -
ScoreEvt::ScoreEvt(unsigned char, unsigned short)
                        0x00001aa7    0xa  Code  Gb  mine2.o [1]
Ship::Ship()            0x00002a1d   0x24  Code  Gb  ship.o [1]
Ship::active(Ship*, QEvent const *)
                        0x0000285d   0x2a  Code  Gb  ship.o [1]
Ship::exploding(Ship*, QEvent const *)
                        0x00002979   0x7c  Code  Gb  ship.o [1]
Ship::flying(Ship*, QEvent const *)
                        0x0000289d   0xdc  Code  Gb  ship.o [1]
Ship::initial(Ship*, QEvent const *)
                        0x0000283f   0x1e  Code  Gb  ship.o [1]
Ship::parked(Ship*, QEvent const *)
                        0x00002887   0x16  Code  Gb  ship.o [1]
Ship::~Ship()           0x00003535    0xe  Code  Gb  ship.o [1]
Ship::~Ship() [deleting]
                        0x0000351f   0x16  Code  Gb  ship.o [1]
SysCtlDelay             0x00001f35    0x8  Code  Gb  display96x16x1.o [1]
SysTick_Config(unsigned int)
                        0x000013df   0x32  Code  Lc  bsp.o [1]
SysTick_Handler         0x00001411    0xe  Code  Gb  bsp.o [1]
SystemFrequency         0x20000548    0x4  Data  Gb  system_lm3s.o [1]
SystemInit              0x00001c91  0x2a4  Code  Gb  system_lm3s.o [1]
Tunnel::Tunnel()        0x00000109   0x6e  Code  Gb  tunnel.o [1]
Tunnel::active(Tunnel*, QEvent const *)
                        0x00000557   0x50  Code  Gb  tunnel.o [1]
Tunnel::addImageAt(unsigned char, unsigned char, signed char)
                        0x0000034b   0xde  Code  Gb  tunnel.o [1]
Tunnel::advance()       0x00000177  0x106  Code  Gb  tunnel.o [1]
Tunnel::demo(Tunnel*, QEvent const *)
                        0x000005a7   0xdc  Code  Gb  tunnel.o [1]
Tunnel::dispatchToAllMines(QEvent const *)
                        0x00000429   0x30  Code  Gb  tunnel.o [1]
Tunnel::final(Tunnel*, QEvent const *)
                        0x00000a41   0x30  Code  Gb  tunnel.o [1]
Tunnel::game_over(Tunnel*, QEvent const *)
                        0x00000797   0xa0  Code  Gb  tunnel.o [1]
Tunnel::initial(Tunnel*, QEvent const *)
                        0x000004ff   0x58  Code  Gb  tunnel.o [1]
Tunnel::isWallHit(unsigned char, unsigned char, unsigned char)
                        0x00000459   0xa6  Code  Gb  tunnel.o [1]
Tunnel::plantMine()     0x0000027d   0xce  Code  Gb  tunnel.o [1]
Tunnel::playing(Tunnel*, QEvent const *)
                        0x00000837  0x20a  Code  Gb  tunnel.o [1]
Tunnel::screen_saver(Tunnel*, QEvent const *)
                        0x00000683   0x2a  Code  Gb  tunnel.o [1]
Tunnel::screen_saver_hide(Tunnel*, QEvent const *)
                        0x000006ad   0x4e  Code  Gb  tunnel.o [1]
Tunnel::screen_saver_show(Tunnel*, QEvent const *)
                        0x000006fb   0x9c  Code  Gb  tunnel.o [1]
Tunnel::~Tunnel()       0x00003559    0xe  Code  Gb  tunnel.o [1]
Tunnel::~Tunnel() [deleting]
                        0x00003543   0x16  Code  Gb  tunnel.o [1]
Virtual function table for Mine1
                        0x000035dc   0x10  Data  Gb  mine1.o [1]
Virtual function table for Mine2
                        0x000035ec   0x10  Data  Gb  mine2.o [1]
Virtual function table for Missile
                        0x000035fc   0x10  Data  Gb  missile.o [1]
Virtual function table for QActive
                        0x0000361c   0x10  Data  Gb  tunnel.o [1]
Virtual function table for QHsm
                        0x0000363c   0x10  Data  Gb  qhsm_ini.o [5]
Virtual function table for Ship
                        0x0000360c   0x10  Data  Gb  ship.o [1]
Virtual function table for Tunnel
                        0x0000362c   0x10  Data  Gb  tunnel.o [1]
__aeabi_atexit          0x00000c8b    0xa  Code  Gb  cxxabi.o [4]
__aeabi_memcpy          0x00001b29         Code  Gb  ABImemcpy.o [7]
__aeabi_memcpy4         0x00001b43         Code  Gb  ABImemcpy.o [7]
__aeabi_memcpy8         0x00001b43         Code  Gb  ABImemcpy.o [7]
__aeabi_memmove         0x00001ab1         Code  Gb  ABImemmove.o [7]
__aeabi_memmove4        0x00001ab1         Code  Gb  ABImemmove.o [7]
__aeabi_memmove8        0x00001ab1         Code  Gb  ABImemmove.o [7]
__aeabi_memset          0x00002489         Code  Gb  ABImemset.o [7]
__aeabi_vec_ctor_nocookie_nodtor
                        0x00000c49   0x22  Code  Gb  cxxabi.o [4]
__aeabi_vec_dtor        0x00000c6b   0x20  Code  Gb  cxxabi.o [4]
__call_ctors            0x0000199d   0x18  Code  Gb  cppinit.o [3]
__call_dtors            0x000019e1    0x2  Code  Gb  cppinit.o [3]
__cexit_call_dtors      0x000035a3         Code  Gb  cexit.o [7]
__cexit_clearlocks      0x000035a7         Code  Gb  cexit.o [7]
__cmain                 0x0000357d         Code  Gb  cmain.o [7]
__cstart_call_dtors     0x0000378d         Code  Gb  cstart_call_dtors.o [7]
__cstart_clearlocks     0x0000378d         Code  Gb  cstart_clearlocks.o [7]
__cxa_atexit            0x000019b5   0x2c  Code  Gb  cppinit.o [3]
__cxa_finalize          0x000019e3   0x36  Code  Gb  cppinit.o [3]
__data_Aldata           0x20000520    0x8  Data  Gb  xxmemxmalloc.o [3]
__dso_handle            0x20000558    0x4  Data  Gb  cppinit.o [3]
__exit                  0x000035b5   0x14  Code  Gb  exit.o [8]
__iar_Locksyslock       0x000027c5   0x44  Code  Gb  xsyslock.o [3]
__iar_Memset            0x00002489         Code  Gb  ABImemset.o [7]
__iar_Memset_word       0x00002491         Code  Gb  ABImemset.o [7]
__iar_Unlocksyslock     0x00002809   0x16  Code  Gb  xsyslock.o [3]
__iar_clearlocks        0x00002795   0x30  Code  Gb  xsyslock.o [3]
__iar_cstart_call_ctors
                        0x00003441   0x20  Code  Gb  cmain_call_ctors.o [7]
__iar_data_init3        0x00003401   0x2c  Code  Gb  data_init3.o [7]
__iar_program_start     0x000036ad         Code  Gb  cstartup_M.o [7]
__iar_system_Mtxdst     0x00002827    0x2  Code  Gb  xmtx.o [3]
__iar_system_Mtxinit    0x00002825    0x2  Code  Gb  xmtx.o [3]
__iar_system_Mtxlock    0x00002829    0x2  Code  Gb  xmtx.o [3]
__iar_system_Mtxunlock  0x0000282b    0x2  Code  Gb  xmtx.o [3]
__iar_zero_init3        0x00000ca7   0x22  Code  Gb  zero_init3.o [7]
__low_level_init        0x00003593    0x4  Code  Gb  low_level_init.o [3]
__sti__routine          0x00000cf9   0x1a  Code  Lc  mine1.o [1]
__sti__routine          0x00000f71   0x1a  Code  Lc  mine2.o [1]
__sti__routine          0x00002c1d   0x12  Code  Lc  missile.o [1]
__sti__routine          0x0000282d   0x12  Code  Lc  ship.o [1]
__sti__routine          0x000000f1   0x18  Code  Lc  tunnel.o [1]
__vector_table          0x00000000   0xf0  Data  Gb  startup_ewarm.o [1]
_call_main              0x00003589         Code  Gb  cmain.o [7]
_exit                   0x000035a1         Code  Gb  cexit.o [7]
_main                   0x0000358f         Code  Gb  cmain.o [7]
do_bitmaps_overlap(unsigned char, unsigned char, unsigned char, unsigned char, unsigned char, unsigned char)
                        0x00000a8b  0x148  Code  Gb  tunnel.o [1]
exit                    0x00003597    0x8  Code  Gb  exit.o [3]
explosion0_bits         0x000036e8    0x8  Data  Lc  tunnel.o [1]
explosion1_bits         0x000036f0    0x8  Data  Lc  tunnel.o [1]
explosion2_bits         0x000036f8    0x8  Data  Lc  tunnel.o [1]
explosion3_bits         0x00003700    0x8  Data  Lc  tunnel.o [1]
free                    0x00002699   0x86  Code  Gb  xxmemxfree.o [3]
g_pucFont               0x00002a40  0x1dc  Data  Lc  display96x16x1.o [1]
g_pucOSRAMInit          0x00003034   0x74  Data  Lc  display96x16x1.o [1]
g_pucOSRAMRow1          0x000036b8    0x8  Data  Lc  display96x16x1.o [1]
g_pucOSRAMRow2          0x000036c0    0x8  Data  Lc  display96x16x1.o [1]
g_pucRITInit            0x0000325c   0x50  Data  Lc  display96x16x1.o [1]
g_pucRITRow1            0x000036c8    0x8  Data  Lc  display96x16x1.o [1]
g_pucRITRow2            0x000036d0    0x8  Data  Lc  display96x16x1.o [1]
g_ucColumnAdjust        0x2000055e    0x1  Data  Lc  display96x16x1.o [1]
g_ucDisplayIsRIT        0x2000055d    0x1  Data  Lc  display96x16x1.o [1]
g_ulDelay               0x20000534    0x4  Data  Lc  display96x16x1.o [1]
l_bitmap                0x000032ac   0x50  Data  Lc  tunnel.o [1]
l_frame                 0x200001c0   0xc0  Data  Lc  tunnel.o [1]
l_medPoolSto            0x20000308   0x44  Data  Lc  main.o [1]
l_mine1                 0x200003cc   0x3c  Data  Lc  mine1.o [1]
l_mine2                 0x20000408   0x3c  Data  Lc  mine2.o [1]
l_missile               0x200004a0   0x20  Data  Lc  missile.o [1]
l_missileQueueSto       0x20000510    0x8  Data  Lc  main.o [1]
l_pulXtals              0x000030a8   0x5c  Data  Lc  system_lm3s.o [1]
l_rnd                   0x2000054c    0x4  Data  Lc  tunnel.o [1]
l_ship                  0x200004c0   0x20  Data  Lc  ship.o [1]
l_shipQueueSto          0x200004f8    0xc  Data  Lc  main.o [1]
l_smlPoolSto            0x20000444   0x34  Data  Lc  main.o [1]
l_subscrSto             0x2000034c   0x40  Data  Lc  main.o [1]
l_this_file             0x0000320c   0x50  Data  Lc  bsp.o [1]
l_this_file             0x00003104   0x58  Data  Lc  mine1.o [1]
l_this_file             0x0000315c   0x58  Data  Lc  mine2.o [1]
l_this_file             0x000031b4   0x58  Data  Lc  tunnel.o [1]
l_this_file             0x00003708    0x8  Data  Lc  qf_new.o [6]
l_this_file             0x00003664    0xc  Data  Lc  qf_pspub.o [6]
l_this_file             0x00003710    0x8  Data  Lc  qa_fifo.o [6]
l_this_file             0x00003670    0xc  Data  Lc  qvanilla.o [6]
l_this_file             0x00003718    0x8  Data  Lc  qf_pool.o [6]
l_this_file             0x0000367c    0xc  Data  Lc  qhsm_ini.o [5]
l_this_file             0x00003720    0x8  Data  Lc  qa_sub.o [6]
l_this_file             0x00003688    0xc  Data  Lc  qhsm_dis.o [5]
l_this_file             0x00003728    0x8  Data  Lc  qte_arm.o [6]
l_this_file             0x00003694    0xc  Data  Lc  qte_ctor.o [6]
l_this_file             0x00003730    0x8  Data  Lc  qf_gc.o [6]
l_this_file             0x00003738    0x8  Data  Lc  qf_act.o [6]
l_this_file             0x00003740    0x8  Data  Lc  qa_get_.o [6]
l_this_file             0x000036a0    0xc  Data  Lc  qmp_init.o [6]
l_this_file             0x00003750    0x8  Data  Lc  qmp_put.o [6]
l_tunnel                0x20000280   0x88  Data  Lc  tunnel.o [1]
l_tunnelQueueSto        0x20000478   0x28  Data  Lc  main.o [1]
l_walls                 0x20000100   0xc0  Data  Lc  tunnel.o [1]
main                    0x00002e8d   0xa8  Code  Gb  main.o [1]
memcpy                  0x000011ff   0x16  Code  Gb  tunnel.o [1]
memmove                 0x000011e9   0x16  Code  Gb  tunnel.o [1]
memset                  0x00001831   0x16  Code  Gb  tunnel.o [1]
mine1_bits              0x00003770    0x4  Data  Lc  tunnel.o [1]
mine2_bits              0x00003774    0x4  Data  Lc  tunnel.o [1]
mine2_missile_bits      0x00003778    0x4  Data  Lc  tunnel.o [1]
missile_bits            0x0000376c    0x4  Data  Lc  tunnel.o [1]
mtx                     0x200004e4   0x14  Data  Lc  xsyslock.o [3]
next_abi_dtor_rec       0x20000554    0x4  Data  Lc  cppinit.o [3]
operator delete (void *)
                        0x0000247d    0xc  Code  Gb  delop_0.o [4]
press_button_bits       0x000033c8   0x38  Data  Lc  tunnel.o [1]
pulStack                0x20000568  0x258  Data  Lc  startup_ewarm.o [1]
random()                0x00000a71   0x14  Code  Lc  tunnel.o [1]
randomSeed(unsigned int)
                        0x00000a85    0x6  Code  Lc  tunnel.o [1]
ship_bits               0x000036e0    0x8  Data  Lc  tunnel.o [1]
syslock_o               0x200004e0    0x4  Data  Lc  xsyslock.o [3]


[1] = D:\software\qpcpp\examples\arm-cortex\vanilla\iar\game-ev-lm3s811-qm\dbg
[2] = command line
[3] = dl7M_tln.a
[4] = dlpp7M_tl_ne.a
[5] = libqep_cortex-m3.a
[6] = libqf_cortex-m3.a
[7] = rt7M_tl.a
[8] = shb_l.a

  11 820 bytes of readonly  code memory
   2 400 bytes of readonly  data memory
   2 426 bytes of readwrite data memory

Errors: none
Warnings: none
