###############################################################################
#                                                                             #
# IAR ELF Linker V6.10.2.52244/W32 for ARM              07/Jan/2011  21:46:31 #
# Copyright 2007-2010 IAR Systems AB.                                         #
#                                                                             #
#    Output file  =  D:\software\qpcpp\examples\arm-cortex\qk\iar\game-qk-ev- #
#                    lm3s811\dbg\game-qk.out                                  #
#    Map file     =  D:\software\qpcpp\examples\arm-cortex\qk\iar\game-qk-ev- #
#                    lm3s811\dbg\game-qk.map                                  #
#    Command line =  D:\software\qpcpp\examples\arm-cortex\qk\iar\game-qk-ev- #
#                    lm3s811\dbg\bsp.o D:\software\qpcpp\examples\arm-cortex\ #
#                    qk\iar\game-qk-ev-lm3s811\dbg\core_cm3.o                 #
#                    D:\software\qpcpp\examples\arm-cortex\qk\iar\game-qk-ev- #
#                    lm3s811\dbg\display96x16x1.o                             #
#                    D:\software\qpcpp\examples\arm-cortex\qk\iar\game-qk-ev- #
#                    lm3s811\dbg\main.o D:\software\qpcpp\examples\arm-cortex #
#                    \qk\iar\game-qk-ev-lm3s811\dbg\mine1.o                   #
#                    D:\software\qpcpp\examples\arm-cortex\qk\iar\game-qk-ev- #
#                    lm3s811\dbg\mine2.o D:\software\qpcpp\examples\arm-corte #
#                    x\qk\iar\game-qk-ev-lm3s811\dbg\missile.o                #
#                    D:\software\qpcpp\examples\arm-cortex\qk\iar\game-qk-ev- #
#                    lm3s811\dbg\ship.o D:\software\qpcpp\examples\arm-cortex #
#                    \qk\iar\game-qk-ev-lm3s811\dbg\startup_ewarm.o           #
#                    D:\software\qpcpp\examples\arm-cortex\qk\iar\game-qk-ev- #
#                    lm3s811\dbg\system_lm3s.o D:\software\qpcpp\examples\arm #
#                    -cortex\qk\iar\game-qk-ev-lm3s811\dbg\tunnel.o           #
#                    D:\software\qpcpp\ports\arm-cortex\qk\iar\dbg\libqep_cor #
#                    tex-m3.a D:\software\qpcpp\ports\arm-cortex\qk\iar\dbg\l #
#                    ibqf_cortex-m3.a D:\software\qpcpp\ports\arm-cortex\qk\i #
#                    ar\dbg\libqk_cortex-m3.a --redirect _Printf=_PrintfTiny  #
#                    --redirect _Scanf=_ScanfSmall -o                         #
#                    D:\software\qpcpp\examples\arm-cortex\qk\iar\game-qk-ev- #
#                    lm3s811\dbg\game-qk.out --map                            #
#                    D:\software\qpcpp\examples\arm-cortex\qk\iar\game-qk-ev- #
#                    lm3s811\dbg\game-qk.map --config                         #
#                    D:\software\qpcpp\examples\arm-cortex\qk\iar\game-qk-ev- #
#                    lm3s811\lm3s811.icf --semihosting --entry                #
#                    __iar_program_start                                      #
#                                                                             #
#                                                                             #
###############################################################################

*******************************************************************************
*** RUNTIME MODEL ATTRIBUTES
***

CppFlavor       = *
__CPP_Language  = EC++
__Heap_Handler  = Basic
__SystemLibrary = DLib


*******************************************************************************
*** PLACEMENT SUMMARY
***

"A1":  place at start of [0x00000000-0x0000ffff] { ro section .intvec };
"P1":  place in [from 0x00000000 to 0x0000ffff] { ro };
"P2":  place in [from 0x20000000 to 0x20001fff] { rw, block HEAP };

  Section             Kind        Address    Size  Object
  -------             ----        -------    ----  ------
"A1":                                        0xf0
  .intvec             const    0x00000000    0xf0  startup_ewarm.o [1]
                             - 0x000000f0    0xf0

"P1":                                      0x3728
  .text               ro code  0x000000f0   0xb30  tunnel.o [1]
  .text               ro code  0x00000c20    0x52  cxxabi.o [4]
  .text               ro code  0x00000c72     0xc  tunnel.o [1]
  .text               ro code  0x00000c7e    0x2e  copy_init3.o [8]
  .text               ro code  0x00000cac    0x30  qte_ctor.o [6]
  .text               ro code  0x00000cdc   0x290  mine1.o [1]
  .text               ro code  0x00000f6c   0x290  mine2.o [1]
  .text               ro code  0x000011fc    0x94  qhsm_ini.o [5]
  .text               ro code  0x00001290    0x60  qa_sub.o [6]
  .text               ro code  0x000012f0    0x16  tunnel.o [1]
  .text               ro code  0x00001306    0x22  zero_init3.o [8]
  .text               ro code  0x00001328   0x3f0  bsp.o [1]
  .text               ro code  0x00001718    0x80  qk.o [7]
  .text               ro code  0x00001798    0x18  tunnel.o [1]
  .text               ro code  0x000017b0    0x1a  tunnel.o [1]
  .text               ro code  0x000017ca    0x12  startup_ewarm.o [1]
  .text               ro code  0x000017dc    0x34  qte_darm.o [6]
  .text               ro code  0x00001810    0x70  qa_fifo.o [6]
  .text               ro code  0x00001880    0x16  tunnel.o [1]
  .text               ro code  0x00001896    0x16  tunnel.o [1]
  .text               ro code  0x000018ac   0x17e  qhsm_dis.o [5]
  .text               ro code  0x00001a2c    0x88  cppinit.o [3]
  .text               ro code  0x00001ab4    0x1c  tunnel.o [1]
  .text               ro code  0x00001ad0    0x5c  qf_new.o [6]
  .text               ro code  0x00001b2c     0xa  mine2.o [1]
  .text               ro code  0x00001b36     0xa  mine2.o [1]
  .text               ro code  0x00001b40     0xc  delop_0.o [4]
  .text               ro code  0x00001b4c    0x66  ABImemset.o [8]
  .text               ro code  0x00001bb4    0x60  qf_tick.o [6]
  .text               ro code  0x00001c14    0x98  qf_pspub.o [6]
  .text               ro code  0x00001cac   0x23c  system_lm3s.o [1]
  .text               ro code  0x00001ee8   0x548  display96x16x1.o [1]
  CODE                ro code  0x00002430    0x54  qk_port.o [7]
  .text               ro code  0x00002484    0x84  qk_sched.o [7]
  .text               ro code  0x00002508    0x12  qeq_init.o [6]
  .text               ro code  0x0000251c    0x30  qf_act.o [6]
  .text               ro code  0x0000254c    0x40  qte_arm.o [6]
  .text               ro code  0x0000258c    0x2c  qa_fifo.o [6]
  .text               ro code  0x000025b8    0x78  ABImemmove.o [8]
  .text               ro code  0x00002630    0x70  ABImemcpy.o [8]
  .text               ro code  0x000026a0     0xc  tunnel.o [1]
  .text               ro code  0x000026ac    0x22  qmp_get.o [6]
  .text               ro code  0x000026d0    0x8c  xxmemxfree.o [3]
  .text               ro code  0x0000275c    0x50  qf_gc.o [6]
  .text               ro code  0x000027ac    0x28  qk_sched.o [7]
  .text               ro code  0x000027d4    0x50  qa_get_.o [6]
  .text               ro code  0x00002824     0xc  tunnel.o [1]
  .text               ro code  0x00002830    0x90  xsyslock.o [3]
  .text               ro code  0x000028c0    0x38  qmp_put.o [6]
  .text               ro code  0x000028f8    0x2c  qa_get_.o [6]
  .text               ro code  0x00002924     0x8  xmtx.o [3]
  .text               ro code  0x0000292c   0x1e8  ship.o [1]
  .text               ro code  0x00002b14    0x24  ship.o [1]
  .rodata             const    0x00002b38   0x1dc  display96x16x1.o [1]
  .text               ro code  0x00002d14   0x154  missile.o [1]
  .text               ro code  0x00002e68    0x1c  missile.o [1]
  .rodata             const    0x00002e84   0x100  qf_log2.o [6]
  .text               ro code  0x00002f84    0xa8  main.o [1]
  .text               ro code  0x0000302c    0x60  qf_pool.o [6]
  .text               ro code  0x0000308c     0xc  qf_psini.o [6]
  .text               ro code  0x00003098    0x94  qmp_init.o [6]
  .rodata             const    0x0000312c    0x74  display96x16x1.o [1]
  .rodata             const    0x000031a0    0x50  display96x16x1.o [1]
  .rodata             const    0x000031f0    0x50  tunnel.o [1]
  .rodata             const    0x00003240    0x4c  mine1.o [1]
  .rodata             const    0x0000328c    0x4c  mine2.o [1]
  .rodata             const    0x000032d8    0x4c  tunnel.o [1]
  .rodata             const    0x00003324    0x48  bsp.o [1]
  .rodata             const    0x0000336c    0x44  qf_pwr2.o [6]
  .rodata             const    0x000033b0    0x44  qf_pwr2.o [6]
  .rodata             const    0x000033f4    0x44  qf_pwr2.o [6]
  .rodata             const    0x00003438    0x38  tunnel.o [1]
  .text               ro code  0x00003470    0x2c  data_init3.o [8]
  .iar.init_table     const    0x0000349c    0x28  - Linker created -
  .text               ro code  0x000034c4    0x20  cmain_call_ctors.o [8]
  .text               ro code  0x000034e4    0x1c  mine1.o [1]
  .text               ro code  0x00003500    0x1c  mine2.o [1]
  .text               ro code  0x0000351c    0x16  mine1.o [1]
  .text               ro code  0x00003532     0xe  mine1.o [1]
  .text               ro code  0x00003540    0x16  mine2.o [1]
  .text               ro code  0x00003556     0xe  mine2.o [1]
  .text               ro code  0x00003564    0x16  missile.o [1]
  .text               ro code  0x0000357a     0xe  missile.o [1]
  .text               ro code  0x00003588     0xc  tunnel.o [1]
  .text               ro code  0x00003594     0xe  tunnel.o [1]
  .text               ro code  0x000035a2    0x16  ship.o [1]
  .text               ro code  0x000035b8     0xe  ship.o [1]
  .text               ro code  0x000035c6    0x16  tunnel.o [1]
  .text               ro code  0x000035dc     0xe  tunnel.o [1]
  .text               ro code  0x000035ea    0x16  tunnel.o [1]
  .text               ro code  0x00003600    0x16  cmain.o [8]
  .text               ro code  0x00003616     0x4  low_level_init.o [3]
  .text               ro code  0x0000361a     0x8  exit.o [3]
  .text               ro code  0x00003624    0x12  cexit.o [8]
  .text               ro code  0x00003638    0x14  exit.o [9]
  SHT$$PREINIT_ARRAY           0x0000364c     0x0  <Block>
  SHT$$INIT_ARRAY              0x0000364c    0x14  <Block>
    .init_array       const    0x0000364c     0x4  mine1.o [1]
    .init_array       const    0x00003650     0x4  mine2.o [1]
    .init_array       const    0x00003654     0x4  missile.o [1]
    .init_array       const    0x00003658     0x4  ship.o [1]
    .init_array       const    0x0000365c     0x4  tunnel.o [1]
  .rodata             const    0x00003660    0x10  mine1.o [1]
  .rodata             const    0x00003670    0x10  mine2.o [1]
  .rodata             const    0x00003680    0x10  missile.o [1]
  .rodata             const    0x00003690    0x10  ship.o [1]
  .rodata             const    0x000036a0    0x10  tunnel.o [1]
  .rodata             const    0x000036b0    0x10  tunnel.o [1]
  .rodata             const    0x000036c0    0x10  qhsm_ini.o [5]
  .rodata             const    0x000036d0     0xc  tunnel.o [1]
  .rodata             const    0x000036dc     0xc  tunnel.o [1]
  .rodata             const    0x000036e8     0xc  qf_pspub.o [6]
  .rodata             const    0x000036f4     0xc  qhsm_ini.o [5]
  .rodata             const    0x00003700     0xc  qhsm_dis.o [5]
  .rodata             const    0x0000370c     0xc  qte_ctor.o [6]
  .rodata             const    0x00003718     0xc  qk_sched.o [7]
  .rodata             const    0x00003724     0xc  qmp_init.o [6]
  .text               ro code  0x00003730     0xc  cstartup_M.o [8]
  .rodata             const    0x0000373c     0x8  display96x16x1.o [1]
  .rodata             const    0x00003744     0x8  display96x16x1.o [1]
  .rodata             const    0x0000374c     0x8  display96x16x1.o [1]
  .rodata             const    0x00003754     0x8  display96x16x1.o [1]
  .rodata             const    0x0000375c     0x8  tunnel.o [1]
  .rodata             const    0x00003764     0x8  tunnel.o [1]
  .rodata             const    0x0000376c     0x8  tunnel.o [1]
  .rodata             const    0x00003774     0x8  tunnel.o [1]
  .rodata             const    0x0000377c     0x8  tunnel.o [1]
  .rodata             const    0x00003784     0x8  tunnel.o [1]
  .rodata             const    0x0000378c     0x8  qf_new.o [6]
  .rodata             const    0x00003794     0x8  qa_fifo.o [6]
  .rodata             const    0x0000379c     0x8  qf_pool.o [6]
  .rodata             const    0x000037a4     0x8  qa_sub.o [6]
  .rodata             const    0x000037ac     0x8  qte_arm.o [6]
  .rodata             const    0x000037b4     0x8  qf_act.o [6]
  .rodata             const    0x000037bc     0x8  qf_gc.o [6]
  .rodata             const    0x000037c4     0x8  qep.o [5]
  .rodata             const    0x000037cc     0x8  qa_get_.o [6]
  .rodata             const    0x000037d4     0x8  qmp_put.o [6]
  .rodata             const    0x000037dc     0x4  bsp.o [1]
  .rodata             const    0x000037e0     0x4  bsp.o [1]
  .rodata             const    0x000037e4     0x4  missile.o [1]
  .rodata             const    0x000037e8     0x4  ship.o [1]
  .rodata             const    0x000037ec     0x4  tunnel.o [1]
  .rodata             const    0x000037f0     0x4  tunnel.o [1]
  .rodata             const    0x000037f4     0x4  tunnel.o [1]
  .rodata             const    0x000037f8     0x4  tunnel.o [1]
  .rodata             const    0x000037fc     0x4  tunnel.o [1]
  .rodata             const    0x00003800     0x4  tunnel.o [1]
  .rodata             const    0x00003804     0x4  tunnel.o [1]
  .rodata             const    0x00003808     0x4  qk.o [7]
  .text               ro code  0x0000380c     0x4  qhsm_top.o [5]
  .text               ro code  0x00003810     0x0  cstart_call_dtors.o [8]
  .text               ro code  0x00003810     0x0  cstart_clearlocks.o [8]
  Initializer bytes   ro data  0x00003810     0x8  <for P2 s0>
                             - 0x00003818  0x3728

"P2", part 1 of 3:                            0x8
  P2 s0                        0x20000000     0x8  <Init block>
    .data             inited   0x20000000     0x4  system_lm3s.o [1]
    .data             inited   0x20000004     0x1  qk.o [7]
                             - 0x20000008     0x8

"P2", part 2 of 3:                          0x564
  .bss                zero     0x20000008   0x100  qf_act.o [6]
  .bss                zero     0x20000108    0xc0  tunnel.o [1]
  .bss                zero     0x200001c8    0xc0  tunnel.o [1]
  .bss                zero     0x20000288    0x88  tunnel.o [1]
  .bss                zero     0x20000310    0x44  main.o [1]
  .bss                zero     0x20000354    0x40  main.o [1]
  .bss                zero     0x20000394    0x40  qf_pool.o [6]
  .bss                zero     0x200003d4    0x3c  mine1.o [1]
  .bss                zero     0x20000410    0x3c  mine2.o [1]
  .bss                zero     0x2000044c    0x34  main.o [1]
  .bss                zero     0x20000480    0x28  main.o [1]
  .bss                zero     0x200004a8    0x20  missile.o [1]
  .bss                zero     0x200004c8    0x20  ship.o [1]
  .bss                zero     0x200004e8    0x18  xsyslock.o [3]
  .bss                zero     0x20000500     0xc  main.o [1]
  .bss                zero     0x2000050c     0xc  qk.o [7]
  .bss                zero     0x20000518     0x8  main.o [1]
  .bss                zero     0x20000520     0x8  qf_psini.o [6]
  .bss                zero     0x20000528     0x8  xxmemxmalloc.o [3]
  .bss                zero     0x20000530     0x4  bsp.o [1]
  .bss                zero     0x20000534     0x4  bsp.o [1]
  .bss                zero     0x20000538     0x4  bsp.o [1]
  .bss                zero     0x2000053c     0x4  display96x16x1.o [1]
  .bss                zero     0x20000540     0x4  mine1.o [1]
  .bss                zero     0x20000544     0x4  mine1.o [1]
  .bss                zero     0x20000548     0x4  mine2.o [1]
  .bss                zero     0x2000054c     0x4  mine2.o [1]
  .bss                zero     0x20000550     0x4  tunnel.o [1]
  .bss                zero     0x20000554     0x4  qte_arm.o [6]
  .bss                zero     0x20000558     0x4  cppinit.o [3]
  .bss                zero     0x2000055c     0x4  cppinit.o [3]
  .bss                zero     0x20000560     0x1  bsp.o [1]
  .bss                zero     0x20000561     0x1  display96x16x1.o [1]
  .bss                zero     0x20000562     0x1  display96x16x1.o [1]
  .bss                zero     0x20000563     0x1  mine1.o [1]
  .bss                zero     0x20000564     0x1  mine1.o [1]
  .bss                zero     0x20000565     0x1  mine1.o [1]
  .bss                zero     0x20000566     0x1  mine2.o [1]
  .bss                zero     0x20000567     0x1  mine2.o [1]
  .bss                zero     0x20000568     0x1  mine2.o [1]
  .bss                zero     0x20000569     0x1  qk.o [7]
  .bss                zero     0x2000056a     0x1  qf_tick.o [6]
  .bss                zero     0x2000056b     0x1  qk_mutex.o [7]
                             - 0x2000056c   0x564

"P2", part 3 of 3:                          0x414
  .noinit             uninit   0x2000056c   0x258  startup_ewarm.o [1]
  .iar.dynexit                 0x200007c4   0x1bc  <Block>
    .iar.dynexit      uninit   0x200007c4     0xc  cppinit.o [3]
    .iar.dynexit      uninit   0x200007d0   0x1b0  <Block tail>
                             - 0x20000980   0x414


*******************************************************************************
*** INIT TABLE
***

          Address     Size
          -------     ----
Zero (__iar_zero_init3)
    1 destination range, total size 0x564:
          0x20000008  0x564

Copy (__iar_copy_init3)
    1 source range, total size 0x8 (160% of destination):
          0x00003810    0x8
    1 destination range, total size 0x5:
          0x20000000    0x5

Extra (__iar_cstart_call_ctors)


*******************************************************************************
*** MODULE SUMMARY
***

    Module               ro code  ro data  rw data
    ------               -------  -------  -------
D:\software\qpcpp\examples\arm-cortex\qk\iar\game-qk-ev-lm3s811\dbg: [1]
    bsp.o                  1 008       80       13
    display96x16x1.o       1 352      704        6
    main.o                   168               244
    mine1.o                  720       96       71
    mine2.o                  740       96       71
    missile.o                404       24       32
    ship.o                   560       24       32
    startup_ewarm.o           18      240      600
    system_lm3s.o            572        4        4
    tunnel.o               3 128      348      524
    ----------------------------------------------
    Total:                 8 670    1 616    1 597

command line: [2]
    ----------------------------------------------
    Total:

dl7M_tln.a: [3]
    cppinit.o                136                20
    exit.o                     8
    low_level_init.o           4
    xmtx.o                     8
    xsyslock.o               144                24
    xxmemxfree.o             140
    xxmemxmalloc.o                               8
    ----------------------------------------------
    Total:                   440                52

dlpp7M_tl_ne.a: [4]
    cxxabi.o                  82
    delop_0.o                 12
    ----------------------------------------------
    Total:                    94

libqep_cortex-m3.a: [5]
    qep.o                               8
    qhsm_dis.o               382       12
    qhsm_ini.o               148       28
    qhsm_top.o                 4
    ----------------------------------------------
    Total:                   534       48

libqf_cortex-m3.a: [6]
    qa_fifo.o                156        8
    qa_get_.o                124        8
    qa_sub.o                  96        8
    qeq_init.o                18
    qf_act.o                  48        8      256
    qf_gc.o                   80        8
    qf_log2.o                         256
    qf_new.o                  92        8
    qf_pool.o                 96        8       64
    qf_psini.o                12                 8
    qf_pspub.o               152       12
    qf_pwr2.o                         204
    qf_tick.o                 96                 1
    qmp_get.o                 34
    qmp_init.o               148       12
    qmp_put.o                 56        8
    qte_arm.o                 64        8        4
    qte_ctor.o                48       12
    qte_darm.o                52
    ----------------------------------------------
    Total:                 1 372      568      333

libqk_cortex-m3.a: [7]
    qk.o                     128        5       14
    qk_mutex.o                                   1
    qk_port.o                 84
    qk_sched.o               172       12
    ----------------------------------------------
    Total:                   384       17       15

rt7M_tl.a: [8]
    ABImemcpy.o              112
    ABImemmove.o             120
    ABImemset.o              102
    cexit.o                   18
    cmain.o                   22
    cmain_call_ctors.o        32
    copy_init3.o              46
    cstart_call_dtors.o
    cstart_clearlocks.o
    cstartup_M.o              12
    data_init3.o              44
    zero_init3.o              34
    ----------------------------------------------
    Total:                   542

shb_l.a: [9]
    exit.o                    20
    ----------------------------------------------
    Total:                    20

    Gaps                      12                 3
    Linker created                     43      432
--------------------------------------------------
    Grand Total:          12 068    2 292    2 432


*******************************************************************************
*** ENTRY LIST
***

Entry                      Address   Size  Type      Object
-----                      -------   ----  ----      ------
.iar.dynexit$$Base      0x200007c4          --   Gb  - Linker created -
.iar.dynexit$$Limit     0x20000980          --   Gb  - Linker created -
?main                   0x00003601         Code  Gb  cmain.o [8]
ADCSeq3_IRQHandler      0x000013cd  0x104  Code  Gb  bsp.o [1]
AO_Missile              0x000037e4    0x4  Data  Gb  missile.o [1]
AO_Ship                 0x000037e8    0x4  Data  Gb  ship.o [1]
AO_Tunnel               0x000037ec    0x4  Data  Gb  tunnel.o [1]
BSP_displayOff()        0x0000160d    0x8  Code  Gb  bsp.o [1]
BSP_displayOn()         0x00001605    0x8  Code  Gb  bsp.o [1]
BSP_drawBitmap(unsigned char const *, unsigned char, unsigned char)
                        0x000015c9   0x22  Code  Gb  bsp.o [1]
BSP_drawNString(unsigned char, unsigned char, char const *)
                        0x000015eb   0x18  Code  Gb  bsp.o [1]
BSP_init(int, char **)  0x000014d1   0xf8  Code  Gb  bsp.o [1]
BSP_updateScore(unsigned short)
                        0x00001603    0x2  Code  Gb  bsp.o [1]
Display96x16x1Clear     0x00001fa9   0x74  Code  Gb  display96x16x1.o [1]
Display96x16x1DisplayOff
                        0x00002409   0x28  Code  Gb  display96x16x1.o [1]
Display96x16x1DisplayOn
                        0x000022f5   0x94  Code  Gb  display96x16x1.o [1]
Display96x16x1ImageDraw
                        0x000020e1   0x7a  Code  Gb  display96x16x1.o [1]
Display96x16x1Init      0x0000215b  0x19a  Code  Gb  display96x16x1.o [1]
Display96x16x1StringDraw
                        0x0000201d   0xc4  Code  Gb  display96x16x1.o [1]
Display96x16x1WriteArray
                        0x00001f35   0x36  Code  Lc  display96x16x1.o [1]
Display96x16x1WriteByte
                        0x00001f0b   0x2a  Code  Lc  display96x16x1.o [1]
Display96x16x1WriteFinal
                        0x00001f6b   0x3e  Code  Lc  display96x16x1.o [1]
Display96x16x1WriteFirst
                        0x00001ef1   0x1a  Code  Lc  display96x16x1.o [1]
DtorRecArray            0x200007c4    0xc  Data  Lc  cppinit.o [3]
HardFault_Handler       0x000017cd   0x10  Code  Gb  startup_ewarm.o [1]
Mine1::Mine1()          0x000034e5   0x1c  Code  Gb  mine1.o [1]
Mine1::exploding(Mine1*, QEvent const *)
                        0x00000ead   0x72  Code  Gb  mine1.o [1]
Mine1::initial(Mine1*, QEvent const *)
                        0x00000d27   0x16  Code  Gb  mine1.o [1]
Mine1::planted(Mine1*, QEvent const *)
                        0x00000da1  0x10c  Code  Gb  mine1.o [1]
Mine1::unused(Mine1*, QEvent const *)
                        0x00000d3d   0x1e  Code  Gb  mine1.o [1]
Mine1::used(Mine1*, QEvent const *)
                        0x00000d5b   0x46  Code  Gb  mine1.o [1]
Mine1::~Mine1()         0x00003533    0xe  Code  Gb  mine1.o [1]
Mine1::~Mine1() [deleting]
                        0x0000351d   0x16  Code  Gb  mine1.o [1]
Mine1_getInst(unsigned char)
                        0x00000d09   0x1e  Code  Gb  mine1.o [1]
Mine2::Mine2()          0x00003501   0x1c  Code  Gb  mine2.o [1]
Mine2::exploding(Mine2*, QEvent const *)
                        0x0000113d   0x72  Code  Gb  mine2.o [1]
Mine2::initial(Mine2*, QEvent const *)
                        0x00000fb7   0x16  Code  Gb  mine2.o [1]
Mine2::planted(Mine2*, QEvent const *)
                        0x00001031  0x10c  Code  Gb  mine2.o [1]
Mine2::unused(Mine2*, QEvent const *)
                        0x00000fcd   0x1e  Code  Gb  mine2.o [1]
Mine2::used(Mine2*, QEvent const *)
                        0x00000feb   0x46  Code  Gb  mine2.o [1]
Mine2::~Mine2()         0x00003557    0xe  Code  Gb  mine2.o [1]
Mine2::~Mine2() [deleting]
                        0x00003541   0x16  Code  Gb  mine2.o [1]
Mine2_getInst(unsigned char)
                        0x00000f99   0x1e  Code  Gb  mine2.o [1]
MineEvt::MineEvt(unsigned char, unsigned char)
                        0x00001b2d    0xa  Code  Gb  mine2.o [1]
Missile::Missile()      0x00002e69   0x1c  Code  Gb  missile.o [1]
Missile::armed(Missile*, QEvent const *)
                        0x00002d3d   0x1e  Code  Gb  missile.o [1]
Missile::exploding(Missile*, QEvent const *)
                        0x00002dd1   0x72  Code  Gb  missile.o [1]
Missile::flying(Missile*, QEvent const *)
                        0x00002d5b   0x76  Code  Gb  missile.o [1]
Missile::initial(Missile*, QEvent const *)
                        0x00002d27   0x16  Code  Gb  missile.o [1]
Missile::~Missile()     0x0000357b    0xe  Code  Gb  missile.o [1]
Missile::~Missile() [deleting]
                        0x00003565   0x16  Code  Gb  missile.o [1]
NMI_Handler             0x000017cb    0x2  Code  Gb  startup_ewarm.o [1]
NVIC_EnableIRQ(IRQn)    0x00001329   0x1a  Code  Lc  bsp.o [1]
NVIC_SetPriority(IRQn, int)
                        0x00001343   0x26  Code  Lc  bsp.o [1]
PendSV_Handler          0x00002451         Code  Gb  qk_port.o [7]
QActive::QActive(unsigned char (*)(void *, QEvent const *))
                        0x00001ab5   0x1c  Code  Gb  tunnel.o [1]
QActive::QActive(unsigned char (*)(void *, QEvent const *)) [subobject]
                        0x00000c73    0xc  Code  Gb  tunnel.o [1]
QActive::get_()         0x000027d5   0x48  Code  Gb  qa_get_.o [6]
QActive::postFIFO(QEvent const *)
                        0x00001811   0x70  Code  Gb  qa_fifo.o [6]
QActive::start(unsigned char, QEvent const **, unsigned int, void *, unsigned int, QEvent const *)
                        0x0000173b   0x56  Code  Gb  qk.o [7]
QActive::subscribe(unsigned char) const
                        0x00001291   0x60  Code  Gb  qa_sub.o [6]
QActive::~QActive()     0x00003595    0xe  Code  Gb  tunnel.o [1]
QActive::~QActive() [deleting]
                        0x000035eb   0x16  Code  Gb  tunnel.o [1]
QActive::~QActive() [subobject]
                        0x00003589    0xc  Code  Gb  tunnel.o [1]
QEP_reservedEvt_        0x000037c4    0x8  Data  Gb  qep.o [5]
QEQueue::init(QEvent const **, unsigned char)
                        0x00002509   0x12  Code  Gb  qeq_init.o [6]
QF::active_             0x20000008  0x100  Data  Gb  qf_act.o [6]
QF::add_(QActive *)     0x0000251d   0x26  Code  Gb  qf_act.o [6]
QF::gc(QEvent const *)  0x0000275d   0x50  Code  Gb  qf_gc.o [6]
QF::init()              0x00001719    0x4  Code  Gb  qk.o [7]
QF::new_(unsigned short, unsigned char)
                        0x00001ad1   0x5c  Code  Gb  qf_new.o [6]
QF::onCleanup()         0x0000166b    0x2  Code  Gb  bsp.o [1]
QF::onStartup()         0x00001615   0x56  Code  Gb  bsp.o [1]
QF::poolInit(void *, unsigned int, unsigned short)
                        0x0000302d   0x60  Code  Gb  qf_pool.o [6]
QF::psInit(QSubscrList *, unsigned char)
                        0x0000308d    0xc  Code  Gb  qf_psini.o [6]
QF::publish(QEvent const *)
                        0x00001c15   0x98  Code  Gb  qf_pspub.o [6]
QF::run()               0x00001721   0x1a  Code  Gb  qk.o [7]
QF::stop()              0x0000171d    0x4  Code  Gb  qk.o [7]
QF::tick()              0x00001bb5   0x60  Code  Gb  qf_tick.o [6]
QF_div8Lkup             0x000033f4   0x44  Data  Gb  qf_pwr2.o [6]
QF_invPwr2Lkup          0x000033b0   0x44  Data  Gb  qf_pwr2.o [6]
QF_log2Lkup             0x00002e84  0x100  Data  Gb  qf_log2.o [6]
QF_maxPool_             0x20000394    0x1  Data  Gb  qf_pool.o [6]
QF_maxSignal_           0x20000520    0x1  Data  Gb  qf_psini.o [6]
QF_pool_                0x20000398   0x3c  Data  Gb  qf_pool.o [6]
QF_pwr2Lkup             0x0000336c   0x44  Data  Gb  qf_pwr2.o [6]
QF_subscrList_          0x20000524    0x4  Data  Gb  qf_psini.o [6]
QF_timeEvtListHead_     0x20000554    0x4  Data  Gb  qte_arm.o [6]
QHsm::QHsm(unsigned char (*)(void *, QEvent const *))
                        0x00002825    0xc  Code  Gb  tunnel.o [1]
QHsm::QHsm(unsigned char (*)(void *, QEvent const *)) [subobject]
                        0x000026a1    0xc  Code  Gb  tunnel.o [1]
QHsm::dispatch(QEvent const *)
                        0x000018ad  0x16a  Code  Gb  qhsm_dis.o [5]
QHsm::init(QEvent const *)
                        0x0000120d   0x76  Code  Gb  qhsm_ini.o [5]
QHsm::top(QHsm*, QEvent const *)
                        0x0000380d    0x4  Code  Gb  qhsm_top.o [5]
QHsm::~QHsm()           0x0000120b    0x2  Code  Gb  qhsm_ini.o [5]
QHsm::~QHsm() [deleting]
                        0x000011fd    0xc  Code  Gb  qhsm_ini.o [5]
QHsm::~QHsm() [subobject]
                        0x00001209    0x2  Code  Gb  qhsm_ini.o [5]
QK::onIdle()            0x0000166d   0x12  Code  Gb  bsp.o [1]
QK_ceilingPrio_         0x2000056b    0x1  Data  Gb  qk_mutex.o [7]
QK_currPrio_            0x20000004    0x1  Data  Gb  qk.o [7]
QK_init                 0x00002431         Code  Gb  qk_port.o [7]
QK_intNest_             0x20000569    0x1  Data  Gb  qk.o [7]
QK_readySet_            0x2000050c    0xc  Data  Gb  qk.o [7]
QK_schedule_            0x00002485   0x84  Code  Gb  qk_sched.o [7]
QMPool::get()           0x000026ad   0x22  Code  Gb  qmp_get.o [6]
QMPool::init(void *, unsigned int, unsigned short)
                        0x00003099   0x94  Code  Gb  qmp_init.o [6]
QMPool::put(void *)     0x000028c1   0x38  Code  Gb  qmp_put.o [6]
QPSet64::findMax() volatile
                        0x000027ad   0x28  Code  Gb  qk_sched.o [7]
QPSet64::insert(unsigned char) volatile
                        0x0000258d   0x2c  Code  Gb  qa_fifo.o [6]
QPSet64::remove(unsigned char) volatile
                        0x000028f9   0x2c  Code  Gb  qa_get_.o [6]
QTimeEvt::QTimeEvt(unsigned char)
                        0x00000cad   0x28  Code  Gb  qte_ctor.o [6]
QTimeEvt::arm_(QActive *, unsigned short)
                        0x0000254d   0x40  Code  Gb  qte_arm.o [6]
QTimeEvt::disarm()      0x000017dd   0x34  Code  Gb  qte_darm.o [6]
QTimeEvt::postEvery(QActive *, unsigned short)
                        0x00001799   0x18  Code  Gb  tunnel.o [1]
QTimeEvt::postIn(QActive *, unsigned short)
                        0x000017b1   0x1a  Code  Gb  tunnel.o [1]
Q_onAssert              0x00001715    0x4  Code  Gb  bsp.o [1]
Region$$Table$$Base     0x0000349c          --   Gb  - Linker created -
Region$$Table$$Limit    0x000034c4          --   Gb  - Linker created -
SHT$$INIT_ARRAY$$Base   0x0000364c          --   Gb  - Linker created -
SHT$$INIT_ARRAY$$Limit  0x00003660          --   Gb  - Linker created -
SHT$$PREINIT_ARRAY$$Base
                        0x0000364c          --   Gb  - Linker created -
SHT$$PREINIT_ARRAY$$Limit
                        0x0000364c          --   Gb  - Linker created -
SVC_Handler             0x00002473         Code  Gb  qk_port.o [7]
ScoreEvt::ScoreEvt(unsigned char, unsigned short)
                        0x00001b37    0xa  Code  Gb  mine2.o [1]
Ship::Ship()            0x00002b15   0x24  Code  Gb  ship.o [1]
Ship::active(Ship*, QEvent const *)
                        0x0000295d   0x2a  Code  Gb  ship.o [1]
Ship::exploding(Ship*, QEvent const *)
                        0x00002a71   0x7c  Code  Gb  ship.o [1]
Ship::flying(Ship*, QEvent const *)
                        0x0000299d   0xd4  Code  Gb  ship.o [1]
Ship::initial(Ship*, QEvent const *)
                        0x0000293f   0x1e  Code  Gb  ship.o [1]
Ship::parked(Ship*, QEvent const *)
                        0x00002987   0x16  Code  Gb  ship.o [1]
Ship::~Ship()           0x000035b9    0xe  Code  Gb  ship.o [1]
Ship::~Ship() [deleting]
                        0x000035a3   0x16  Code  Gb  ship.o [1]
SysCtlDelay             0x00001ee9    0x8  Code  Gb  display96x16x1.o [1]
SysTick_Config(unsigned int)
                        0x00001369   0x32  Code  Lc  bsp.o [1]
SysTick_Handler         0x0000139b   0x32  Code  Gb  bsp.o [1]
SystemFrequency         0x20000000    0x4  Data  Gb  system_lm3s.o [1]
SystemInit              0x00001cad  0x114  Code  Gb  system_lm3s.o [1]
Tunnel::Tunnel()        0x00000109   0x6e  Code  Gb  tunnel.o [1]
Tunnel::active(Tunnel*, QEvent const *)
                        0x00000203   0x4e  Code  Gb  tunnel.o [1]
Tunnel::addImageAt(unsigned char, unsigned char, signed char)
                        0x000008ff   0xce  Code  Gb  tunnel.o [1]
Tunnel::advance()       0x000006fb  0x106  Code  Gb  tunnel.o [1]
Tunnel::demo(Tunnel*, QEvent const *)
                        0x00000251   0xdc  Code  Gb  tunnel.o [1]
Tunnel::dispatchToAllMines(QEvent const *)
                        0x000008cf   0x30  Code  Gb  tunnel.o [1]
Tunnel::final(Tunnel*, QEvent const *)
                        0x000001cd   0x36  Code  Gb  tunnel.o [1]
Tunnel::game_over(Tunnel*, QEvent const *)
                        0x0000032d   0xa0  Code  Gb  tunnel.o [1]
Tunnel::initial(Tunnel*, QEvent const *)
                        0x00000177   0x56  Code  Gb  tunnel.o [1]
Tunnel::isWallHit(unsigned char, unsigned char, unsigned char)
                        0x000009cd   0x9c  Code  Gb  tunnel.o [1]
Tunnel::plantMine()     0x00000801   0xce  Code  Gb  tunnel.o [1]
Tunnel::playing(Tunnel*, QEvent const *)
                        0x000003cd  0x1f6  Code  Gb  tunnel.o [1]
Tunnel::screen_saver(Tunnel*, QEvent const *)
                        0x000005c3   0x2a  Code  Gb  tunnel.o [1]
Tunnel::screen_saver_hide(Tunnel*, QEvent const *)
                        0x000005ed   0x4e  Code  Gb  tunnel.o [1]
Tunnel::screen_saver_show(Tunnel*, QEvent const *)
                        0x0000063b   0x9c  Code  Gb  tunnel.o [1]
Tunnel::~Tunnel()       0x000035dd    0xe  Code  Gb  tunnel.o [1]
Tunnel::~Tunnel() [deleting]
                        0x000035c7   0x16  Code  Gb  tunnel.o [1]
Virtual function table for Mine1
                        0x00003660   0x10  Data  Gb  mine1.o [1]
Virtual function table for Mine2
                        0x00003670   0x10  Data  Gb  mine2.o [1]
Virtual function table for Missile
                        0x00003680   0x10  Data  Gb  missile.o [1]
Virtual function table for QActive
                        0x000036a0   0x10  Data  Gb  tunnel.o [1]
Virtual function table for QHsm
                        0x000036c0   0x10  Data  Gb  qhsm_ini.o [5]
Virtual function table for Ship
                        0x00003690   0x10  Data  Gb  ship.o [1]
Virtual function table for Tunnel
                        0x000036b0   0x10  Data  Gb  tunnel.o [1]
__aeabi_atexit          0x00000c63    0xa  Code  Gb  cxxabi.o [4]
__aeabi_memcpy          0x00002631         Code  Gb  ABImemcpy.o [8]
__aeabi_memcpy4         0x0000264b         Code  Gb  ABImemcpy.o [8]
__aeabi_memcpy8         0x0000264b         Code  Gb  ABImemcpy.o [8]
__aeabi_memmove         0x000025b9         Code  Gb  ABImemmove.o [8]
__aeabi_memmove4        0x000025b9         Code  Gb  ABImemmove.o [8]
__aeabi_memmove8        0x000025b9         Code  Gb  ABImemmove.o [8]
__aeabi_memset          0x00001b4d         Code  Gb  ABImemset.o [8]
__aeabi_vec_ctor_nocookie_nodtor
                        0x00000c21   0x22  Code  Gb  cxxabi.o [4]
__aeabi_vec_dtor        0x00000c43   0x20  Code  Gb  cxxabi.o [4]
__call_ctors            0x00001a2d   0x18  Code  Gb  cppinit.o [3]
__call_dtors            0x00001a71    0x2  Code  Gb  cppinit.o [3]
__cexit_call_dtors      0x00003627         Code  Gb  cexit.o [8]
__cexit_clearlocks      0x0000362b         Code  Gb  cexit.o [8]
__cmain                 0x00003601         Code  Gb  cmain.o [8]
__cstart_call_dtors     0x00003811         Code  Gb  cstart_call_dtors.o [8]
__cstart_clearlocks     0x00003811         Code  Gb  cstart_clearlocks.o [8]
__cxa_atexit            0x00001a45   0x2c  Code  Gb  cppinit.o [3]
__cxa_finalize          0x00001a73   0x36  Code  Gb  cppinit.o [3]
__data_Aldata           0x20000528    0x8  Data  Gb  xxmemxmalloc.o [3]
__dso_handle            0x2000055c    0x4  Data  Gb  cppinit.o [3]
__exit                  0x00003639   0x14  Code  Gb  exit.o [9]
__iar_Locksyslock       0x00002861   0x44  Code  Gb  xsyslock.o [3]
__iar_Memset            0x00001b4d         Code  Gb  ABImemset.o [8]
__iar_Memset_word       0x00001b55         Code  Gb  ABImemset.o [8]
__iar_Unlocksyslock     0x000028a5   0x16  Code  Gb  xsyslock.o [3]
__iar_clearlocks        0x00002831   0x30  Code  Gb  xsyslock.o [3]
__iar_copy_init3        0x00000c7f   0x2e  Code  Gb  copy_init3.o [8]
__iar_cstart_call_ctors
                        0x000034c5   0x20  Code  Gb  cmain_call_ctors.o [8]
__iar_data_init3        0x00003471   0x2c  Code  Gb  data_init3.o [8]
__iar_program_start     0x00003731         Code  Gb  cstartup_M.o [8]
__iar_system_Mtxdst     0x00002927    0x2  Code  Gb  xmtx.o [3]
__iar_system_Mtxinit    0x00002925    0x2  Code  Gb  xmtx.o [3]
__iar_system_Mtxlock    0x00002929    0x2  Code  Gb  xmtx.o [3]
__iar_system_Mtxunlock  0x0000292b    0x2  Code  Gb  xmtx.o [3]
__iar_zero_init3        0x00001307   0x22  Code  Gb  zero_init3.o [8]
__low_level_init        0x00003617    0x4  Code  Gb  low_level_init.o [3]
__sti__routine          0x00000cdd   0x1a  Code  Lc  mine1.o [1]
__sti__routine          0x00000f6d   0x1a  Code  Lc  mine2.o [1]
__sti__routine          0x00002d15   0x12  Code  Lc  missile.o [1]
__sti__routine          0x0000292d   0x12  Code  Lc  ship.o [1]
__sti__routine          0x000000f1   0x18  Code  Lc  tunnel.o [1]
__vector_table          0x00000000   0xf0  Data  Gb  startup_ewarm.o [1]
_call_main              0x0000360d         Code  Gb  cmain.o [8]
_exit                   0x00003625         Code  Gb  cexit.o [8]
_main                   0x00003613         Code  Gb  cmain.o [8]
do_bitmaps_overlap(unsigned char, unsigned char, unsigned char, unsigned char, unsigned char, unsigned char)
                        0x00000a69  0x148  Code  Gb  tunnel.o [1]
exit                    0x0000361b    0x8  Code  Gb  exit.o [3]
explosion0_bits         0x0000376c    0x8  Data  Lc  tunnel.o [1]
explosion1_bits         0x00003774    0x8  Data  Lc  tunnel.o [1]
explosion2_bits         0x0000377c    0x8  Data  Lc  tunnel.o [1]
explosion3_bits         0x00003784    0x8  Data  Lc  tunnel.o [1]
free                    0x000026d1   0x86  Code  Gb  xxmemxfree.o [3]
g_pucFont               0x00002b38  0x1dc  Data  Lc  display96x16x1.o [1]
g_pucOSRAMInit          0x0000312c   0x74  Data  Lc  display96x16x1.o [1]
g_pucOSRAMRow1          0x0000373c    0x8  Data  Lc  display96x16x1.o [1]
g_pucOSRAMRow2          0x00003744    0x8  Data  Lc  display96x16x1.o [1]
g_pucRITInit            0x000031a0   0x50  Data  Lc  display96x16x1.o [1]
g_pucRITRow1            0x0000374c    0x8  Data  Lc  display96x16x1.o [1]
g_pucRITRow2            0x00003754    0x8  Data  Lc  display96x16x1.o [1]
g_ucColumnAdjust        0x20000562    0x1  Data  Lc  display96x16x1.o [1]
g_ucDisplayIsRIT        0x20000561    0x1  Data  Lc  display96x16x1.o [1]
g_ulDelay               0x2000053c    0x4  Data  Lc  display96x16x1.o [1]
getOscClk               0x00001dc1   0xca  Code  Lc  system_lm3s.o [1]
l_bitmap                0x000031f0   0x50  Data  Lc  tunnel.o [1]
l_frame                 0x200001c8   0xc0  Data  Lc  tunnel.o [1]
l_medPoolSto            0x20000310   0x44  Data  Lc  main.o [1]
l_mine1                 0x200003d4   0x3c  Data  Lc  mine1.o [1]
l_mine2                 0x20000410   0x3c  Data  Lc  mine2.o [1]
l_missile               0x200004a8   0x20  Data  Lc  missile.o [1]
l_missileQueueSto       0x20000518    0x8  Data  Lc  main.o [1]
l_rnd                   0x20000550    0x4  Data  Lc  tunnel.o [1]
l_ship                  0x200004c8   0x20  Data  Lc  ship.o [1]
l_shipQueueSto          0x20000500    0xc  Data  Lc  main.o [1]
l_smlPoolSto            0x2000044c   0x34  Data  Lc  main.o [1]
l_subscrSto             0x20000354   0x40  Data  Lc  main.o [1]
l_this_file             0x00003324   0x48  Data  Lc  bsp.o [1]
l_this_file             0x00003240   0x4c  Data  Lc  mine1.o [1]
l_this_file             0x0000328c   0x4c  Data  Lc  mine2.o [1]
l_this_file             0x000032d8   0x4c  Data  Lc  tunnel.o [1]
l_this_file             0x00003808    0x4  Data  Lc  qk.o [7]
l_this_file             0x0000378c    0x8  Data  Lc  qf_new.o [6]
l_this_file             0x000036e8    0xc  Data  Lc  qf_pspub.o [6]
l_this_file             0x00003794    0x8  Data  Lc  qa_fifo.o [6]
l_this_file             0x0000379c    0x8  Data  Lc  qf_pool.o [6]
l_this_file             0x000036f4    0xc  Data  Lc  qhsm_ini.o [5]
l_this_file             0x000037a4    0x8  Data  Lc  qa_sub.o [6]
l_this_file             0x00003700    0xc  Data  Lc  qhsm_dis.o [5]
l_this_file             0x000037ac    0x8  Data  Lc  qte_arm.o [6]
l_this_file             0x0000370c    0xc  Data  Lc  qte_ctor.o [6]
l_this_file             0x00003718    0xc  Data  Lc  qk_sched.o [7]
l_this_file             0x000037b4    0x8  Data  Lc  qf_act.o [6]
l_this_file             0x000037bc    0x8  Data  Lc  qf_gc.o [6]
l_this_file             0x00003724    0xc  Data  Lc  qmp_init.o [6]
l_this_file             0x000037cc    0x8  Data  Lc  qa_get_.o [6]
l_this_file             0x000037d4    0x8  Data  Lc  qmp_put.o [6]
l_tunnel                0x20000288   0x88  Data  Lc  tunnel.o [1]
l_tunnelQueueSto        0x20000480   0x28  Data  Lc  main.o [1]
l_walls                 0x20000108   0xc0  Data  Lc  tunnel.o [1]
main                    0x00002f85   0xa8  Code  Gb  main.o [1]
memcpy                  0x00001897   0x16  Code  Gb  tunnel.o [1]
memmove                 0x00001881   0x16  Code  Gb  tunnel.o [1]
memset                  0x000012f1   0x16  Code  Gb  tunnel.o [1]
mine1_bits              0x000037fc    0x4  Data  Lc  tunnel.o [1]
mine2_bits              0x00003800    0x4  Data  Lc  tunnel.o [1]
mine2_missile_bits      0x00003804    0x4  Data  Lc  tunnel.o [1]
missile_bits            0x000037f8    0x4  Data  Lc  tunnel.o [1]
mtx                     0x200004ec   0x14  Data  Lc  xsyslock.o [3]
next_abi_dtor_rec       0x20000558    0x4  Data  Lc  cppinit.o [3]
operator delete (void *)
                        0x00001b41    0xc  Code  Gb  delop_0.o [4]
press_button_bits       0x00003438   0x38  Data  Lc  tunnel.o [1]
pulStack                0x2000056c  0x258  Data  Lc  startup_ewarm.o [1]
random()                0x000006d7   0x1c  Code  Lc  tunnel.o [1]
randomSeed(unsigned int)
                        0x000006f3    0x8  Code  Lc  tunnel.o [1]
ship_bits               0x00003764    0x8  Data  Lc  tunnel.o [1]
syslock_o               0x200004e8    0x4  Data  Lc  xsyslock.o [3]


[1] = D:\software\qpcpp\examples\arm-cortex\qk\iar\game-qk-ev-lm3s811\dbg
[2] = command line
[3] = dl7M_tln.a
[4] = dlpp7M_tl_ne.a
[5] = libqep_cortex-m3.a
[6] = libqf_cortex-m3.a
[7] = libqk_cortex-m3.a
[8] = rt7M_tl.a
[9] = shb_l.a

  12 068 bytes of readonly  code memory
   2 292 bytes of readonly  data memory
   2 432 bytes of readwrite data memory

Errors: none
Warnings: none
