###############################################################################
#                                                                             #
# IAR ELF Linker V6.10.2.52244/W32 for ARM              07/Jan/2011  21:46:18 #
# Copyright 2007-2010 IAR Systems AB.                                         #
#                                                                             #
#    Output file  =  D:\software\qpcpp\examples\arm-cortex\qk\iar\dpp-qk-ev-l #
#                    m3s811\spy\dpp-qk.out                                    #
#    Map file     =  D:\software\qpcpp\examples\arm-cortex\qk\iar\dpp-qk-ev-l #
#                    m3s811\spy\dpp-qk.map                                    #
#    Command line =  D:\software\qpcpp\examples\arm-cortex\qk\iar\dpp-qk-ev-l #
#                    m3s811\spy\bsp.o D:\software\qpcpp\examples\arm-cortex\q #
#                    k\iar\dpp-qk-ev-lm3s811\spy\core_cm3.o                   #
#                    D:\software\qpcpp\examples\arm-cortex\qk\iar\dpp-qk-ev-l #
#                    m3s811\spy\display96x16x1.o                              #
#                    D:\software\qpcpp\examples\arm-cortex\qk\iar\dpp-qk-ev-l #
#                    m3s811\spy\main.o D:\software\qpcpp\examples\arm-cortex\ #
#                    qk\iar\dpp-qk-ev-lm3s811\spy\philo.o                     #
#                    D:\software\qpcpp\examples\arm-cortex\qk\iar\dpp-qk-ev-l #
#                    m3s811\spy\startup_ewarm.o D:\software\qpcpp\examples\ar #
#                    m-cortex\qk\iar\dpp-qk-ev-lm3s811\spy\system_lm3s.o      #
#                    D:\software\qpcpp\examples\arm-cortex\qk\iar\dpp-qk-ev-l #
#                    m3s811\spy\table.o D:\software\qpcpp\ports\arm-cortex\qk #
#                    \iar\spy\libqep_cortex-m3.a                              #
#                    D:\software\qpcpp\ports\arm-cortex\qk\iar\spy\libqf_cort #
#                    ex-m3.a D:\software\qpcpp\ports\arm-cortex\qk\iar\spy\li #
#                    bqk_cortex-m3.a D:\software\qpcpp\ports\arm-cortex\qk\ia #
#                    r\spy\libqs_cortex-m3.a --redirect _Printf=_PrintfTiny   #
#                    --redirect _Scanf=_ScanfSmall -o                         #
#                    D:\software\qpcpp\examples\arm-cortex\qk\iar\dpp-qk-ev-l #
#                    m3s811\spy\dpp-qk.out --map                              #
#                    D:\software\qpcpp\examples\arm-cortex\qk\iar\dpp-qk-ev-l #
#                    m3s811\spy\dpp-qk.map --config                           #
#                    D:\software\qpcpp\examples\arm-cortex\qk\iar\dpp-qk-ev-l #
#                    m3s811\lm3s811.icf --semihosting --entry                 #
#                    __iar_program_start                                      #
#                                                                             #
#                                                                             #
###############################################################################

*******************************************************************************
*** RUNTIME MODEL ATTRIBUTES
***

CppFlavor       = *
__CPP_Language  = EC++
__Heap_Handler  = Basic
__SystemLibrary = DLib


*******************************************************************************
*** PLACEMENT SUMMARY
***

"A1":  place at start of [0x00000000-0x0000ffff] { ro section .intvec };
"P1":  place in [from 0x00000000 to 0x0000ffff] { ro };
"P2":  place in [from 0x20000000 to 0x20001fff] { rw, block HEAP };

  Section             Kind        Address    Size  Object
  -------             ----        -------    ----  ------
"A1":                                        0xf0
  .intvec             const    0x00000000    0xf0  startup_ewarm.o [1]
                             - 0x000000f0    0xf0

"P1":                                      0x3a64
  .text               ro code  0x000000f0   0x614  bsp.o [1]
  .text               ro code  0x00000704   0x248  qs.o [8]
  .text               ro code  0x0000094c   0x33c  qs_.o [8]
  .text               ro code  0x00000c88    0xf0  qf_tick.o [6]
  .text               ro code  0x00000d78    0x8c  qf_new.o [6]
  .text               ro code  0x00000e04    0xb8  qa_fifo.o [6]
  .text               ro code  0x00000ebc   0x23c  system_lm3s.o [1]
  .text               ro code  0x000010f8   0x414  display96x16x1.o [1]
  .text               ro code  0x0000150c    0x98  qs_str.o [8]
  .text               ro code  0x000015a4    0x60  qs_blk.o [8]
  .text               ro code  0x00001604    0x38  ABImemset48.o [9]
  .text               ro code  0x0000163c     0x6  ABImemclr4.o [9]
  .text               ro code  0x00001642    0x2e  copy_init3.o [9]
  .text               ro code  0x00001670    0x68  qmp_get.o [6]
  .text               ro code  0x000016d8    0x2c  qa_fifo.o [6]
  .text               ro code  0x00001704    0xcc  qk_sched.o [7]
  .text               ro code  0x000017d0    0x28  qk_sched.o [7]
  .text               ro code  0x000017f8    0xc0  qa_get_.o [6]
  .text               ro code  0x000018b8   0x39e  qhsm_dis.o [5]
  .text               ro code  0x00001c56    0x22  zero_init3.o [9]
  .text               ro code  0x00001c78    0xa0  qf_gc.o [6]
  .text               ro code  0x00001d18    0x2c  qa_get_.o [6]
  .text               ro code  0x00001d44    0x74  qmp_put.o [6]
  .text               ro code  0x00001db8   0x534  philo.o [1]
  .text               ro code  0x000022ec    0x52  cxxabi.o [4]
  .text               ro code  0x0000233e     0xc  table.o [1]
  .text               ro code  0x0000234a    0x12  startup_ewarm.o [1]
  .text               ro code  0x0000235c    0x30  qte_ctor.o [6]
  .text               ro code  0x0000238c    0x98  qa_sub.o [6]
  .text               ro code  0x00002424    0x1a  philo.o [1]
  .text               ro code  0x00002440    0xc0  qf_pspub.o [6]
  .text               ro code  0x00002500    0x88  cppinit.o [3]
  .text               ro code  0x00002588    0x1c  table.o [1]
  .text               ro code  0x000025a4    0x84  qte_arm.o [6]
  .text               ro code  0x00002628     0xc  table.o [1]
  .text               ro code  0x00002634     0xc  table.o [1]
  .text               ro code  0x00002640   0x3f0  table.o [1]
  .text               ro code  0x00002a30    0x84  qk.o [7]
  CODE                ro code  0x00002ab4    0x54  qk_port.o [7]
  .text               ro code  0x00002b08    0x4c  qeq_init.o [6]
  .text               ro code  0x00002b54    0x68  qf_act.o [6]
  .text               ro code  0x00002bbc   0x130  qhsm_ini.o [5]
  .text               ro code  0x00002cec     0xc  delop_0.o [4]
  .text               ro code  0x00002cf8    0x8c  xxmemxfree.o [3]
  .text               ro code  0x00002d84    0x90  xsyslock.o [3]
  .text               ro code  0x00002e14     0x8  xmtx.o [3]
  .text               ro code  0x00002e1c   0x20c  main.o [1]
  .text               ro code  0x00003028     0xc  qf_psini.o [6]
  .text               ro code  0x00003034    0x60  qf_pool.o [6]
  .text               ro code  0x00003094    0xc8  qmp_init.o [6]
  .rodata             const    0x0000315c   0x1dc  display96x16x1.o [1]
  .rodata             const    0x00003338   0x100  qf_log2.o [6]
  .rodata             const    0x00003438    0x74  display96x16x1.o [1]
  .rodata             const    0x000034ac    0x50  display96x16x1.o [1]
  .rodata             const    0x000034fc    0x4c  philo.o [1]
  .rodata             const    0x00003548    0x4c  table.o [1]
  .rodata             const    0x00003594    0x48  bsp.o [1]
  .rodata             const    0x000035dc    0x44  qf_pwr2.o [6]
  .rodata             const    0x00003620    0x44  qf_pwr2.o [6]
  .rodata             const    0x00003664    0x44  qf_pwr2.o [6]
  .text               ro code  0x000036a8    0x2c  data_init3.o [9]
  .iar.init_table     const    0x000036d4    0x28  - Linker created -
  .text               ro code  0x000036fc    0x20  cmain_call_ctors.o [9]
  .rodata             const    0x0000371c    0x18  philo.o [1]
  .rodata             const    0x00003734    0x18  philo.o [1]
  .rodata             const    0x0000374c    0x18  philo.o [1]
  .rodata             const    0x00003764    0x18  philo.o [1]
  .rodata             const    0x0000377c    0x18  philo.o [1]
  .text               ro code  0x00003794    0x16  philo.o [1]
  .text               ro code  0x000037aa     0xe  philo.o [1]
  .text               ro code  0x000037b8     0xc  table.o [1]
  .text               ro code  0x000037c4     0xe  table.o [1]
  .text               ro code  0x000037d2    0x16  table.o [1]
  .text               ro code  0x000037e8     0xe  table.o [1]
  .text               ro code  0x000037f6    0x16  table.o [1]
  .text               ro code  0x0000380c    0x16  cmain.o [9]
  .text               ro code  0x00003822     0x4  low_level_init.o [3]
  .text               ro code  0x00003826     0x8  exit.o [3]
  .text               ro code  0x00003830    0x12  cexit.o [9]
  .text               ro code  0x00003844    0x14  exit.o [10]
  .rodata             const    0x00003858    0x14  main.o [1]
  .rodata             const    0x0000386c    0x14  main.o [1]
  .rodata             const    0x00003880    0x14  main.o [1]
  .rodata             const    0x00003894    0x14  main.o [1]
  .rodata             const    0x000038a8    0x14  main.o [1]
  .rodata             const    0x000038bc    0x14  philo.o [1]
  .rodata             const    0x000038d0    0x14  philo.o [1]
  .rodata             const    0x000038e4    0x10  bsp.o [1]
  .rodata             const    0x000038f4    0x10  bsp.o [1]
  .rodata             const    0x00003904    0x10  main.o [1]
  .rodata             const    0x00003914    0x10  main.o [1]
  .rodata             const    0x00003924    0x10  philo.o [1]
  .rodata             const    0x00003934    0x10  philo.o [1]
  .rodata             const    0x00003944    0x10  philo.o [1]
  .rodata             const    0x00003954    0x10  philo.o [1]
  .rodata             const    0x00003964    0x10  table.o [1]
  .rodata             const    0x00003974    0x10  table.o [1]
  .rodata             const    0x00003984    0x10  table.o [1]
  .rodata             const    0x00003994    0x10  table.o [1]
  .rodata             const    0x000039a4    0x10  table.o [1]
  .rodata             const    0x000039b4    0x10  qhsm_ini.o [5]
  .rodata             const    0x000039c4     0xc  philo.o [1]
  .rodata             const    0x000039d0     0xc  philo.o [1]
  .rodata             const    0x000039dc     0xc  philo.o [1]
  .rodata             const    0x000039e8     0xc  philo.o [1]
  .rodata             const    0x000039f4     0xc  philo.o [1]
  .rodata             const    0x00003a00     0xc  philo.o [1]
  .rodata             const    0x00003a0c     0xc  philo.o [1]
  .rodata             const    0x00003a18     0xc  table.o [1]
  .rodata             const    0x00003a24     0xc  table.o [1]
  .rodata             const    0x00003a30     0xc  table.o [1]
  .rodata             const    0x00003a3c     0xc  table.o [1]
  .rodata             const    0x00003a48     0xc  table.o [1]
  .rodata             const    0x00003a54     0xc  table.o [1]
  .rodata             const    0x00003a60     0xc  table.o [1]
  .rodata             const    0x00003a6c     0xc  qf_pspub.o [6]
  .rodata             const    0x00003a78     0xc  qhsm_ini.o [5]
  .rodata             const    0x00003a84     0xc  qte_ctor.o [6]
  .rodata             const    0x00003a90     0xc  qk_sched.o [7]
  .rodata             const    0x00003a9c     0xc  qmp_init.o [6]
  .rodata             const    0x00003aa8     0xc  qhsm_dis.o [5]
  .text               ro code  0x00003ab4     0xc  cstartup_M.o [9]
  .rodata             const    0x00003ac0     0x8  display96x16x1.o [1]
  .rodata             const    0x00003ac8     0x8  display96x16x1.o [1]
  .rodata             const    0x00003ad0     0x8  display96x16x1.o [1]
  .rodata             const    0x00003ad8     0x8  display96x16x1.o [1]
  .rodata             const    0x00003ae0     0x8  table.o [1]
  .rodata             const    0x00003ae8     0x8  qf_new.o [6]
  .rodata             const    0x00003af0     0x8  qa_fifo.o [6]
  .rodata             const    0x00003af8     0x8  qf_pool.o [6]
  .rodata             const    0x00003b00     0x8  qte_arm.o [6]
  .rodata             const    0x00003b08     0x8  qa_sub.o [6]
  .rodata             const    0x00003b10     0x8  qf_act.o [6]
  .rodata             const    0x00003b18     0x8  qf_gc.o [6]
  .rodata             const    0x00003b20     0x8  qep.o [5]
  .rodata             const    0x00003b28     0x8  qa_get_.o [6]
  .rodata             const    0x00003b30     0x8  qmp_put.o [6]
  SHT$$PREINIT_ARRAY           0x00003b38     0x0  <Block>
  SHT$$INIT_ARRAY              0x00003b38     0x8  <Block>
    .init_array       const    0x00003b38     0x4  philo.o [1]
    .init_array       const    0x00003b3c     0x4  table.o [1]
  .rodata             const    0x00003b40     0x4  table.o [1]
  .rodata             const    0x00003b44     0x4  qk.o [7]
  .text               ro code  0x00003b48     0x4  qhsm_top.o [5]
  .text               ro code  0x00003b4c     0x0  cstart_call_dtors.o [9]
  .text               ro code  0x00003b4c     0x0  cstart_clearlocks.o [9]
  Initializer bytes   ro data  0x00003b4c     0x8  <for P2 s0>
                             - 0x00003b54  0x3a64

"P2", part 1 of 3:                            0x8
  P2 s0                        0x20000000     0x8  <Init block>
    .data             inited   0x20000000     0x4  system_lm3s.o [1]
    .data             inited   0x20000004     0x1  qk.o [7]
                             - 0x20000008     0x8

"P2", part 2 of 3:                          0x9d0
  .bss                zero     0x20000008   0x600  bsp.o [1]
  .bss                zero     0x20000608   0x100  qf_act.o [6]
  .bss                zero     0x20000708    0xf0  philo.o [1]
  .bss                zero     0x200007f8    0x64  main.o [1]
  .bss                zero     0x2000085c    0x40  qf_pool.o [6]
  .bss                zero     0x2000089c    0x38  main.o [1]
  .bss                zero     0x200008d4    0x28  main.o [1]
  .bss                zero     0x200008fc    0x24  table.o [1]
  .bss                zero     0x20000920    0x20  qs.o [8]
  .bss                zero     0x20000940    0x18  xsyslock.o [3]
  .bss                zero     0x20000958    0x14  main.o [1]
  .bss                zero     0x2000096c    0x10  qs.o [8]
  .bss                zero     0x2000097c     0xc  qk.o [7]
  .bss                zero     0x20000988     0x8  qf_psini.o [6]
  .bss                zero     0x20000990     0x8  xxmemxmalloc.o [3]
  .bss                zero     0x20000998     0x4  bsp.o [1]
  .bss                zero     0x2000099c     0x4  bsp.o [1]
  .bss                zero     0x200009a0     0x4  bsp.o [1]
  .bss                zero     0x200009a4     0x4  display96x16x1.o [1]
  .bss                zero     0x200009a8     0x4  qs_.o [8]
  .bss                zero     0x200009ac     0x4  qs_.o [8]
  .bss                zero     0x200009b0     0x4  qs_.o [8]
  .bss                zero     0x200009b4     0x4  qs_.o [8]
  .bss                zero     0x200009b8     0x4  qs_.o [8]
  .bss                zero     0x200009bc     0x4  qs_.o [8]
  .bss                zero     0x200009c0     0x4  qs_.o [8]
  .bss                zero     0x200009c4     0x4  qte_arm.o [6]
  .bss                zero     0x200009c8     0x4  cppinit.o [3]
  .bss                zero     0x200009cc     0x4  cppinit.o [3]
  .bss                zero     0x200009d0     0x1  display96x16x1.o [1]
  .bss                zero     0x200009d1     0x1  display96x16x1.o [1]
  .bss                zero     0x200009d2     0x1  philo.o [1]
  .bss                zero     0x200009d3     0x1  qk.o [7]
  .bss                zero     0x200009d4     0x1  qf_tick.o [6]
  .bss                zero     0x200009d5     0x1  qk_mutex.o [7]
                             - 0x200009d6   0x9ce

"P2", part 3 of 3:                          0x3f0
  .noinit             uninit   0x200009d8   0x258  startup_ewarm.o [1]
  .iar.dynexit                 0x20000c30   0x198  <Block>
    .iar.dynexit      uninit   0x20000c30     0xc  cppinit.o [3]
    .iar.dynexit      uninit   0x20000c3c   0x18c  <Block tail>
                             - 0x20000dc8   0x3f0


*******************************************************************************
*** INIT TABLE
***

          Address     Size
          -------     ----
Zero (__iar_zero_init3)
    1 destination range, total size 0x9ce:
          0x20000008  0x9ce

Copy (__iar_copy_init3)
    1 source range, total size 0x8 (160% of destination):
          0x00003b4c    0x8
    1 destination range, total size 0x5:
          0x20000000    0x5

Extra (__iar_cstart_call_ctors)


*******************************************************************************
*** MODULE SUMMARY
***

    Module               ro code  ro data  rw data
    ------               -------  -------  -------
D:\software\qpcpp\examples\arm-cortex\qk\iar\dpp-qk-ev-lm3s811\spy: [1]
    bsp.o                  1 556      104    1 548
    display96x16x1.o       1 044      704        6
    main.o                   524      132      216
    philo.o                1 394      388      241
    startup_ewarm.o           18      240      600
    system_lm3s.o            572        4        4
    table.o                1 156      256       36
    ----------------------------------------------
    Total:                 6 264    1 828    2 651

command line: [2]
    ----------------------------------------------
    Total:

dl7M_tln.a: [3]
    cppinit.o                136                20
    exit.o                     8
    low_level_init.o           4
    xmtx.o                     8
    xsyslock.o               144                24
    xxmemxfree.o             140
    xxmemxmalloc.o                               8
    ----------------------------------------------
    Total:                   440                52

dlpp7M_tl_ne.a: [4]
    cxxabi.o                  82
    delop_0.o                 12
    ----------------------------------------------
    Total:                    94

libqep_cortex-m3.a: [5]
    qep.o                               8
    qhsm_dis.o               926       12
    qhsm_ini.o               304       28
    qhsm_top.o                 4
    ----------------------------------------------
    Total:                 1 234       48

libqf_cortex-m3.a: [6]
    qa_fifo.o                228        8
    qa_get_.o                236        8
    qa_sub.o                 152        8
    qeq_init.o                76
    qf_act.o                 104        8      256
    qf_gc.o                  160        8
    qf_log2.o                         256
    qf_new.o                 140        8
    qf_pool.o                 96        8       64
    qf_psini.o                12                 8
    qf_pspub.o               192       12
    qf_pwr2.o                         204
    qf_tick.o                240                 1
    qmp_get.o                104
    qmp_init.o               200       12
    qmp_put.o                116        8
    qte_arm.o                132        8        4
    qte_ctor.o                48       12
    ----------------------------------------------
    Total:                 2 236      568      333

libqk_cortex-m3.a: [7]
    qk.o                     132        5       14
    qk_mutex.o                                   1
    qk_port.o                 84
    qk_sched.o               244       12
    ----------------------------------------------
    Total:                   460       17       15

libqs_cortex-m3.a: [8]
    qs.o                     584                48
    qs_.o                    828                28
    qs_blk.o                  96
    qs_str.o                 152
    ----------------------------------------------
    Total:                 1 660                76

rt7M_tl.a: [9]
    ABImemclr4.o               6
    ABImemset48.o             56
    cexit.o                   18
    cmain.o                   22
    cmain_call_ctors.o        32
    copy_init3.o              46
    cstart_call_dtors.o
    cstart_clearlocks.o
    cstartup_M.o              12
    data_init3.o              44
    zero_init3.o              34
    ----------------------------------------------
    Total:                   270

shb_l.a: [10]
    exit.o                    20
    ----------------------------------------------
    Total:                    20

    Gaps                       6                 3
    Linker created                     43      396
--------------------------------------------------
    Grand Total:          12 684    2 504    3 526


*******************************************************************************
*** ENTRY LIST
***

Entry                      Address   Size  Type      Object
-----                      -------   ----  ----      ------
.iar.dynexit$$Base      0x20000c30          --   Gb  - Linker created -
.iar.dynexit$$Limit     0x20000dc8          --   Gb  - Linker created -
?main                   0x0000380d         Code  Gb  cmain.o [9]
AO_Philo                0x000038bc   0x14  Data  Gb  philo.o [1]
AO_Table                0x00003b40    0x4  Data  Gb  table.o [1]
BSP_busyDelay()         0x000003c7   0x16  Code  Gb  bsp.o [1]
BSP_displyPhilStat(unsigned char, char const *)
                        0x0000035b   0x6c  Code  Gb  bsp.o [1]
BSP_init(int, char **)  0x000002bf   0x9c  Code  Gb  bsp.o [1]
Display96x16x1Clear     0x000011b9   0x74  Code  Gb  display96x16x1.o [1]
Display96x16x1Init      0x000012f1  0x19a  Code  Gb  display96x16x1.o [1]
Display96x16x1StringDraw
                        0x0000122d   0xc4  Code  Gb  display96x16x1.o [1]
Display96x16x1WriteArray
                        0x00001145   0x36  Code  Lc  display96x16x1.o [1]
Display96x16x1WriteByte
                        0x0000111b   0x2a  Code  Lc  display96x16x1.o [1]
Display96x16x1WriteFinal
                        0x0000117b   0x3e  Code  Lc  display96x16x1.o [1]
Display96x16x1WriteFirst
                        0x00001101   0x1a  Code  Lc  display96x16x1.o [1]
DtorRecArray            0x20000c30    0xc  Data  Lc  cppinit.o [3]
GPIOPortA_IRQHandler    0x00000219   0xa6  Code  Gb  bsp.o [1]
HardFault_Handler       0x0000234d   0x10  Code  Gb  startup_ewarm.o [1]
NMI_Handler             0x0000234b    0x2  Code  Gb  startup_ewarm.o [1]
NVIC_EnableIRQ(IRQn)    0x000000f1   0x1a  Code  Lc  bsp.o [1]
NVIC_SetPriority(IRQn, int)
                        0x0000010b   0x26  Code  Lc  bsp.o [1]
PendSV_Handler          0x00002ad5         Code  Gb  qk_port.o [7]
Philo::Philo()          0x00001df1   0x22  Code  Gb  philo.o [1]
Philo::eating(Philo*, QEvent const *)
                        0x000021cb   0x80  Code  Gb  philo.o [1]
Philo::hungry(Philo*, QEvent const *)
                        0x0000214b   0x80  Code  Gb  philo.o [1]
Philo::initial(Philo*, QEvent const *)
                        0x00001e13  0x2dc  Code  Gb  philo.o [1]
Philo::thinking(Philo*, QEvent const *)
                        0x000020ef   0x5c  Code  Gb  philo.o [1]
Philo::~Philo()         0x000037ab    0xe  Code  Gb  philo.o [1]
Philo::~Philo() [deleting]
                        0x00003795   0x16  Code  Gb  philo.o [1]
QActive::QActive(unsigned char (*)(void *, QEvent const *))
                        0x00002589   0x1c  Code  Gb  table.o [1]
QActive::QActive(unsigned char (*)(void *, QEvent const *)) [subobject]
                        0x0000233f    0xc  Code  Gb  table.o [1]
QActive::get_()         0x000017f9   0xae  Code  Gb  qa_get_.o [6]
QActive::postFIFO(QEvent const *)
                        0x00000e05   0xb8  Code  Gb  qa_fifo.o [6]
QActive::start(unsigned char, QEvent const **, unsigned int, void *, unsigned int, QEvent const *)
                        0x00002a53   0x5a  Code  Gb  qk.o [7]
QActive::subscribe(unsigned char) const
                        0x0000238d   0x98  Code  Gb  qa_sub.o [6]
QActive::~QActive()     0x000037c5    0xe  Code  Gb  table.o [1]
QActive::~QActive() [deleting]
                        0x000037f7   0x16  Code  Gb  table.o [1]
QActive::~QActive() [subobject]
                        0x000037b9    0xc  Code  Gb  table.o [1]
QEP_reservedEvt_        0x00003b20    0x8  Data  Gb  qep.o [5]
QEQueue::init(QEvent const **, unsigned char)
                        0x00002b09   0x4c  Code  Gb  qeq_init.o [6]
QF::active_             0x20000608  0x100  Data  Gb  qf_act.o [6]
QF::add_(QActive *)     0x00002b55   0x56  Code  Gb  qf_act.o [6]
QF::gc(QEvent const *)  0x00001c79   0xa0  Code  Gb  qf_gc.o [6]
QF::init()              0x00002a31    0x4  Code  Gb  qk.o [7]
QF::new_(unsigned short, unsigned char)
                        0x00000d79   0x8c  Code  Gb  qf_new.o [6]
QF::onCleanup()         0x00000409    0x2  Code  Gb  bsp.o [1]
QF::onStartup()         0x000003dd   0x2c  Code  Gb  bsp.o [1]
QF::poolInit(void *, unsigned int, unsigned short)
                        0x00003035   0x60  Code  Gb  qf_pool.o [6]
QF::psInit(QSubscrList *, unsigned char)
                        0x00003029    0xc  Code  Gb  qf_psini.o [6]
QF::publish(QEvent const *)
                        0x00002441   0xc0  Code  Gb  qf_pspub.o [6]
QF::run()               0x00002a39   0x1a  Code  Gb  qk.o [7]
QF::stop()              0x00002a35    0x4  Code  Gb  qk.o [7]
QF::tick()              0x00000c89   0xf0  Code  Gb  qf_tick.o [6]
QF_div8Lkup             0x00003664   0x44  Data  Gb  qf_pwr2.o [6]
QF_invPwr2Lkup          0x00003620   0x44  Data  Gb  qf_pwr2.o [6]
QF_log2Lkup             0x00003338  0x100  Data  Gb  qf_log2.o [6]
QF_maxPool_             0x2000085c    0x1  Data  Gb  qf_pool.o [6]
QF_maxSignal_           0x20000988    0x1  Data  Gb  qf_psini.o [6]
QF_pool_                0x20000860   0x3c  Data  Gb  qf_pool.o [6]
QF_pwr2Lkup             0x000035dc   0x44  Data  Gb  qf_pwr2.o [6]
QF_subscrList_          0x2000098c    0x4  Data  Gb  qf_psini.o [6]
QF_timeEvtListHead_     0x200009c4    0x4  Data  Gb  qte_arm.o [6]
QHsm::QHsm(unsigned char (*)(void *, QEvent const *))
                        0x00002635    0xc  Code  Gb  table.o [1]
QHsm::QHsm(unsigned char (*)(void *, QEvent const *)) [subobject]
                        0x00002629    0xc  Code  Gb  table.o [1]
QHsm::dispatch(QEvent const *)
                        0x000018b9  0x35a  Code  Gb  qhsm_dis.o [5]
QHsm::init(QEvent const *)
                        0x00002bcd  0x10a  Code  Gb  qhsm_ini.o [5]
QHsm::top(QHsm*, QEvent const *)
                        0x00003b49    0x4  Code  Gb  qhsm_top.o [5]
QHsm::~QHsm()           0x00002bcb    0x2  Code  Gb  qhsm_ini.o [5]
QHsm::~QHsm() [deleting]
                        0x00002bbd    0xc  Code  Gb  qhsm_ini.o [5]
QHsm::~QHsm() [subobject]
                        0x00002bc9    0x2  Code  Gb  qhsm_ini.o [5]
QK::onIdle()            0x0000040b   0x4a  Code  Gb  bsp.o [1]
QK_ceilingPrio_         0x200009d5    0x1  Data  Gb  qk_mutex.o [7]
QK_currPrio_            0x20000004    0x1  Data  Gb  qk.o [7]
QK_init                 0x00002ab5         Code  Gb  qk_port.o [7]
QK_intNest_             0x200009d3    0x1  Data  Gb  qk.o [7]
QK_readySet_            0x2000097c    0xc  Data  Gb  qk.o [7]
QK_schedule_            0x00001705   0xcc  Code  Gb  qk_sched.o [7]
QMPool::get()           0x00001671   0x5e  Code  Gb  qmp_get.o [6]
QMPool::init(void *, unsigned int, unsigned short)
                        0x00003095   0xc8  Code  Gb  qmp_init.o [6]
QMPool::put(void *)     0x00001d45   0x74  Code  Gb  qmp_put.o [6]
QPSet64::findMax() volatile
                        0x000017d1   0x28  Code  Gb  qk_sched.o [7]
QPSet64::insert(unsigned char) volatile
                        0x000016d9   0x2c  Code  Gb  qa_fifo.o [6]
QPSet64::remove(unsigned char) volatile
                        0x00001d19   0x2c  Code  Gb  qa_get_.o [6]
QS::aoObj_              0x200009ac    0x4  Data  Gb  qs_.o [8]
QS::apObj_              0x200009bc    0x4  Data  Gb  qs_.o [8]
QS::begin(unsigned char)
                        0x00000767   0xb2  Code  Gb  qs.o [8]
QS::end()               0x00000819   0x86  Code  Gb  qs.o [8]
QS::eqObj_              0x200009b4    0x4  Data  Gb  qs_.o [8]
QS::filterOff(unsigned char)
                        0x0000073b   0x2c  Code  Gb  qs.o [8]
QS::filterOn(unsigned char)
                        0x0000070f   0x2c  Code  Gb  qs.o [8]
QS::getBlock(unsigned short *)
                        0x000015a5   0x60  Code  Gb  qs_blk.o [8]
QS::glbFilter_          0x20000920   0x20  Data  Gb  qs.o [8]
QS::initBuf(unsigned char *, unsigned int)
                        0x00000705    0xa  Code  Gb  qs.o [8]
QS::mpObj_              0x200009b0    0x4  Data  Gb  qs_.o [8]
QS::onFlush()           0x0000061b   0x4a  Code  Gb  bsp.o [1]
QS::onGetTime()         0x000005f5   0x26  Code  Gb  bsp.o [1]
QS::onStartup(void const *)
                        0x00000459  0x19c  Code  Gb  bsp.o [1]
QS::smObj_              0x200009a8    0x4  Data  Gb  qs_.o [8]
QS::str(char const *)   0x0000150d   0x7c  Code  Gb  qs_str.o [8]
QS::str_ROM_(char const *)
                        0x00000c15   0x6c  Code  Gb  qs_.o [8]
QS::teObj_              0x200009b8    0x4  Data  Gb  qs_.o [8]
QS::tickCtr_            0x200009c0    0x4  Data  Gb  qs_.o [8]
QS::u16_(unsigned short)
                        0x000009a9   0xc0  Code  Gb  qs_.o [8]
QS::u32_(unsigned int)  0x00000a71  0x190  Code  Gb  qs_.o [8]
QS::u8(unsigned char, unsigned char)
                        0x0000089f   0x9e  Code  Gb  qs.o [8]
QS::u8_(unsigned char)  0x0000094d   0x5c  Code  Gb  qs_.o [8]
QS_chksum_              0x2000096d    0x1  Data  Gb  qs.o [8]
QS_end_                 0x2000096e    0x2  Data  Gb  qs.o [8]
QS_head_                0x20000970    0x2  Data  Gb  qs.o [8]
QS_ring_                0x20000978    0x4  Data  Gb  qs.o [8]
QS_seq_                 0x2000096c    0x1  Data  Gb  qs.o [8]
QS_tail_                0x20000972    0x2  Data  Gb  qs.o [8]
QS_tickPeriod_          0x200009a0    0x4  Data  Gb  bsp.o [1]
QS_tickTime_            0x2000099c    0x4  Data  Gb  bsp.o [1]
QS_used_                0x20000974    0x2  Data  Gb  qs.o [8]
QTimeEvt::QTimeEvt(unsigned char)
                        0x0000235d   0x28  Code  Gb  qte_ctor.o [6]
QTimeEvt::arm_(QActive *, unsigned short)
                        0x000025a5   0x84  Code  Gb  qte_arm.o [6]
QTimeEvt::postIn(QActive *, unsigned short)
                        0x00002425   0x1a  Code  Gb  philo.o [1]
Q_onAssert              0x00000455    0x4  Code  Gb  bsp.o [1]
Region$$Table$$Base     0x000036d4          --   Gb  - Linker created -
Region$$Table$$Limit    0x000036fc          --   Gb  - Linker created -
SHT$$INIT_ARRAY$$Base   0x00003b38          --   Gb  - Linker created -
SHT$$INIT_ARRAY$$Limit  0x00003b40          --   Gb  - Linker created -
SHT$$PREINIT_ARRAY$$Base
                        0x00003b38          --   Gb  - Linker created -
SHT$$PREINIT_ARRAY$$Limit
                        0x00003b38          --   Gb  - Linker created -
SVC_Handler             0x00002af7         Code  Gb  qk_port.o [7]
SysCtlDelay             0x000010f9    0x8  Code  Gb  display96x16x1.o [1]
SysTick_Config(unsigned int)
                        0x00000131   0x38  Code  Lc  bsp.o [1]
SysTick_Handler         0x00000169   0xb0  Code  Gb  bsp.o [1]
SystemFrequency         0x20000000    0x4  Data  Gb  system_lm3s.o [1]
SystemInit              0x00000ebd  0x114  Code  Gb  system_lm3s.o [1]
Table::Table()          0x00002659   0x36  Code  Gb  table.o [1]
Table::initial(Table*, QEvent const *)
                        0x0000268f  0x174  Code  Gb  table.o [1]
Table::serving(Table*, QEvent const *)
                        0x00002803  0x1dc  Code  Gb  table.o [1]
Table::~Table()         0x000037e9    0xe  Code  Gb  table.o [1]
Table::~Table() [deleting]
                        0x000037d3   0x16  Code  Gb  table.o [1]
Virtual function table for Philo
                        0x00003924   0x10  Data  Gb  philo.o [1]
Virtual function table for QActive
                        0x00003964   0x10  Data  Gb  table.o [1]
Virtual function table for QHsm
                        0x000039b4   0x10  Data  Gb  qhsm_ini.o [5]
Virtual function table for Table
                        0x00003974   0x10  Data  Gb  table.o [1]
__aeabi_atexit          0x0000232f    0xa  Code  Gb  cxxabi.o [4]
__aeabi_memclr4         0x0000163d         Code  Gb  ABImemclr4.o [9]
__aeabi_memset4         0x00001605         Code  Gb  ABImemset48.o [9]
__aeabi_memset8         0x00001605         Code  Gb  ABImemset48.o [9]
__aeabi_vec_ctor_nocookie_nodtor
                        0x000022ed   0x22  Code  Gb  cxxabi.o [4]
__aeabi_vec_dtor        0x0000230f   0x20  Code  Gb  cxxabi.o [4]
__call_ctors            0x00002501   0x18  Code  Gb  cppinit.o [3]
__call_dtors            0x00002545    0x2  Code  Gb  cppinit.o [3]
__cexit_call_dtors      0x00003833         Code  Gb  cexit.o [9]
__cexit_clearlocks      0x00003837         Code  Gb  cexit.o [9]
__cmain                 0x0000380d         Code  Gb  cmain.o [9]
__cstart_call_dtors     0x00003b4d         Code  Gb  cstart_call_dtors.o [9]
__cstart_clearlocks     0x00003b4d         Code  Gb  cstart_clearlocks.o [9]
__cxa_atexit            0x00002519   0x2c  Code  Gb  cppinit.o [3]
__cxa_finalize          0x00002547   0x36  Code  Gb  cppinit.o [3]
__data_Aldata           0x20000990    0x8  Data  Gb  xxmemxmalloc.o [3]
__dso_handle            0x200009cc    0x4  Data  Gb  cppinit.o [3]
__exit                  0x00003845   0x14  Code  Gb  exit.o [10]
__iar_Locksyslock       0x00002db5   0x44  Code  Gb  xsyslock.o [3]
__iar_Memset4_word      0x0000160d         Code  Gb  ABImemset48.o [9]
__iar_Memset8_word      0x0000160d         Code  Gb  ABImemset48.o [9]
__iar_Unlocksyslock     0x00002df9   0x16  Code  Gb  xsyslock.o [3]
__iar_clearlocks        0x00002d85   0x30  Code  Gb  xsyslock.o [3]
__iar_copy_init3        0x00001643   0x2e  Code  Gb  copy_init3.o [9]
__iar_cstart_call_ctors
                        0x000036fd   0x20  Code  Gb  cmain_call_ctors.o [9]
__iar_data_init3        0x000036a9   0x2c  Code  Gb  data_init3.o [9]
__iar_program_start     0x00003ab5         Code  Gb  cstartup_M.o [9]
__iar_system_Mtxdst     0x00002e17    0x2  Code  Gb  xmtx.o [3]
__iar_system_Mtxinit    0x00002e15    0x2  Code  Gb  xmtx.o [3]
__iar_system_Mtxlock    0x00002e19    0x2  Code  Gb  xmtx.o [3]
__iar_system_Mtxunlock  0x00002e1b    0x2  Code  Gb  xmtx.o [3]
__iar_zero_init3        0x00001c57   0x22  Code  Gb  zero_init3.o [9]
__low_level_init        0x00003823    0x4  Code  Gb  low_level_init.o [3]
__sti__routine          0x00001db9   0x22  Code  Lc  philo.o [1]
__sti__routine          0x00002641   0x18  Code  Lc  table.o [1]
__vector_table          0x00000000   0xf0  Data  Gb  startup_ewarm.o [1]
_call_main              0x00003819         Code  Gb  cmain.o [9]
_exit                   0x00003831         Code  Gb  cexit.o [9]
_main                   0x0000381f         Code  Gb  cmain.o [9]
exit                    0x00003827    0x8  Code  Gb  exit.o [3]
free                    0x00002cf9   0x86  Code  Gb  xxmemxfree.o [3]
g_pucFont               0x0000315c  0x1dc  Data  Lc  display96x16x1.o [1]
g_pucOSRAMInit          0x00003438   0x74  Data  Lc  display96x16x1.o [1]
g_pucOSRAMRow1          0x00003ac0    0x8  Data  Lc  display96x16x1.o [1]
g_pucOSRAMRow2          0x00003ac8    0x8  Data  Lc  display96x16x1.o [1]
g_pucRITInit            0x000034ac   0x50  Data  Lc  display96x16x1.o [1]
g_pucRITRow1            0x00003ad0    0x8  Data  Lc  display96x16x1.o [1]
g_pucRITRow2            0x00003ad8    0x8  Data  Lc  display96x16x1.o [1]
g_ucColumnAdjust        0x200009d1    0x1  Data  Lc  display96x16x1.o [1]
g_ucDisplayIsRIT        0x200009d0    0x1  Data  Lc  display96x16x1.o [1]
g_ulDelay               0x200009a4    0x4  Data  Lc  display96x16x1.o [1]
getOscClk               0x00000fd1   0xca  Code  Lc  system_lm3s.o [1]
l_delay                 0x20000998    0x4  Data  Lc  bsp.o [1]
l_philo                 0x20000708   0xf0  Data  Lc  philo.o [1]
l_philoQueueSto         0x200007f8   0x64  Data  Lc  main.o [1]
l_smlPoolSto            0x200008d4   0x28  Data  Lc  main.o [1]
l_subscrSto             0x2000089c   0x38  Data  Lc  main.o [1]
l_table                 0x200008fc   0x24  Data  Lc  table.o [1]
l_tableQueueSto         0x20000958   0x14  Data  Lc  main.o [1]
l_this_file             0x00003594   0x48  Data  Lc  bsp.o [1]
l_this_file             0x000034fc   0x4c  Data  Lc  philo.o [1]
l_this_file             0x00003548   0x4c  Data  Lc  table.o [1]
l_this_file             0x00003b44    0x4  Data  Lc  qk.o [7]
l_this_file             0x00003ae8    0x8  Data  Lc  qf_new.o [6]
l_this_file             0x00003af0    0x8  Data  Lc  qa_fifo.o [6]
l_this_file             0x00003af8    0x8  Data  Lc  qf_pool.o [6]
l_this_file             0x00003a6c    0xc  Data  Lc  qf_pspub.o [6]
l_this_file             0x00003a78    0xc  Data  Lc  qhsm_ini.o [5]
l_this_file             0x00003b00    0x8  Data  Lc  qte_arm.o [6]
l_this_file             0x00003a84    0xc  Data  Lc  qte_ctor.o [6]
l_this_file             0x00003b08    0x8  Data  Lc  qa_sub.o [6]
l_this_file             0x00003a90    0xc  Data  Lc  qk_sched.o [7]
l_this_file             0x00003b10    0x8  Data  Lc  qf_act.o [6]
l_this_file             0x00003a9c    0xc  Data  Lc  qmp_init.o [6]
l_this_file             0x00003b18    0x8  Data  Lc  qf_gc.o [6]
l_this_file             0x00003aa8    0xc  Data  Lc  qhsm_dis.o [5]
l_this_file             0x00003b28    0x8  Data  Lc  qa_get_.o [6]
l_this_file             0x00003b30    0x8  Data  Lc  qmp_put.o [6]
main                    0x00002e1d  0x20c  Code  Gb  main.o [1]
mtx                     0x20000944   0x14  Data  Lc  xsyslock.o [3]
next_abi_dtor_rec       0x200009c8    0x4  Data  Lc  cppinit.o [3]
operator delete (void *)
                        0x00002ced    0xc  Code  Gb  delop_0.o [4]
pulStack                0x200009d8  0x258  Data  Lc  startup_ewarm.o [1]
syslock_o               0x20000940    0x4  Data  Lc  xsyslock.o [3]


[1] = D:\software\qpcpp\examples\arm-cortex\qk\iar\dpp-qk-ev-lm3s811\spy
[2] = command line
[3] = dl7M_tln.a
[4] = dlpp7M_tl_ne.a
[5] = libqep_cortex-m3.a
[6] = libqf_cortex-m3.a
[7] = libqk_cortex-m3.a
[8] = libqs_cortex-m3.a
[9] = rt7M_tl.a
[10] = shb_l.a

  12 684 bytes of readonly  code memory
   2 504 bytes of readonly  data memory
   3 526 bytes of readwrite data memory

Errors: none
Warnings: none
