###############################################################################
#                                                                             #
# IAR ELF Linker V6.10.2.52244/W32 for ARM              07/Jan/2011  21:47:04 #
# Copyright 2007-2010 IAR Systems AB.                                         #
#                                                                             #
#    Output file  =  D:\software\qpcpp\examples\arm-cortex\vanilla\iar\game-e #
#                    v-lm3s811-qm\spy\game.out                                #
#    Map file     =  D:\software\qpcpp\examples\arm-cortex\vanilla\iar\game-e #
#                    v-lm3s811-qm\spy\game.map                                #
#    Command line =  D:\software\qpcpp\examples\arm-cortex\vanilla\iar\game-e #
#                    v-lm3s811-qm\spy\bsp.o D:\software\qpcpp\examples\arm-co #
#                    rtex\vanilla\iar\game-ev-lm3s811-qm\spy\core_cm3.o       #
#                    D:\software\qpcpp\examples\arm-cortex\vanilla\iar\game-e #
#                    v-lm3s811-qm\spy\display96x16x1.o                        #
#                    D:\software\qpcpp\examples\arm-cortex\vanilla\iar\game-e #
#                    v-lm3s811-qm\spy\main.o D:\software\qpcpp\examples\arm-c #
#                    ortex\vanilla\iar\game-ev-lm3s811-qm\spy\mine1.o         #
#                    D:\software\qpcpp\examples\arm-cortex\vanilla\iar\game-e #
#                    v-lm3s811-qm\spy\mine2.o D:\software\qpcpp\examples\arm- #
#                    cortex\vanilla\iar\game-ev-lm3s811-qm\spy\missile.o      #
#                    D:\software\qpcpp\examples\arm-cortex\vanilla\iar\game-e #
#                    v-lm3s811-qm\spy\ship.o D:\software\qpcpp\examples\arm-c #
#                    ortex\vanilla\iar\game-ev-lm3s811-qm\spy\startup_ewarm.o #
#                     D:\software\qpcpp\examples\arm-cortex\vanilla\iar\game- #
#                    ev-lm3s811-qm\spy\system_lm3s.o                          #
#                    D:\software\qpcpp\examples\arm-cortex\vanilla\iar\game-e #
#                    v-lm3s811-qm\spy\tunnel.o D:\software\qpcpp\ports\arm-co #
#                    rtex\vanilla\iar\spy\libqep_cortex-m3.a                  #
#                    D:\software\qpcpp\ports\arm-cortex\vanilla\iar\spy\libqf #
#                    _cortex-m3.a D:\software\qpcpp\ports\arm-cortex\vanilla\ #
#                    iar\spy\libqs_cortex-m3.a --redirect                     #
#                    _Printf=_PrintfTiny --redirect _Scanf=_ScanfSmall -o     #
#                    D:\software\qpcpp\examples\arm-cortex\vanilla\iar\game-e #
#                    v-lm3s811-qm\spy\game.out --map                          #
#                    D:\software\qpcpp\examples\arm-cortex\vanilla\iar\game-e #
#                    v-lm3s811-qm\spy\game.map --config                       #
#                    D:\software\qpcpp\examples\arm-cortex\vanilla\iar\game-e #
#                    v-lm3s811-qm\lm3s811.icf --semihosting --entry           #
#                    __iar_program_start                                      #
#                                                                             #
#                                                                             #
###############################################################################

*******************************************************************************
*** RUNTIME MODEL ATTRIBUTES
***

CppFlavor       = *
__CPP_Language  = EC++
__Heap_Handler  = Basic
__SystemLibrary = DLib


*******************************************************************************
*** PLACEMENT SUMMARY
***

"A1":  place at start of [0x00000000-0x0000ffff] { ro section .intvec };
"P1":  place in [from 0x00000000 to 0x0000ffff] { ro };
"P2":  place in [from 0x20000000 to 0x20001fff] { rw, block HEAP };

  Section             Kind        Address    Size  Object
  -------             ----        -------    ----  ------
"A1":                                        0xf0
  .intvec             const    0x00000000    0xf0  startup_ewarm.o [1]
                             - 0x000000f0    0xf0

"P1":                                      0x5aec
  .text               ro code  0x000000f0   0xf84  tunnel.o [1]
  .text               ro code  0x00001074    0x52  cxxabi.o [4]
  .text               ro code  0x000010c6     0xc  tunnel.o [1]
  .text               ro code  0x000010d2    0x22  zero_init3.o [8]
  .text               ro code  0x000010f4    0x30  qte_ctor.o [6]
  .text               ro code  0x00001124   0x590  mine1.o [1]
  .text               ro code  0x000016b4   0x590  mine2.o [1]
  .text               ro code  0x00001c44    0x16  tunnel.o [1]
  .text               ro code  0x00001c5a    0x16  tunnel.o [1]
  .text               ro code  0x00001c70   0x39e  qhsm_dis.o [5]
  .text               ro code  0x0000200e    0x12  startup_ewarm.o [1]
  .text               ro code  0x00002020   0x6d4  bsp.o [1]
  .text               ro code  0x000026f4   0x130  qhsm_ini.o [5]
  .text               ro code  0x00002824    0x98  qa_sub.o [6]
  .text               ro code  0x000028bc   0x1a4  qs.o [7]
  .text               ro code  0x00002a60   0x33c  qs_.o [7]
  .text               ro code  0x00002d9c    0x16  tunnel.o [1]
  .text               ro code  0x00002db2    0x18  tunnel.o [1]
  .text               ro code  0x00002dca    0x1a  tunnel.o [1]
  .text               ro code  0x00002de4    0xa0  qte_darm.o [6]
  .text               ro code  0x00002e84    0xac  qa_fifo.o [6]
  .text               ro code  0x00002f30    0x94  qvanilla.o [6]
  .text               ro code  0x00002fc4    0x88  cppinit.o [3]
  .text               ro code  0x0000304c    0x1c  tunnel.o [1]
  .text               ro code  0x00003068    0x8c  qf_new.o [6]
  .text               ro code  0x000030f4     0xa  mine2.o [1]
  .text               ro code  0x000030fe     0xa  mine2.o [1]
  .text               ro code  0x00003108    0x78  ABImemmove.o [8]
  .text               ro code  0x00003180    0x70  ABImemcpy.o [8]
  .text               ro code  0x000031f0    0xf0  qf_tick.o [6]
  .text               ro code  0x000032e0    0xc0  qf_pspub.o [6]
  .text               ro code  0x000033a0   0x2a4  system_lm3s.o [1]
  .text               ro code  0x00003644   0x548  display96x16x1.o [1]
  .text               ro code  0x00003b8c    0x60  qs_blk.o [7]
  .text               ro code  0x00003bec     0xc  delop_0.o [4]
  .text               ro code  0x00003bf8    0x38  ABImemset48.o [8]
  .text               ro code  0x00003c30     0x6  ABImemclr4.o [8]
  .text               ro code  0x00003c38    0x66  ABImemset.o [8]
  .text               ro code  0x00003ca0    0x84  qte_arm.o [6]
  .text               ro code  0x00003d24    0x2c  qa_fifo.o [6]
  .text               ro code  0x00003d50    0x28  qvanilla.o [6]
  .text               ro code  0x00003d78    0xc0  qa_get_.o [6]
  .text               ro code  0x00003e38    0xa0  qf_gc.o [6]
  .text               ro code  0x00003ed8    0x4c  qeq_init.o [6]
  .text               ro code  0x00003f24    0x68  qf_act.o [6]
  .text               ro code  0x00003f8c     0xc  tunnel.o [1]
  .text               ro code  0x00003f98    0x68  qmp_get.o [6]
  .text               ro code  0x00004000    0x8c  xxmemxfree.o [3]
  .text               ro code  0x0000408c    0x2c  qa_get_.o [6]
  .text               ro code  0x000040b8    0x74  qmp_put.o [6]
  .text               ro code  0x0000412c     0xc  tunnel.o [1]
  .text               ro code  0x00004138    0x90  xsyslock.o [3]
  .text               ro code  0x000041c8     0x8  xmtx.o [3]
  .text               ro code  0x000041d0   0x40c  ship.o [1]
  .text               ro code  0x000045dc    0x24  ship.o [1]
  .text               ro code  0x00004600   0x2cc  missile.o [1]
  .text               ro code  0x000048cc    0x1c  missile.o [1]
  .text               ro code  0x000048e8   0x250  main.o [1]
  .text               ro code  0x00004b38    0x60  qf_pool.o [6]
  .text               ro code  0x00004b98     0xc  qf_psini.o [6]
  .text               ro code  0x00004ba4    0xc8  qmp_init.o [6]
  .rodata             const    0x00004c6c   0x1dc  display96x16x1.o [1]
  .rodata             const    0x00004e48   0x100  qf_log2.o [6]
  .rodata             const    0x00004f48    0x74  display96x16x1.o [1]
  .rodata             const    0x00004fbc    0x5c  system_lm3s.o [1]
  .rodata             const    0x00005018    0x58  mine1.o [1]
  .rodata             const    0x00005070    0x58  mine2.o [1]
  .rodata             const    0x000050c8    0x58  tunnel.o [1]
  .rodata             const    0x00005120    0x50  bsp.o [1]
  .rodata             const    0x00005170    0x50  display96x16x1.o [1]
  .rodata             const    0x000051c0    0x50  tunnel.o [1]
  .rodata             const    0x00005210    0x44  qf_pwr2.o [6]
  .rodata             const    0x00005254    0x44  qf_pwr2.o [6]
  .rodata             const    0x00005298    0x44  qf_pwr2.o [6]
  .rodata             const    0x000052dc    0x38  tunnel.o [1]
  .text               ro code  0x00005314    0x2c  data_init3.o [8]
  .iar.init_table     const    0x00005340    0x14  - Linker created -
  .text               ro code  0x00005354    0x20  cmain_call_ctors.o [8]
  .rodata             const    0x00005374    0x1c  tunnel.o [1]
  .rodata             const    0x00005390    0x1c  tunnel.o [1]
  .rodata             const    0x000053ac    0x1c  tunnel.o [1]
  .rodata             const    0x000053c8    0x1c  tunnel.o [1]
  .text               ro code  0x000053e4    0x1c  mine1.o [1]
  .text               ro code  0x00005400    0x1c  mine2.o [1]
  .rodata             const    0x0000541c    0x18  ship.o [1]
  .rodata             const    0x00005434    0x18  tunnel.o [1]
  .text               ro code  0x0000544c    0x16  mine1.o [1]
  .text               ro code  0x00005462     0xe  mine1.o [1]
  .text               ro code  0x00005470    0x16  mine2.o [1]
  .text               ro code  0x00005486     0xe  mine2.o [1]
  .text               ro code  0x00005494    0x16  missile.o [1]
  .text               ro code  0x000054aa     0xe  missile.o [1]
  .text               ro code  0x000054b8     0xc  tunnel.o [1]
  .text               ro code  0x000054c4     0xe  tunnel.o [1]
  .text               ro code  0x000054d2    0x16  ship.o [1]
  .text               ro code  0x000054e8     0xe  ship.o [1]
  .text               ro code  0x000054f6    0x16  tunnel.o [1]
  .text               ro code  0x0000550c     0xe  tunnel.o [1]
  .text               ro code  0x0000551a    0x16  tunnel.o [1]
  .text               ro code  0x00005530    0x16  cmain.o [8]
  .text               ro code  0x00005546     0x4  low_level_init.o [3]
  .text               ro code  0x0000554a     0x8  exit.o [3]
  .text               ro code  0x00005554    0x12  cexit.o [8]
  .text               ro code  0x00005568    0x14  exit.o [9]
  .rodata             const    0x0000557c    0x14  main.o [1]
  .rodata             const    0x00005590    0x14  main.o [1]
  .rodata             const    0x000055a4    0x14  main.o [1]
  .rodata             const    0x000055b8    0x14  mine1.o [1]
  .rodata             const    0x000055cc    0x14  mine1.o [1]
  .rodata             const    0x000055e0    0x14  mine1.o [1]
  .rodata             const    0x000055f4    0x14  mine2.o [1]
  .rodata             const    0x00005608    0x14  mine2.o [1]
  .rodata             const    0x0000561c    0x14  mine2.o [1]
  .rodata             const    0x00005630    0x14  missile.o [1]
  .rodata             const    0x00005644    0x14  missile.o [1]
  .rodata             const    0x00005658    0x14  missile.o [1]
  .rodata             const    0x0000566c    0x14  missile.o [1]
  .rodata             const    0x00005680    0x14  missile.o [1]
  .rodata             const    0x00005694    0x14  ship.o [1]
  .rodata             const    0x000056a8    0x14  ship.o [1]
  .rodata             const    0x000056bc    0x14  tunnel.o [1]
  .rodata             const    0x000056d0    0x14  tunnel.o [1]
  .rodata             const    0x000056e4    0x14  tunnel.o [1]
  .rodata             const    0x000056f8    0x14  tunnel.o [1]
  .rodata             const    0x0000570c    0x14  tunnel.o [1]
  .rodata             const    0x00005720    0x14  tunnel.o [1]
  SHT$$PREINIT_ARRAY           0x00005734     0x0  <Block>
  SHT$$INIT_ARRAY              0x00005734    0x14  <Block>
    .init_array       const    0x00005734     0x4  mine1.o [1]
    .init_array       const    0x00005738     0x4  mine2.o [1]
    .init_array       const    0x0000573c     0x4  missile.o [1]
    .init_array       const    0x00005740     0x4  ship.o [1]
    .init_array       const    0x00005744     0x4  tunnel.o [1]
  .rodata             const    0x00005748    0x10  main.o [1]
  .rodata             const    0x00005758    0x10  main.o [1]
  .rodata             const    0x00005768    0x10  main.o [1]
  .rodata             const    0x00005778    0x10  main.o [1]
  .rodata             const    0x00005788    0x10  main.o [1]
  .rodata             const    0x00005798    0x10  main.o [1]
  .rodata             const    0x000057a8    0x10  mine1.o [1]
  .rodata             const    0x000057b8    0x10  mine1.o [1]
  .rodata             const    0x000057c8    0x10  mine1.o [1]
  .rodata             const    0x000057d8    0x10  mine1.o [1]
  .rodata             const    0x000057e8    0x10  mine1.o [1]
  .rodata             const    0x000057f8    0x10  mine1.o [1]
  .rodata             const    0x00005808    0x10  mine1.o [1]
  .rodata             const    0x00005818    0x10  mine1.o [1]
  .rodata             const    0x00005828    0x10  mine2.o [1]
  .rodata             const    0x00005838    0x10  mine2.o [1]
  .rodata             const    0x00005848    0x10  mine2.o [1]
  .rodata             const    0x00005858    0x10  mine2.o [1]
  .rodata             const    0x00005868    0x10  mine2.o [1]
  .rodata             const    0x00005878    0x10  mine2.o [1]
  .rodata             const    0x00005888    0x10  mine2.o [1]
  .rodata             const    0x00005898    0x10  mine2.o [1]
  .rodata             const    0x000058a8    0x10  missile.o [1]
  .rodata             const    0x000058b8    0x10  missile.o [1]
  .rodata             const    0x000058c8    0x10  missile.o [1]
  .rodata             const    0x000058d8    0x10  ship.o [1]
  .rodata             const    0x000058e8    0x10  ship.o [1]
  .rodata             const    0x000058f8    0x10  ship.o [1]
  .rodata             const    0x00005908    0x10  ship.o [1]
  .rodata             const    0x00005918    0x10  ship.o [1]
  .rodata             const    0x00005928    0x10  ship.o [1]
  .rodata             const    0x00005938    0x10  ship.o [1]
  .rodata             const    0x00005948    0x10  ship.o [1]
  .rodata             const    0x00005958    0x10  tunnel.o [1]
  .rodata             const    0x00005968    0x10  tunnel.o [1]
  .rodata             const    0x00005978    0x10  tunnel.o [1]
  .rodata             const    0x00005988    0x10  tunnel.o [1]
  .rodata             const    0x00005998    0x10  tunnel.o [1]
  .rodata             const    0x000059a8    0x10  tunnel.o [1]
  .rodata             const    0x000059b8    0x10  tunnel.o [1]
  .rodata             const    0x000059c8    0x10  tunnel.o [1]
  .rodata             const    0x000059d8    0x10  tunnel.o [1]
  .rodata             const    0x000059e8    0x10  qhsm_ini.o [5]
  .rodata             const    0x000059f8     0xc  mine1.o [1]
  .rodata             const    0x00005a04     0xc  mine1.o [1]
  .rodata             const    0x00005a10     0xc  mine1.o [1]
  .rodata             const    0x00005a1c     0xc  mine1.o [1]
  .rodata             const    0x00005a28     0xc  mine1.o [1]
  .rodata             const    0x00005a34     0xc  mine2.o [1]
  .rodata             const    0x00005a40     0xc  mine2.o [1]
  .rodata             const    0x00005a4c     0xc  mine2.o [1]
  .rodata             const    0x00005a58     0xc  mine2.o [1]
  .rodata             const    0x00005a64     0xc  mine2.o [1]
  .rodata             const    0x00005a70     0xc  missile.o [1]
  .rodata             const    0x00005a7c     0xc  tunnel.o [1]
  .rodata             const    0x00005a88     0xc  tunnel.o [1]
  .rodata             const    0x00005a94     0xc  tunnel.o [1]
  .rodata             const    0x00005aa0     0xc  tunnel.o [1]
  .rodata             const    0x00005aac     0xc  qf_pspub.o [6]
  .rodata             const    0x00005ab8     0xc  qvanilla.o [6]
  .rodata             const    0x00005ac4     0xc  qhsm_ini.o [5]
  .rodata             const    0x00005ad0     0xc  qhsm_dis.o [5]
  .rodata             const    0x00005adc     0xc  qte_ctor.o [6]
  .rodata             const    0x00005ae8     0xc  qmp_init.o [6]
  .text               ro code  0x00005af4     0xc  cstartup_M.o [8]
  .rodata             const    0x00005b00     0x8  display96x16x1.o [1]
  .rodata             const    0x00005b08     0x8  display96x16x1.o [1]
  .rodata             const    0x00005b10     0x8  display96x16x1.o [1]
  .rodata             const    0x00005b18     0x8  display96x16x1.o [1]
  .rodata             const    0x00005b20     0x8  ship.o [1]
  .rodata             const    0x00005b28     0x8  tunnel.o [1]
  .rodata             const    0x00005b30     0x8  tunnel.o [1]
  .rodata             const    0x00005b38     0x8  tunnel.o [1]
  .rodata             const    0x00005b40     0x8  tunnel.o [1]
  .rodata             const    0x00005b48     0x8  tunnel.o [1]
  .rodata             const    0x00005b50     0x8  tunnel.o [1]
  .rodata             const    0x00005b58     0x8  qf_new.o [6]
  .rodata             const    0x00005b60     0x8  qa_fifo.o [6]
  .rodata             const    0x00005b68     0x8  qf_pool.o [6]
  .rodata             const    0x00005b70     0x8  qa_sub.o [6]
  .rodata             const    0x00005b78     0x8  qte_arm.o [6]
  .rodata             const    0x00005b80     0x8  qf_gc.o [6]
  .rodata             const    0x00005b88     0x8  qf_act.o [6]
  .rodata             const    0x00005b90     0x8  qa_get_.o [6]
  .rodata             const    0x00005b98     0x8  qep.o [5]
  .rodata             const    0x00005ba0     0x8  qmp_put.o [6]
  .rodata             const    0x00005ba8     0x4  bsp.o [1]
  .rodata             const    0x00005bac     0x4  bsp.o [1]
  .rodata             const    0x00005bb0     0x4  missile.o [1]
  .rodata             const    0x00005bb4     0x4  ship.o [1]
  .rodata             const    0x00005bb8     0x4  tunnel.o [1]
  .rodata             const    0x00005bbc     0x4  tunnel.o [1]
  .rodata             const    0x00005bc0     0x4  tunnel.o [1]
  .rodata             const    0x00005bc4     0x4  tunnel.o [1]
  .rodata             const    0x00005bc8     0x4  tunnel.o [1]
  .rodata             const    0x00005bcc     0x4  tunnel.o [1]
  .rodata             const    0x00005bd0     0x4  tunnel.o [1]
  .rodata             const    0x00005bd4     0x4  tunnel.o [1]
  .text               ro code  0x00005bd8     0x4  qhsm_top.o [5]
  .text               ro code  0x00005bdc     0x0  cstart_call_dtors.o [8]
  .text               ro code  0x00005bdc     0x0  cstart_clearlocks.o [8]
                             - 0x00005bdc  0x5aec

"P2", part 1 of 2:                          0xbb8
  .bss                zero     0x20000000   0x600  bsp.o [1]
  .bss                zero     0x20000600   0x100  qf_act.o [6]
  .bss                zero     0x20000700    0xc0  tunnel.o [1]
  .bss                zero     0x200007c0    0xc0  tunnel.o [1]
  .bss                zero     0x20000880    0x88  tunnel.o [1]
  .bss                zero     0x20000908    0x44  main.o [1]
  .bss                zero     0x2000094c    0x40  main.o [1]
  .bss                zero     0x2000098c    0x40  qf_pool.o [6]
  .bss                zero     0x200009cc    0x3c  mine1.o [1]
  .bss                zero     0x20000a08    0x3c  mine2.o [1]
  .bss                zero     0x20000a44    0x34  main.o [1]
  .bss                zero     0x20000a78    0x28  main.o [1]
  .bss                zero     0x20000aa0    0x20  missile.o [1]
  .bss                zero     0x20000ac0    0x20  ship.o [1]
  .bss                zero     0x20000ae0    0x20  qs.o [7]
  .bss                zero     0x20000b00    0x18  xsyslock.o [3]
  .bss                zero     0x20000b18    0x10  qs.o [7]
  .bss                zero     0x20000b28     0xc  main.o [1]
  .bss                zero     0x20000b34     0xc  qvanilla.o [6]
  .bss                zero     0x20000b40     0x8  main.o [1]
  .bss                zero     0x20000b48     0x8  qf_psini.o [6]
  .bss                zero     0x20000b50     0x8  xxmemxmalloc.o [3]
  .bss                zero     0x20000b58     0x4  bsp.o [1]
  .bss                zero     0x20000b5c     0x4  bsp.o [1]
  .bss                zero     0x20000b60     0x4  bsp.o [1]
  .bss                zero     0x20000b64     0x4  bsp.o [1]
  .bss                zero     0x20000b68     0x4  bsp.o [1]
  .bss                zero     0x20000b6c     0x4  display96x16x1.o [1]
  .bss                zero     0x20000b70     0x4  mine1.o [1]
  .bss                zero     0x20000b74     0x4  mine1.o [1]
  .bss                zero     0x20000b78     0x4  mine2.o [1]
  .bss                zero     0x20000b7c     0x4  mine2.o [1]
  .bss                zero     0x20000b80     0x4  system_lm3s.o [1]
  .bss                zero     0x20000b84     0x4  tunnel.o [1]
  .bss                zero     0x20000b88     0x4  qs_.o [7]
  .bss                zero     0x20000b8c     0x4  qs_.o [7]
  .bss                zero     0x20000b90     0x4  qs_.o [7]
  .bss                zero     0x20000b94     0x4  qs_.o [7]
  .bss                zero     0x20000b98     0x4  qs_.o [7]
  .bss                zero     0x20000b9c     0x4  qs_.o [7]
  .bss                zero     0x20000ba0     0x4  qte_arm.o [6]
  .bss                zero     0x20000ba4     0x4  cppinit.o [3]
  .bss                zero     0x20000ba8     0x4  cppinit.o [3]
  .bss                zero     0x20000bac     0x1  bsp.o [1]
  .bss                zero     0x20000bad     0x1  display96x16x1.o [1]
  .bss                zero     0x20000bae     0x1  display96x16x1.o [1]
  .bss                zero     0x20000baf     0x1  mine1.o [1]
  .bss                zero     0x20000bb0     0x1  mine1.o [1]
  .bss                zero     0x20000bb1     0x1  mine1.o [1]
  .bss                zero     0x20000bb2     0x1  mine2.o [1]
  .bss                zero     0x20000bb3     0x1  mine2.o [1]
  .bss                zero     0x20000bb4     0x1  mine2.o [1]
  .bss                zero     0x20000bb5     0x1  qf_tick.o [6]
                             - 0x20000bb6   0xbb6

"P2", part 2 of 2:                          0x414
  .noinit             uninit   0x20000bb8   0x258  startup_ewarm.o [1]
  .iar.dynexit                 0x20000e10   0x1bc  <Block>
    .iar.dynexit      uninit   0x20000e10     0xc  cppinit.o [3]
    .iar.dynexit      uninit   0x20000e1c   0x1b0  <Block tail>
                             - 0x20000fcc   0x414


*******************************************************************************
*** INIT TABLE
***

          Address     Size
          -------     ----
Zero (__iar_zero_init3)
    1 destination range, total size 0xbb6:
          0x20000000  0xbb6

Extra (__iar_cstart_call_ctors)


*******************************************************************************
*** MODULE SUMMARY
***

    Module               ro code  ro data  rw data
    ------               -------  -------  -------
D:\software\qpcpp\examples\arm-cortex\vanilla\iar\game-ev-lm3s811-qm\spy: [1]
    bsp.o                  1 748       88    1 557
    display96x16x1.o       1 352      704        6
    main.o                   592      156      244
    mine1.o                1 488      340       71
    mine2.o                1 508      340       71
    missile.o                780      168       32
    ship.o                 1 108      208       32
    startup_ewarm.o           18      240      600
    system_lm3s.o            676       92        4
    tunnel.o               4 236      756      524
    ----------------------------------------------
    Total:                13 506    3 092    3 141

command line: [2]
    ----------------------------------------------
    Total:

dl7M_tln.a: [3]
    cppinit.o                136                20
    exit.o                     8
    low_level_init.o           4
    xmtx.o                     8
    xsyslock.o               144                24
    xxmemxfree.o             140
    xxmemxmalloc.o                               8
    ----------------------------------------------
    Total:                   440                52

dlpp7M_tl_ne.a: [4]
    cxxabi.o                  82
    delop_0.o                 12
    ----------------------------------------------
    Total:                    94

libqep_cortex-m3.a: [5]
    qep.o                               8
    qhsm_dis.o               926       12
    qhsm_ini.o               304       28
    qhsm_top.o                 4
    ----------------------------------------------
    Total:                 1 234       48

libqf_cortex-m3.a: [6]
    qa_fifo.o                216        8
    qa_get_.o                236        8
    qa_sub.o                 152        8
    qeq_init.o                76
    qf_act.o                 104        8      256
    qf_gc.o                  160        8
    qf_log2.o                         256
    qf_new.o                 140        8
    qf_pool.o                 96        8       64
    qf_psini.o                12                 8
    qf_pspub.o               192       12
    qf_pwr2.o                         204
    qf_tick.o                240                 1
    qmp_get.o                104
    qmp_init.o               200       12
    qmp_put.o                116        8
    qte_arm.o                132        8        4
    qte_ctor.o                48       12
    qte_darm.o               160
    qvanilla.o               188       12       12
    ----------------------------------------------
    Total:                 2 572      580      345

libqs_cortex-m3.a: [7]
    qs.o                     420                48
    qs_.o                    828                24
    qs_blk.o                  96
    ----------------------------------------------
    Total:                 1 344                72

rt7M_tl.a: [8]
    ABImemclr4.o               6
    ABImemcpy.o              112
    ABImemmove.o             120
    ABImemset.o              102
    ABImemset48.o             56
    cexit.o                   18
    cmain.o                   22
    cmain_call_ctors.o        32
    cstart_call_dtors.o
    cstart_clearlocks.o
    cstartup_M.o              12
    data_init3.o              44
    zero_init3.o              34
    ----------------------------------------------
    Total:                   558

shb_l.a: [9]
    exit.o                    20
    ----------------------------------------------
    Total:                    20

    Gaps                       8
    Linker created                     20      432
--------------------------------------------------
    Grand Total:          19 776    3 740    4 042


*******************************************************************************
*** ENTRY LIST
***

Entry                      Address   Size  Type      Object
-----                      -------   ----  ----      ------
.iar.dynexit$$Base      0x20000e10          --   Gb  - Linker created -
.iar.dynexit$$Limit     0x20000fcc          --   Gb  - Linker created -
?main                   0x00005531         Code  Gb  cmain.o [8]
ADCSeq3_IRQHandler      0x000020c3  0x112  Code  Gb  bsp.o [1]
AO_Missile              0x00005bb0    0x4  Data  Gb  missile.o [1]
AO_Ship                 0x00005bb4    0x4  Data  Gb  ship.o [1]
AO_Tunnel               0x00005bb8    0x4  Data  Gb  tunnel.o [1]
BSP_displayOff()        0x00002369    0x8  Code  Gb  bsp.o [1]
BSP_displayOn()         0x00002361    0x8  Code  Gb  bsp.o [1]
BSP_drawBitmap(unsigned char const *, unsigned char, unsigned char)
                        0x00002325   0x22  Code  Gb  bsp.o [1]
BSP_drawNString(unsigned char, unsigned char, char const *)
                        0x00002347   0x18  Code  Gb  bsp.o [1]
BSP_init(int, char **)  0x000021d5  0x150  Code  Gb  bsp.o [1]
BSP_updateScore(unsigned short)
                        0x0000235f    0x2  Code  Gb  bsp.o [1]
Display96x16x1Clear     0x00003705   0x74  Code  Gb  display96x16x1.o [1]
Display96x16x1DisplayOff
                        0x00003b65   0x28  Code  Gb  display96x16x1.o [1]
Display96x16x1DisplayOn
                        0x00003a51   0x94  Code  Gb  display96x16x1.o [1]
Display96x16x1ImageDraw
                        0x0000383d   0x7a  Code  Gb  display96x16x1.o [1]
Display96x16x1Init      0x000038b7  0x19a  Code  Gb  display96x16x1.o [1]
Display96x16x1StringDraw
                        0x00003779   0xc4  Code  Gb  display96x16x1.o [1]
Display96x16x1WriteArray
                        0x00003691   0x36  Code  Lc  display96x16x1.o [1]
Display96x16x1WriteByte
                        0x00003667   0x2a  Code  Lc  display96x16x1.o [1]
Display96x16x1WriteFinal
                        0x000036c7   0x3e  Code  Lc  display96x16x1.o [1]
Display96x16x1WriteFirst
                        0x0000364d   0x1a  Code  Lc  display96x16x1.o [1]
DtorRecArray            0x20000e10    0xc  Data  Lc  cppinit.o [3]
HardFault_Handler       0x00002011   0x10  Code  Gb  startup_ewarm.o [1]
Mine1::Mine1()          0x000053e5   0x1c  Code  Gb  mine1.o [1]
Mine1::exploding(Mine1*, QEvent const *)
                        0x000015a3   0x72  Code  Gb  mine1.o [1]
Mine1::initial(Mine1*, QEvent const *)
                        0x0000117f  0x2ca  Code  Gb  mine1.o [1]
Mine1::planted(Mine1*, QEvent const *)
                        0x000014ad   0xf6  Code  Gb  mine1.o [1]
Mine1::unused(Mine1*, QEvent const *)
                        0x00001449   0x1e  Code  Gb  mine1.o [1]
Mine1::used(Mine1*, QEvent const *)
                        0x00001467   0x46  Code  Gb  mine1.o [1]
Mine1::~Mine1()         0x00005463    0xe  Code  Gb  mine1.o [1]
Mine1::~Mine1() [deleting]
                        0x0000544d   0x16  Code  Gb  mine1.o [1]
Mine1_getInst(unsigned char)
                        0x0000115d   0x22  Code  Gb  mine1.o [1]
Mine2::Mine2()          0x00005401   0x1c  Code  Gb  mine2.o [1]
Mine2::exploding(Mine2*, QEvent const *)
                        0x00001b33   0x72  Code  Gb  mine2.o [1]
Mine2::initial(Mine2*, QEvent const *)
                        0x0000170f  0x2ca  Code  Gb  mine2.o [1]
Mine2::planted(Mine2*, QEvent const *)
                        0x00001a3d   0xf6  Code  Gb  mine2.o [1]
Mine2::unused(Mine2*, QEvent const *)
                        0x000019d9   0x1e  Code  Gb  mine2.o [1]
Mine2::used(Mine2*, QEvent const *)
                        0x000019f7   0x46  Code  Gb  mine2.o [1]
Mine2::~Mine2()         0x00005487    0xe  Code  Gb  mine2.o [1]
Mine2::~Mine2() [deleting]
                        0x00005471   0x16  Code  Gb  mine2.o [1]
Mine2_getInst(unsigned char)
                        0x000016ed   0x22  Code  Gb  mine2.o [1]
MineEvt::MineEvt(unsigned char, unsigned char)
                        0x000030f5    0xa  Code  Gb  mine2.o [1]
Missile::Missile()      0x000048cd   0x1c  Code  Gb  missile.o [1]
Missile::armed(Missile*, QEvent const *)
                        0x0000477b   0x1e  Code  Gb  missile.o [1]
Missile::exploding(Missile*, QEvent const *)
                        0x0000480f   0x72  Code  Gb  missile.o [1]
Missile::flying(Missile*, QEvent const *)
                        0x00004799   0x76  Code  Gb  missile.o [1]
Missile::initial(Missile*, QEvent const *)
                        0x00004613  0x168  Code  Gb  missile.o [1]
Missile::~Missile()     0x000054ab    0xe  Code  Gb  missile.o [1]
Missile::~Missile() [deleting]
                        0x00005495   0x16  Code  Gb  missile.o [1]
NMI_Handler             0x0000200f    0x2  Code  Gb  startup_ewarm.o [1]
NVIC_EnableIRQ(IRQn)    0x00002021   0x1a  Code  Lc  bsp.o [1]
NVIC_SetPriority(IRQn, int)
                        0x0000203b   0x26  Code  Lc  bsp.o [1]
QActive::QActive(unsigned char (*)(void *, QEvent const *))
                        0x0000304d   0x1c  Code  Gb  tunnel.o [1]
QActive::QActive(unsigned char (*)(void *, QEvent const *)) [subobject]
                        0x000010c7    0xc  Code  Gb  tunnel.o [1]
QActive::get_()         0x00003d79   0xae  Code  Gb  qa_get_.o [6]
QActive::postFIFO(QEvent const *)
                        0x00002e85   0xac  Code  Gb  qa_fifo.o [6]
QActive::start(unsigned char, QEvent const **, unsigned int, void *, unsigned int, QEvent const *)
                        0x00002f73   0x46  Code  Gb  qvanilla.o [6]
QActive::subscribe(unsigned char) const
                        0x00002825   0x98  Code  Gb  qa_sub.o [6]
QActive::~QActive()     0x000054c5    0xe  Code  Gb  tunnel.o [1]
QActive::~QActive() [deleting]
                        0x0000551b   0x16  Code  Gb  tunnel.o [1]
QActive::~QActive() [subobject]
                        0x000054b9    0xc  Code  Gb  tunnel.o [1]
QEP_reservedEvt_        0x00005b98    0x8  Data  Gb  qep.o [5]
QEQueue::init(QEvent const **, unsigned char)
                        0x00003ed9   0x4c  Code  Gb  qeq_init.o [6]
QF::active_             0x20000600  0x100  Data  Gb  qf_act.o [6]
QF::add_(QActive *)     0x00003f25   0x56  Code  Gb  qf_act.o [6]
QF::gc(QEvent const *)  0x00003e39   0xa0  Code  Gb  qf_gc.o [6]
QF::init()              0x00002f31    0x2  Code  Gb  qvanilla.o [6]
QF::new_(unsigned short, unsigned char)
                        0x00003069   0x8c  Code  Gb  qf_new.o [6]
QF::onCleanup()         0x000023c7    0x2  Code  Gb  bsp.o [1]
QF::onIdle()            0x000023c9   0x4a  Code  Gb  bsp.o [1]
QF::onStartup()         0x00002371   0x56  Code  Gb  bsp.o [1]
QF::poolInit(void *, unsigned int, unsigned short)
                        0x00004b39   0x60  Code  Gb  qf_pool.o [6]
QF::psInit(QSubscrList *, unsigned char)
                        0x00004b99    0xc  Code  Gb  qf_psini.o [6]
QF::publish(QEvent const *)
                        0x000032e1   0xc0  Code  Gb  qf_pspub.o [6]
QF::run()               0x00002f37   0x3c  Code  Gb  qvanilla.o [6]
QF::stop()              0x00002f33    0x4  Code  Gb  qvanilla.o [6]
QF::tick()              0x000031f1   0xf0  Code  Gb  qf_tick.o [6]
QF_div8Lkup             0x00005298   0x44  Data  Gb  qf_pwr2.o [6]
QF_invPwr2Lkup          0x00005254   0x44  Data  Gb  qf_pwr2.o [6]
QF_log2Lkup             0x00004e48  0x100  Data  Gb  qf_log2.o [6]
QF_maxPool_             0x2000098c    0x1  Data  Gb  qf_pool.o [6]
QF_maxSignal_           0x20000b48    0x1  Data  Gb  qf_psini.o [6]
QF_pool_                0x20000990   0x3c  Data  Gb  qf_pool.o [6]
QF_pwr2Lkup             0x00005210   0x44  Data  Gb  qf_pwr2.o [6]
QF_readySet_            0x20000b34    0xc  Data  Gb  qvanilla.o [6]
QF_subscrList_          0x20000b4c    0x4  Data  Gb  qf_psini.o [6]
QF_timeEvtListHead_     0x20000ba0    0x4  Data  Gb  qte_arm.o [6]
QHsm::QHsm(unsigned char (*)(void *, QEvent const *))
                        0x0000412d    0xc  Code  Gb  tunnel.o [1]
QHsm::QHsm(unsigned char (*)(void *, QEvent const *)) [subobject]
                        0x00003f8d    0xc  Code  Gb  tunnel.o [1]
QHsm::dispatch(QEvent const *)
                        0x00001c71  0x35a  Code  Gb  qhsm_dis.o [5]
QHsm::init(QEvent const *)
                        0x00002705  0x10a  Code  Gb  qhsm_ini.o [5]
QHsm::top(QHsm*, QEvent const *)
                        0x00005bd9    0x4  Code  Gb  qhsm_top.o [5]
QHsm::~QHsm()           0x00002703    0x2  Code  Gb  qhsm_ini.o [5]
QHsm::~QHsm() [deleting]
                        0x000026f5    0xc  Code  Gb  qhsm_ini.o [5]
QHsm::~QHsm() [subobject]
                        0x00002701    0x2  Code  Gb  qhsm_ini.o [5]
QMPool::get()           0x00003f99   0x5e  Code  Gb  qmp_get.o [6]
QMPool::init(void *, unsigned int, unsigned short)
                        0x00004ba5   0xc8  Code  Gb  qmp_init.o [6]
QMPool::put(void *)     0x000040b9   0x74  Code  Gb  qmp_put.o [6]
QPSet64::findMax() volatile
                        0x00003d51   0x28  Code  Gb  qvanilla.o [6]
QPSet64::insert(unsigned char) volatile
                        0x00003d25   0x2c  Code  Gb  qa_fifo.o [6]
QPSet64::remove(unsigned char) volatile
                        0x0000408d   0x2c  Code  Gb  qa_get_.o [6]
QS::aoObj_              0x20000b8c    0x4  Data  Gb  qs_.o [7]
QS::begin(unsigned char)
                        0x0000291f   0xb2  Code  Gb  qs.o [7]
QS::end()               0x000029d1   0x86  Code  Gb  qs.o [7]
QS::eqObj_              0x20000b94    0x4  Data  Gb  qs_.o [7]
QS::filterOff(unsigned char)
                        0x000028f3   0x2c  Code  Gb  qs.o [7]
QS::filterOn(unsigned char)
                        0x000028c7   0x2c  Code  Gb  qs.o [7]
QS::getBlock(unsigned short *)
                        0x00003b8d   0x60  Code  Gb  qs_blk.o [7]
QS::glbFilter_          0x20000ae0   0x20  Data  Gb  qs.o [7]
QS::initBuf(unsigned char *, unsigned int)
                        0x000028bd    0xa  Code  Gb  qs.o [7]
QS::mpObj_              0x20000b90    0x4  Data  Gb  qs_.o [7]
QS::onFlush()           0x000025d9   0x4a  Code  Gb  bsp.o [1]
QS::onGetTime()         0x000025b3   0x26  Code  Gb  bsp.o [1]
QS::onStartup(void const *)
                        0x00002417  0x19c  Code  Gb  bsp.o [1]
QS::smObj_              0x20000b88    0x4  Data  Gb  qs_.o [7]
QS::str_ROM_(char const *)
                        0x00002d29   0x6c  Code  Gb  qs_.o [7]
QS::teObj_              0x20000b98    0x4  Data  Gb  qs_.o [7]
QS::tickCtr_            0x20000b9c    0x4  Data  Gb  qs_.o [7]
QS::u16_(unsigned short)
                        0x00002abd   0xc0  Code  Gb  qs_.o [7]
QS::u32_(unsigned int)  0x00002b85  0x190  Code  Gb  qs_.o [7]
QS::u8_(unsigned char)  0x00002a61   0x5c  Code  Gb  qs_.o [7]
QS_chksum_              0x20000b19    0x1  Data  Gb  qs.o [7]
QS_end_                 0x20000b1a    0x2  Data  Gb  qs.o [7]
QS_head_                0x20000b1c    0x2  Data  Gb  qs.o [7]
QS_ring_                0x20000b24    0x4  Data  Gb  qs.o [7]
QS_seq_                 0x20000b18    0x1  Data  Gb  qs.o [7]
QS_tail_                0x20000b1e    0x2  Data  Gb  qs.o [7]
QS_tickPeriod_          0x20000b5c    0x4  Data  Gb  bsp.o [1]
QS_tickTime_            0x20000b58    0x4  Data  Gb  bsp.o [1]
QS_used_                0x20000b20    0x2  Data  Gb  qs.o [7]
QTimeEvt::QTimeEvt(unsigned char)
                        0x000010f5   0x28  Code  Gb  qte_ctor.o [6]
QTimeEvt::arm_(QActive *, unsigned short)
                        0x00003ca1   0x84  Code  Gb  qte_arm.o [6]
QTimeEvt::disarm()      0x00002de5   0xa0  Code  Gb  qte_darm.o [6]
QTimeEvt::postEvery(QActive *, unsigned short)
                        0x00002db3   0x18  Code  Gb  tunnel.o [1]
QTimeEvt::postIn(QActive *, unsigned short)
                        0x00002dcb   0x1a  Code  Gb  tunnel.o [1]
Q_onAssert              0x00002413    0x4  Code  Gb  bsp.o [1]
Region$$Table$$Base     0x00005340          --   Gb  - Linker created -
Region$$Table$$Limit    0x00005354          --   Gb  - Linker created -
SHT$$INIT_ARRAY$$Base   0x00005734          --   Gb  - Linker created -
SHT$$INIT_ARRAY$$Limit  0x00005748          --   Gb  - Linker created -
SHT$$PREINIT_ARRAY$$Base
                        0x00005734          --   Gb  - Linker created -
SHT$$PREINIT_ARRAY$$Limit
                        0x00005734          --   Gb  - Linker created -
ScoreEvt::ScoreEvt(unsigned char, unsigned short)
                        0x000030ff    0xa  Code  Gb  mine2.o [1]
Ship::Ship()            0x000045dd   0x24  Code  Gb  ship.o [1]
Ship::active(Ship*, QEvent const *)
                        0x000043e9   0x2a  Code  Gb  ship.o [1]
Ship::exploding(Ship*, QEvent const *)
                        0x00004505   0x7c  Code  Gb  ship.o [1]
Ship::flying(Ship*, QEvent const *)
                        0x00004429   0xdc  Code  Gb  ship.o [1]
Ship::initial(Ship*, QEvent const *)
                        0x000041e9  0x200  Code  Gb  ship.o [1]
Ship::parked(Ship*, QEvent const *)
                        0x00004413   0x16  Code  Gb  ship.o [1]
Ship::~Ship()           0x000054e9    0xe  Code  Gb  ship.o [1]
Ship::~Ship() [deleting]
                        0x000054d3   0x16  Code  Gb  ship.o [1]
SysCtlDelay             0x00003645    0x8  Code  Gb  display96x16x1.o [1]
SysTick_Config(unsigned int)
                        0x00002061   0x38  Code  Lc  bsp.o [1]
SysTick_Handler         0x00002099   0x2a  Code  Gb  bsp.o [1]
SystemFrequency         0x20000b80    0x4  Data  Gb  system_lm3s.o [1]
SystemInit              0x000033a1  0x2a4  Code  Gb  system_lm3s.o [1]
Tunnel::Tunnel()        0x00000109   0x6e  Code  Gb  tunnel.o [1]
Tunnel::active(Tunnel*, QEvent const *)
                        0x00000919   0x50  Code  Gb  tunnel.o [1]
Tunnel::addImageAt(unsigned char, unsigned char, signed char)
                        0x0000034b   0xde  Code  Gb  tunnel.o [1]
Tunnel::advance()       0x00000177  0x106  Code  Gb  tunnel.o [1]
Tunnel::demo(Tunnel*, QEvent const *)
                        0x00000969   0xdc  Code  Gb  tunnel.o [1]
Tunnel::dispatchToAllMines(QEvent const *)
                        0x00000429   0x30  Code  Gb  tunnel.o [1]
Tunnel::final(Tunnel*, QEvent const *)
                        0x00000e0f   0x30  Code  Gb  tunnel.o [1]
Tunnel::game_over(Tunnel*, QEvent const *)
                        0x00000b53   0xa0  Code  Gb  tunnel.o [1]
Tunnel::initial(Tunnel*, QEvent const *)
                        0x000004ff  0x41a  Code  Gb  tunnel.o [1]
Tunnel::isWallHit(unsigned char, unsigned char, unsigned char)
                        0x00000459   0xa6  Code  Gb  tunnel.o [1]
Tunnel::plantMine()     0x0000027d   0xce  Code  Gb  tunnel.o [1]
Tunnel::playing(Tunnel*, QEvent const *)
                        0x00000c01  0x20e  Code  Gb  tunnel.o [1]
Tunnel::screen_saver(Tunnel*, QEvent const *)
                        0x00000a45   0x2a  Code  Gb  tunnel.o [1]
Tunnel::screen_saver_hide(Tunnel*, QEvent const *)
                        0x00000a6f   0x4e  Code  Gb  tunnel.o [1]
Tunnel::screen_saver_show(Tunnel*, QEvent const *)
                        0x00000abd   0x96  Code  Gb  tunnel.o [1]
Tunnel::~Tunnel()       0x0000550d    0xe  Code  Gb  tunnel.o [1]
Tunnel::~Tunnel() [deleting]
                        0x000054f7   0x16  Code  Gb  tunnel.o [1]
Virtual function table for Mine1
                        0x000057a8   0x10  Data  Gb  mine1.o [1]
Virtual function table for Mine2
                        0x00005828   0x10  Data  Gb  mine2.o [1]
Virtual function table for Missile
                        0x000058a8   0x10  Data  Gb  missile.o [1]
Virtual function table for QActive
                        0x00005958   0x10  Data  Gb  tunnel.o [1]
Virtual function table for QHsm
                        0x000059e8   0x10  Data  Gb  qhsm_ini.o [5]
Virtual function table for Ship
                        0x000058d8   0x10  Data  Gb  ship.o [1]
Virtual function table for Tunnel
                        0x00005968   0x10  Data  Gb  tunnel.o [1]
__aeabi_atexit          0x000010b7    0xa  Code  Gb  cxxabi.o [4]
__aeabi_memclr4         0x00003c31         Code  Gb  ABImemclr4.o [8]
__aeabi_memcpy          0x00003181         Code  Gb  ABImemcpy.o [8]
__aeabi_memcpy4         0x0000319b         Code  Gb  ABImemcpy.o [8]
__aeabi_memcpy8         0x0000319b         Code  Gb  ABImemcpy.o [8]
__aeabi_memmove         0x00003109         Code  Gb  ABImemmove.o [8]
__aeabi_memmove4        0x00003109         Code  Gb  ABImemmove.o [8]
__aeabi_memmove8        0x00003109         Code  Gb  ABImemmove.o [8]
__aeabi_memset          0x00003c39         Code  Gb  ABImemset.o [8]
__aeabi_memset4         0x00003bf9         Code  Gb  ABImemset48.o [8]
__aeabi_memset8         0x00003bf9         Code  Gb  ABImemset48.o [8]
__aeabi_vec_ctor_nocookie_nodtor
                        0x00001075   0x22  Code  Gb  cxxabi.o [4]
__aeabi_vec_dtor        0x00001097   0x20  Code  Gb  cxxabi.o [4]
__call_ctors            0x00002fc5   0x18  Code  Gb  cppinit.o [3]
__call_dtors            0x00003009    0x2  Code  Gb  cppinit.o [3]
__cexit_call_dtors      0x00005557         Code  Gb  cexit.o [8]
__cexit_clearlocks      0x0000555b         Code  Gb  cexit.o [8]
__cmain                 0x00005531         Code  Gb  cmain.o [8]
__cstart_call_dtors     0x00005bdd         Code  Gb  cstart_call_dtors.o [8]
__cstart_clearlocks     0x00005bdd         Code  Gb  cstart_clearlocks.o [8]
__cxa_atexit            0x00002fdd   0x2c  Code  Gb  cppinit.o [3]
__cxa_finalize          0x0000300b   0x36  Code  Gb  cppinit.o [3]
__data_Aldata           0x20000b50    0x8  Data  Gb  xxmemxmalloc.o [3]
__dso_handle            0x20000ba8    0x4  Data  Gb  cppinit.o [3]
__exit                  0x00005569   0x14  Code  Gb  exit.o [9]
__iar_Locksyslock       0x00004169   0x44  Code  Gb  xsyslock.o [3]
__iar_Memset            0x00003c39         Code  Gb  ABImemset.o [8]
__iar_Memset4_word      0x00003c01         Code  Gb  ABImemset48.o [8]
__iar_Memset8_word      0x00003c01         Code  Gb  ABImemset48.o [8]
__iar_Memset_word       0x00003c41         Code  Gb  ABImemset.o [8]
__iar_Unlocksyslock     0x000041ad   0x16  Code  Gb  xsyslock.o [3]
__iar_clearlocks        0x00004139   0x30  Code  Gb  xsyslock.o [3]
__iar_cstart_call_ctors
                        0x00005355   0x20  Code  Gb  cmain_call_ctors.o [8]
__iar_data_init3        0x00005315   0x2c  Code  Gb  data_init3.o [8]
__iar_program_start     0x00005af5         Code  Gb  cstartup_M.o [8]
__iar_system_Mtxdst     0x000041cb    0x2  Code  Gb  xmtx.o [3]
__iar_system_Mtxinit    0x000041c9    0x2  Code  Gb  xmtx.o [3]
__iar_system_Mtxlock    0x000041cd    0x2  Code  Gb  xmtx.o [3]
__iar_system_Mtxunlock  0x000041cf    0x2  Code  Gb  xmtx.o [3]
__iar_zero_init3        0x000010d3   0x22  Code  Gb  zero_init3.o [8]
__low_level_init        0x00005547    0x4  Code  Gb  low_level_init.o [3]
__sti__routine          0x00001125   0x22  Code  Lc  mine1.o [1]
__sti__routine          0x000016b5   0x22  Code  Lc  mine2.o [1]
__sti__routine          0x00004601   0x12  Code  Lc  missile.o [1]
__sti__routine          0x000041d1   0x18  Code  Lc  ship.o [1]
__sti__routine          0x000000f1   0x18  Code  Lc  tunnel.o [1]
__vector_table          0x00000000   0xf0  Data  Gb  startup_ewarm.o [1]
_call_main              0x0000553d         Code  Gb  cmain.o [8]
_exit                   0x00005555         Code  Gb  cexit.o [8]
_main                   0x00005543         Code  Gb  cmain.o [8]
do_bitmaps_overlap(unsigned char, unsigned char, unsigned char, unsigned char, unsigned char, unsigned char)
                        0x00000e79  0x148  Code  Gb  tunnel.o [1]
exit                    0x0000554b    0x8  Code  Gb  exit.o [3]
explosion0_bits         0x00005b38    0x8  Data  Lc  tunnel.o [1]
explosion1_bits         0x00005b40    0x8  Data  Lc  tunnel.o [1]
explosion2_bits         0x00005b48    0x8  Data  Lc  tunnel.o [1]
explosion3_bits         0x00005b50    0x8  Data  Lc  tunnel.o [1]
free                    0x00004001   0x86  Code  Gb  xxmemxfree.o [3]
g_pucFont               0x00004c6c  0x1dc  Data  Lc  display96x16x1.o [1]
g_pucOSRAMInit          0x00004f48   0x74  Data  Lc  display96x16x1.o [1]
g_pucOSRAMRow1          0x00005b00    0x8  Data  Lc  display96x16x1.o [1]
g_pucOSRAMRow2          0x00005b08    0x8  Data  Lc  display96x16x1.o [1]
g_pucRITInit            0x00005170   0x50  Data  Lc  display96x16x1.o [1]
g_pucRITRow1            0x00005b10    0x8  Data  Lc  display96x16x1.o [1]
g_pucRITRow2            0x00005b18    0x8  Data  Lc  display96x16x1.o [1]
g_ucColumnAdjust        0x20000bae    0x1  Data  Lc  display96x16x1.o [1]
g_ucDisplayIsRIT        0x20000bad    0x1  Data  Lc  display96x16x1.o [1]
g_ulDelay               0x20000b6c    0x4  Data  Lc  display96x16x1.o [1]
l_bitmap                0x000051c0   0x50  Data  Lc  tunnel.o [1]
l_frame                 0x200007c0   0xc0  Data  Lc  tunnel.o [1]
l_medPoolSto            0x20000908   0x44  Data  Lc  main.o [1]
l_mine1                 0x200009cc   0x3c  Data  Lc  mine1.o [1]
l_mine2                 0x20000a08   0x3c  Data  Lc  mine2.o [1]
l_missile               0x20000aa0   0x20  Data  Lc  missile.o [1]
l_missileQueueSto       0x20000b40    0x8  Data  Lc  main.o [1]
l_pulXtals              0x00004fbc   0x5c  Data  Lc  system_lm3s.o [1]
l_rnd                   0x20000b84    0x4  Data  Lc  tunnel.o [1]
l_ship                  0x20000ac0   0x20  Data  Lc  ship.o [1]
l_shipQueueSto          0x20000b28    0xc  Data  Lc  main.o [1]
l_smlPoolSto            0x20000a44   0x34  Data  Lc  main.o [1]
l_subscrSto             0x2000094c   0x40  Data  Lc  main.o [1]
l_this_file             0x00005120   0x50  Data  Lc  bsp.o [1]
l_this_file             0x00005018   0x58  Data  Lc  mine1.o [1]
l_this_file             0x00005070   0x58  Data  Lc  mine2.o [1]
l_this_file             0x000050c8   0x58  Data  Lc  tunnel.o [1]
l_this_file             0x00005b58    0x8  Data  Lc  qf_new.o [6]
l_this_file             0x00005aac    0xc  Data  Lc  qf_pspub.o [6]
l_this_file             0x00005b60    0x8  Data  Lc  qa_fifo.o [6]
l_this_file             0x00005ab8    0xc  Data  Lc  qvanilla.o [6]
l_this_file             0x00005b68    0x8  Data  Lc  qf_pool.o [6]
l_this_file             0x00005ac4    0xc  Data  Lc  qhsm_ini.o [5]
l_this_file             0x00005b70    0x8  Data  Lc  qa_sub.o [6]
l_this_file             0x00005ad0    0xc  Data  Lc  qhsm_dis.o [5]
l_this_file             0x00005b78    0x8  Data  Lc  qte_arm.o [6]
l_this_file             0x00005adc    0xc  Data  Lc  qte_ctor.o [6]
l_this_file             0x00005b80    0x8  Data  Lc  qf_gc.o [6]
l_this_file             0x00005b88    0x8  Data  Lc  qf_act.o [6]
l_this_file             0x00005b90    0x8  Data  Lc  qa_get_.o [6]
l_this_file             0x00005ae8    0xc  Data  Lc  qmp_init.o [6]
l_this_file             0x00005ba0    0x8  Data  Lc  qmp_put.o [6]
l_tunnel                0x20000880   0x88  Data  Lc  tunnel.o [1]
l_tunnelQueueSto        0x20000a78   0x28  Data  Lc  main.o [1]
l_walls                 0x20000700   0xc0  Data  Lc  tunnel.o [1]
main                    0x000048e9  0x250  Code  Gb  main.o [1]
memcpy                  0x00001c5b   0x16  Code  Gb  tunnel.o [1]
memmove                 0x00001c45   0x16  Code  Gb  tunnel.o [1]
memset                  0x00002d9d   0x16  Code  Gb  tunnel.o [1]
mine1_bits              0x00005bc0    0x4  Data  Lc  tunnel.o [1]
mine2_bits              0x00005bc4    0x4  Data  Lc  tunnel.o [1]
mine2_missile_bits      0x00005bc8    0x4  Data  Lc  tunnel.o [1]
missile_bits            0x00005bbc    0x4  Data  Lc  tunnel.o [1]
mtx                     0x20000b04   0x14  Data  Lc  xsyslock.o [3]
next_abi_dtor_rec       0x20000ba4    0x4  Data  Lc  cppinit.o [3]
operator delete (void *)
                        0x00003bed    0xc  Code  Gb  delop_0.o [4]
press_button_bits       0x000052dc   0x38  Data  Lc  tunnel.o [1]
pulStack                0x20000bb8  0x258  Data  Lc  startup_ewarm.o [1]
random()                0x00000e49   0x14  Code  Lc  tunnel.o [1]
randomSeed(unsigned int)
                        0x00000e5d    0x6  Code  Lc  tunnel.o [1]
ship_bits               0x00005b30    0x8  Data  Lc  tunnel.o [1]
syslock_o               0x20000b00    0x4  Data  Lc  xsyslock.o [3]


[1] = D:\software\qpcpp\examples\arm-cortex\vanilla\iar\game-ev-lm3s811-qm\spy
[2] = command line
[3] = dl7M_tln.a
[4] = dlpp7M_tl_ne.a
[5] = libqep_cortex-m3.a
[6] = libqf_cortex-m3.a
[7] = libqs_cortex-m3.a
[8] = rt7M_tl.a
[9] = shb_l.a

  19 776 bytes of readonly  code memory
   3 740 bytes of readonly  data memory
   4 042 bytes of readwrite data memory

Errors: none
Warnings: none
