Archive member included because of file (symbol)

../../../../../ports/arm-cortex/qk/gnu/rel\libqk_cortex-m3.a(qk.o)
                              rel/main.o (QF::init())
../../../../../ports/arm-cortex/qk/gnu/rel\libqk_cortex-m3.a(qk_sched.o)
                              ../../../../../ports/arm-cortex/qk/gnu/rel\libqk_cortex-m3.a(qk.o) (QK_schedule_)
../../../../../ports/arm-cortex/qk/gnu/rel\libqk_cortex-m3.a(qk_mutex.o)
                              ../../../../../ports/arm-cortex/qk/gnu/rel\libqk_cortex-m3.a(qk_sched.o) (QK_ceilingPrio_)
../../../../../ports/arm-cortex/qk/gnu/rel\libqk_cortex-m3.a(qk_port.o)
                              ../../../../../ports/arm-cortex/qk/gnu/rel\libqk_cortex-m3.a(qk.o) (QK_init)
../../../../../ports/arm-cortex/qk/gnu/rel\libqf_cortex-m3.a(qa_fifo.o)
                              rel/bsp.o (QActive::postFIFO(QEvent const*))
../../../../../ports/arm-cortex/qk/gnu/rel\libqf_cortex-m3.a(qa_get_.o)
                              ../../../../../ports/arm-cortex/qk/gnu/rel\libqk_cortex-m3.a(qk_sched.o) (QActive::get_())
../../../../../ports/arm-cortex/qk/gnu/rel\libqf_cortex-m3.a(qa_sub.o)
                              rel/philo.o (QActive::subscribe(unsigned char) const)
../../../../../ports/arm-cortex/qk/gnu/rel\libqf_cortex-m3.a(qeq_init.o)
                              ../../../../../ports/arm-cortex/qk/gnu/rel\libqk_cortex-m3.a(qk.o) (QEQueue::init(QEvent const**, unsigned char))
../../../../../ports/arm-cortex/qk/gnu/rel\libqf_cortex-m3.a(qf_act.o)
                              ../../../../../ports/arm-cortex/qk/gnu/rel\libqk_cortex-m3.a(qk.o) (QF::add_(QActive*))
../../../../../ports/arm-cortex/qk/gnu/rel\libqf_cortex-m3.a(qf_gc.o)
                              ../../../../../ports/arm-cortex/qk/gnu/rel\libqk_cortex-m3.a(qk_sched.o) (QF::gc(QEvent const*))
../../../../../ports/arm-cortex/qk/gnu/rel\libqf_cortex-m3.a(qf_log2.o)
                              ../../../../../ports/arm-cortex/qk/gnu/rel\libqk_cortex-m3.a(qk_sched.o) (QF_log2Lkup)
../../../../../ports/arm-cortex/qk/gnu/rel\libqf_cortex-m3.a(qf_new.o)
                              rel/bsp.o (QF::new_(unsigned short, unsigned char))
../../../../../ports/arm-cortex/qk/gnu/rel\libqf_cortex-m3.a(qf_pool.o)
                              rel/main.o (QF::poolInit(void*, unsigned long, unsigned short))
../../../../../ports/arm-cortex/qk/gnu/rel\libqf_cortex-m3.a(qf_psini.o)
                              rel/main.o (QF::psInit(QSubscrList*, unsigned char))
../../../../../ports/arm-cortex/qk/gnu/rel\libqf_cortex-m3.a(qf_pspub.o)
                              rel/philo.o (QF::publish(QEvent const*))
../../../../../ports/arm-cortex/qk/gnu/rel\libqf_cortex-m3.a(qf_pwr2.o)
                              ../../../../../ports/arm-cortex/qk/gnu/rel\libqf_cortex-m3.a(qa_fifo.o) (QF_pwr2Lkup)
../../../../../ports/arm-cortex/qk/gnu/rel\libqf_cortex-m3.a(qf_tick.o)
                              rel/bsp.o (QF::tick())
../../../../../ports/arm-cortex/qk/gnu/rel\libqf_cortex-m3.a(qmp_get.o)
                              ../../../../../ports/arm-cortex/qk/gnu/rel\libqf_cortex-m3.a(qf_new.o) (QMPool::get())
../../../../../ports/arm-cortex/qk/gnu/rel\libqf_cortex-m3.a(qmp_init.o)
                              ../../../../../ports/arm-cortex/qk/gnu/rel\libqf_cortex-m3.a(qf_pool.o) (QMPool::init(void*, unsigned long, unsigned short))
../../../../../ports/arm-cortex/qk/gnu/rel\libqf_cortex-m3.a(qmp_put.o)
                              ../../../../../ports/arm-cortex/qk/gnu/rel\libqf_cortex-m3.a(qf_gc.o) (QMPool::put(void*))
../../../../../ports/arm-cortex/qk/gnu/rel\libqf_cortex-m3.a(qte_ctor.o)
                              rel/philo.o (QTimeEvt::QTimeEvt(unsigned char))
../../../../../ports/arm-cortex/qk/gnu/rel\libqf_cortex-m3.a(qte_arm.o)
                              rel/philo.o (QTimeEvt::arm_(QActive*, unsigned short))
../../../../../ports/arm-cortex/qk/gnu/rel\libqep_cortex-m3.a(qhsm_ini.o)
                              rel/philo.o (QHsm::~QHsm())
../../../../../ports/arm-cortex/qk/gnu/rel\libqep_cortex-m3.a(qhsm_dis.o)
                              ../../../../../ports/arm-cortex/qk/gnu/rel\libqk_cortex-m3.a(qk_sched.o) (QHsm::dispatch(QEvent const*))
../../../../../ports/arm-cortex/qk/gnu/rel\libqep_cortex-m3.a(qhsm_top.o)
                              rel/philo.o (QHsm::top(QHsm*, QEvent const*))
../../../../../ports/arm-cortex/qk/gnu/rel\libqep_cortex-m3.a(qep.o)
                              ../../../../../ports/arm-cortex/qk/gnu/rel\libqep_cortex-m3.a(qhsm_ini.o) (QEP_reservedEvt_)
c:/tools/codesourcery/bin/../lib/gcc/arm-none-eabi/4.5.1/../../../../arm-none-eabi/lib/thumb2\libc.a(lib_a-aeabi_atexit.o)
                              rel/philo.o (__aeabi_atexit)
c:/tools/codesourcery/bin/../lib/gcc/arm-none-eabi/4.5.1/../../../../arm-none-eabi/lib/thumb2\libc.a(lib_a-init.o)
                              rel/startup_lm3s.o (__libc_init_array)

Discarded input sections

 .group         0x00000000        0xc rel/philo.o
 .group         0x00000000        0xc rel/philo.o
 .group         0x00000000        0x8 rel/philo.o
 .group         0x00000000        0x8 rel/philo.o
 .group         0x00000000        0x8 rel/philo.o
 .group         0x00000000        0x8 rel/philo.o
 .group         0x00000000        0x8 rel/philo.o
 .group         0x00000000        0xc rel/table.o
 .group         0x00000000        0xc rel/table.o
 .group         0x00000000        0x8 rel/table.o
 .group         0x00000000        0x8 rel/table.o
 .group         0x00000000        0x8 rel/table.o
 .group         0x00000000        0x8 rel/table.o
 .text._ZN7QActiveD2Ev
                0x00000000       0x14 rel/table.o
 .text._ZN7QActiveD0Ev
                0x00000000       0x12 rel/table.o
 .text._ZN4QHsmC2EPFhPvPK6QEventE
                0x00000000        0xc rel/table.o
 .text._ZN7QActiveC2EPFhPvPK6QEventE
                0x00000000       0x14 rel/table.o
 .rodata._ZTV7QActive
                0x00000000       0x10 rel/table.o
 .group         0x00000000        0x8 ../../../../../ports/arm-cortex/qk/gnu/rel\libqk_cortex-m3.a(qk_sched.o)
 .group         0x00000000        0x8 ../../../../../ports/arm-cortex/qk/gnu/rel\libqk_cortex-m3.a(qk_sched.o)
 .group         0x00000000        0x8 ../../../../../ports/arm-cortex/qk/gnu/rel\libqf_cortex-m3.a(qa_fifo.o)
 .group         0x00000000        0x8 ../../../../../ports/arm-cortex/qk/gnu/rel\libqf_cortex-m3.a(qa_fifo.o)
 .group         0x00000000        0x8 ../../../../../ports/arm-cortex/qk/gnu/rel\libqf_cortex-m3.a(qa_get_.o)
 .group         0x00000000        0x8 ../../../../../ports/arm-cortex/qk/gnu/rel\libqf_cortex-m3.a(qa_get_.o)
 .group         0x00000000        0x8 ../../../../../ports/arm-cortex/qk/gnu/rel\libqf_cortex-m3.a(qf_new.o)
 .group         0x00000000        0x8 ../../../../../ports/arm-cortex/qk/gnu/rel\libqf_cortex-m3.a(qf_pool.o)
 .text._ZNK6QMPool12getBlockSizeEv
                0x00000000        0x4 ../../../../../ports/arm-cortex/qk/gnu/rel\libqf_cortex-m3.a(qf_pool.o)
 .ARM.attributes
                0x00000000       0x29 c:/tools/codesourcery/bin/../lib/gcc/arm-none-eabi/4.5.1/../../../../arm-none-eabi/lib/thumb2\libc.a(lib_a-aeabi_atexit.o)
 .debug_frame   0x00000000       0x20 c:/tools/codesourcery/bin/../lib/gcc/arm-none-eabi/4.5.1/../../../../arm-none-eabi/lib/thumb2\libc.a(lib_a-aeabi_atexit.o)
 .ARM.attributes
                0x00000000       0x29 c:/tools/codesourcery/bin/../lib/gcc/arm-none-eabi/4.5.1/../../../../arm-none-eabi/lib/thumb2\libc.a(lib_a-init.o)
 .debug_frame   0x00000000       0x2c c:/tools/codesourcery/bin/../lib/gcc/arm-none-eabi/4.5.1/../../../../arm-none-eabi/lib/thumb2\libc.a(lib_a-init.o)

Memory Configuration

Name             Origin             Length             Attributes
ROM              0x00000000         0x00010000         xr
RAM              0x20000000         0x00002000         xrw
*default*        0x00000000         0xffffffff

Linker script and memory map

LOAD rel/display96x16x1.o
LOAD rel/startup_lm3s.o
LOAD rel/core_cm3.o
LOAD rel/system_lm3s.o
LOAD rel/bsp.o
LOAD rel/main.o
LOAD rel/mini_cpp.o
LOAD rel/no_heap.o
LOAD rel/philo.o
LOAD rel/table.o
LOAD ../../../../../ports/arm-cortex/qk/gnu/rel\libqk_cortex-m3.a
LOAD ../../../../../ports/arm-cortex/qk/gnu/rel\libqf_cortex-m3.a
LOAD ../../../../../ports/arm-cortex/qk/gnu/rel\libqep_cortex-m3.a
                0x000003e8                STACK_SIZE = 0x3e8
                0x00000000                HEAP_SIZE = 0x0

.isr_vector     0x00000000       0xf0
 *(.isr_vector)
 .isr_vector    0x00000000       0xf0 rel/startup_lm3s.o
                0x00000000                g_pfnVectors
                0x000000f0                . = ALIGN (0x4)

.text           0x000000f0     0x1fe4
                0x000000f0                . = ALIGN (0x4)
 *(.text)
 .text          0x000000f0      0x43c rel/display96x16x1.o
                0x00000104                SysCtlDelay
                0x00000198                Display96x16x1Clear
                0x000001fc                Display96x16x1StringDraw
                0x000002b4                Display96x16x1ImageDraw
                0x0000032c                Display96x16x1Init
                0x0000049c                Display96x16x1DisplayOn
                0x00000504                Display96x16x1DisplayOff
 .text          0x0000052c       0x80 rel/startup_lm3s.o
                0x0000052c                DebugMon_Handler
                0x0000052c                FlashCtrl_IRQHandler
                0x0000052c                Timer0B_IRQHandler
                0x0000052c                I2C0_IRQHandler
                0x0000052c                NMI_Handler
                0x0000052c                I2C1_IRQHandler
                0x0000052c                PWMGen0_IRQHandler
                0x0000052c                UART1_IRQHandler
                0x0000052c                CAN1_IRQHandler
                0x0000052c                Timer1B_IRQHandler
                0x0000052c                Watchdog_IRQHandler
                0x0000052c                UART0_IRQHandler
                0x0000052c                SSI0_IRQHandler
                0x0000052c                UsageFault_Handler
                0x0000052c                ADCSeq1_IRQHandler
                0x0000052c                PWMFault_IRQHandler
                0x0000052c                PWMGen1_IRQHandler
                0x0000052c                SSI1_IRQHandler
                0x0000052c                SysCtrl_IRQHandler
                0x0000052c                Spurious_Handler
                0x0000052c                GPIOPortC_IRQHandler
                0x0000052c                ADCSeq2_IRQHandler
                0x0000052c                PWMGen2_IRQHandler
                0x0000052c                UART2_IRQHandler
                0x0000052c                QEI1_IRQHandler
                0x0000052c                QEI0_IRQHandler
                0x0000052c                GPIOPortD_IRQHandler
                0x0000052c                MemManage_Handler
                0x0000052c                Ethernet_IRQHandler
                0x0000052c                Timer3B_IRQHandler
                0x0000052c                Timer3A_IRQHandler
                0x0000052c                Timer0A_IRQHandler
                0x0000052c                ADCSeq0_IRQHandler
                0x0000052c                Timer1A_IRQHandler
                0x0000052c                GPIOPortG_IRQHandler
                0x0000052c                ADCSeq3_IRQHandler
                0x0000052c                GPIOPortE_IRQHandler
                0x0000052c                CAN0_IRQHandler
                0x0000052c                Comp0_IRQHandler
                0x0000052c                Comp1_IRQHandler
                0x0000052c                Comp2_IRQHandler
                0x0000052c                GPIOPortF_IRQHandler
                0x0000052c                GPIOPortB_IRQHandler
                0x0000052c                CAN2_IRQHandler
                0x0000052c                GPIOPortH_IRQHandler
                0x0000052c                BusFault_Handler
                0x0000052c                Timer2A_IRQHandler
                0x0000052c                Timer2B_IRQHandler
                0x0000052c                Hibernate_IRQHandler
                0x00000548                Reset_Handler
                0x000005a8                _init
 .text          0x000005ac       0x82 rel/core_cm3.o
                0x000005ac                __get_PSP
                0x000005b2                __set_PSP
                0x000005b8                __get_MSP
                0x000005be                __set_MSP
                0x000005c4                __get_BASEPRI
                0x000005ca                __set_BASEPRI
                0x000005d0                __get_PRIMASK
                0x000005d6                __set_PRIMASK
                0x000005dc                __get_FAULTMASK
                0x000005e2                __set_FAULTMASK
                0x000005e8                __REV
                0x000005ec                __REV16
                0x000005f0                __REVSH
                0x000005f4                __RBIT
                0x000005fa                __LDREXB
                0x00000602                __LDREXH
                0x0000060a                __LDREXW
                0x00000610                __STREXB
                0x00000616                __STREXH
                0x0000061c                __STREXW
                0x00000622                __get_CONTROL
                0x00000628                __set_CONTROL
 *fill*         0x0000062e        0x2 00
 .text          0x00000630      0x270 rel/system_lm3s.o
                0x00000634                SystemInit
 .text          0x000008a0      0x20c rel/bsp.o
                0x000008d0                SysTick_Handler
                0x00000910                GPIOPortA_IRQHandler
                0x00000964                BSP_init()
                0x000009ec                BSP_displyPhilStat(unsigned char, char const*)
                0x00000a0a                BSP_driveLED(unsigned char)
                0x00000a20                BSP_busyDelay()
                0x00000a34                QF::onStartup()
                0x00000a88                QF::onCleanup()
                0x00000a8a                QK::onIdle()
                0x00000aa4                Q_onAssert
                0x00000aa8                assert_failed
 .text          0x00000aac       0x84 rel/main.o
                0x00000aac                main
 .text          0x00000b30        0xa rel/mini_cpp.o
                0x00000b30                operator new(unsigned int)
                0x00000b34                operator delete(void*)
                0x00000b38                __cxa_atexit
 *fill*         0x00000b3a        0x2 00
 .text          0x00000b3c       0x34 rel/no_heap.o
                0x00000b3c                malloc
                0x00000b50                free
                0x00000b5c                calloc
 .text          0x00000b70      0x22c rel/philo.o
                0x00000b90                Philo::hungry(Philo*, QEvent const*)
                0x00000c24                Philo::initial(Philo*, QEvent const*)
                0x00000c50                Philo::eating(Philo*, QEvent const*)
                0x00000cdc                Philo::thinking(Philo*, QEvent const*)
                0x00000d4c                Philo::Philo()
                0x00000d4c                Philo::Philo()
 .text          0x00000d9c      0x1ec rel/table.o
                0x00000d9c                Table::serving(Table*, QEvent const*)
                0x00000f0c                Table::initial(Table*, QEvent const*)
                0x00000f2c                Table::Table()
                0x00000f2c                Table::Table()
 .text          0x00000f88       0x90 ../../../../../ports/arm-cortex/qk/gnu/rel\libqk_cortex-m3.a(qk.o)
                0x00000f88                QK::getVersion()
                0x00000f90                QF::init()
                0x00000f94                QF::stop()
                0x00000f98                QF::run()
                0x00000fb8                QActive::start(unsigned char, QEvent const**, unsigned long, void*, unsigned long, QEvent const*)
                0x00001014                QActive::stop()
 .text          0x00001018       0x88 ../../../../../ports/arm-cortex/qk/gnu/rel\libqk_cortex-m3.a(qk_sched.o)
                0x00001018                QK_schedule_
 .text          0x000010a0       0x34 ../../../../../ports/arm-cortex/qk/gnu/rel\libqk_cortex-m3.a(qk_mutex.o)
                0x000010a0                QK::mutexLock(unsigned char)
                0x000010b8                QK::mutexUnlock(unsigned char)
 .text          0x000010d4        0x0 ../../../../../ports/arm-cortex/qk/gnu/rel\libqk_cortex-m3.a(qk_port.o)
 .text          0x000010d4       0x6c ../../../../../ports/arm-cortex/qk/gnu/rel\libqf_cortex-m3.a(qa_fifo.o)
                0x000010d4                QActive::postFIFO(QEvent const*)
 .text          0x00001140       0x7c ../../../../../ports/arm-cortex/qk/gnu/rel\libqf_cortex-m3.a(qa_get_.o)
                0x00001140                QActive::get_()
                0x00001190                QF::getQueueMargin(unsigned char)
 .text          0x000011bc       0x60 ../../../../../ports/arm-cortex/qk/gnu/rel\libqf_cortex-m3.a(qa_sub.o)
                0x000011bc                QActive::subscribe(unsigned char) const
 .text          0x0000121c       0x12 ../../../../../ports/arm-cortex/qk/gnu/rel\libqf_cortex-m3.a(qeq_init.o)
                0x0000121c                QEQueue::init(QEvent const**, unsigned char)
 *fill*         0x0000122e        0x2 00
 .text          0x00001230       0x6c ../../../../../ports/arm-cortex/qk/gnu/rel\libqf_cortex-m3.a(qf_act.o)
                0x00001230                QF::getVersion()
                0x00001238                QF::add_(QActive*)
                0x00001268                QF::remove_(QActive const*)
 .text          0x0000129c       0x54 ../../../../../ports/arm-cortex/qk/gnu/rel\libqf_cortex-m3.a(qf_gc.o)
                0x0000129c                QF::gc(QEvent const*)
 .text          0x000012f0        0x0 ../../../../../ports/arm-cortex/qk/gnu/rel\libqf_cortex-m3.a(qf_log2.o)
 .text          0x000012f0       0x5c ../../../../../ports/arm-cortex/qk/gnu/rel\libqf_cortex-m3.a(qf_new.o)
                0x000012f0                QF::new_(unsigned short, unsigned char)
 .text          0x0000134c       0x64 ../../../../../ports/arm-cortex/qk/gnu/rel\libqf_cortex-m3.a(qf_pool.o)
                0x0000134c                QF::poolInit(void*, unsigned long, unsigned short)
 .text          0x000013b0        0xc ../../../../../ports/arm-cortex/qk/gnu/rel\libqf_cortex-m3.a(qf_psini.o)
                0x000013b0                QF::psInit(QSubscrList*, unsigned char)
 .text          0x000013bc       0x98 ../../../../../ports/arm-cortex/qk/gnu/rel\libqf_cortex-m3.a(qf_pspub.o)
                0x000013bc                QF::publish(QEvent const*)
 .text          0x00001454        0x0 ../../../../../ports/arm-cortex/qk/gnu/rel\libqf_cortex-m3.a(qf_pwr2.o)
 .text          0x00001454       0x60 ../../../../../ports/arm-cortex/qk/gnu/rel\libqf_cortex-m3.a(qf_tick.o)
                0x00001454                QF::tick()
 .text          0x000014b4       0x54 ../../../../../ports/arm-cortex/qk/gnu/rel\libqf_cortex-m3.a(qmp_get.o)
                0x000014b4                QMPool::get()
                0x000014d4                QF::getPoolMargin(unsigned char)
 .text          0x00001508       0x90 ../../../../../ports/arm-cortex/qk/gnu/rel\libqf_cortex-m3.a(qmp_init.o)
                0x00001508                QMPool::init(void*, unsigned long, unsigned short)
 .text          0x00001598       0x38 ../../../../../ports/arm-cortex/qk/gnu/rel\libqf_cortex-m3.a(qmp_put.o)
                0x00001598                QMPool::put(void*)
 .text          0x000015d0       0x2c ../../../../../ports/arm-cortex/qk/gnu/rel\libqf_cortex-m3.a(qte_ctor.o)
                0x000015d0                QTimeEvt::QTimeEvt(unsigned char)
                0x000015d0                QTimeEvt::QTimeEvt(unsigned char)
 .text          0x000015fc       0x40 ../../../../../ports/arm-cortex/qk/gnu/rel\libqf_cortex-m3.a(qte_arm.o)
                0x000015fc                QTimeEvt::arm_(QActive*, unsigned short)
 .text          0x0000163c       0xb0 ../../../../../ports/arm-cortex/qk/gnu/rel\libqep_cortex-m3.a(qhsm_ini.o)
                0x0000163c                QHsm::~QHsm()
                0x0000163c                QHsm::~QHsm()
                0x00001648                QHsm::~QHsm()
                0x0000165a                QHsm::init(QEvent const*)
 .text          0x000016ec      0x1b8 ../../../../../ports/arm-cortex/qk/gnu/rel\libqep_cortex-m3.a(qhsm_dis.o)
                0x000016ec                QHsm::dispatch(QEvent const*)
 .text          0x000018a4        0x4 ../../../../../ports/arm-cortex/qk/gnu/rel\libqep_cortex-m3.a(qhsm_top.o)
                0x000018a4                QHsm::top(QHsm*, QEvent const*)
 .text          0x000018a8        0x8 ../../../../../ports/arm-cortex/qk/gnu/rel\libqep_cortex-m3.a(qep.o)
                0x000018a8                QEP::getVersion()
 .text          0x000018b0        0xa c:/tools/codesourcery/bin/../lib/gcc/arm-none-eabi/4.5.1/../../../../arm-none-eabi/lib/thumb2\libc.a(lib_a-aeabi_atexit.o)
                0x000018b0                __aeabi_atexit
 *fill*         0x000018ba        0x2 00
 .text          0x000018bc       0x48 c:/tools/codesourcery/bin/../lib/gcc/arm-none-eabi/4.5.1/../../../../arm-none-eabi/lib/thumb2\libc.a(lib_a-init.o)
                0x000018bc                __libc_init_array
 *(.text*)
 .text._ZN7QActiveD2Ev
                0x00001904       0x14 rel/philo.o
                0x00001904                QActive::~QActive()
                0x00001904                QActive::~QActive()
 .text._ZN5PhiloD2Ev
                0x00001918       0x14 rel/philo.o
                0x00001918                Philo::~Philo()
                0x00001918                Philo::~Philo()
 .text._ZN5PhiloD0Ev
                0x0000192c       0x12 rel/philo.o
                0x0000192c                Philo::~Philo()
 .text._ZN7QActiveD0Ev
                0x0000193e       0x12 rel/philo.o
                0x0000193e                QActive::~QActive()
 .text._ZN4QHsmC2EPFhPvPK6QEventE
                0x00001950        0xc rel/philo.o
                0x00001950                QHsm::QHsm(unsigned char (*)(void*, QEvent const*))
                0x00001950                QHsm::QHsm(unsigned char (*)(void*, QEvent const*))
 .text._ZN7QActiveC2EPFhPvPK6QEventE
                0x0000195c       0x14 rel/philo.o
                0x0000195c                QActive::QActive(unsigned char (*)(void*, QEvent const*))
                0x0000195c                QActive::QActive(unsigned char (*)(void*, QEvent const*))
 .text._ZN8QTimeEvt6postInEP7QActivet
                0x00001970        0x8 rel/philo.o
                0x00001970                QTimeEvt::postIn(QActive*, unsigned short)
 .text._ZN5TableD2Ev
                0x00001978       0x14 rel/table.o
                0x00001978                Table::~Table()
                0x00001978                Table::~Table()
 .text._ZN5TableD0Ev
                0x0000198c       0x12 rel/table.o
                0x0000198c                Table::~Table()
 .text._ZNV6QPSet88notEmptyEv
                0x0000199e        0xa ../../../../../ports/arm-cortex/qk/gnu/rel\libqk_cortex-m3.a(qk_sched.o)
                0x0000199e                QPSet8::notEmpty() volatile
 .text._ZNV7QPSet647findMaxEv
                0x000019a8       0x24 ../../../../../ports/arm-cortex/qk/gnu/rel\libqk_cortex-m3.a(qk_sched.o)
                0x000019a8                QPSet64::findMax() volatile
 .text.QK_init  0x000019cc       0x24 ../../../../../ports/arm-cortex/qk/gnu/rel\libqk_cortex-m3.a(qk_port.o)
                0x000019cc                QK_init
 .text.PendSV_Handler
                0x000019f0       0x2c ../../../../../ports/arm-cortex/qk/gnu/rel\libqk_cortex-m3.a(qk_port.o)
                0x000019f0                PendSV_Handler
 .text.SVC_Handler
                0x00001a1c        0x4 ../../../../../ports/arm-cortex/qk/gnu/rel\libqk_cortex-m3.a(qk_port.o)
                0x00001a1c                SVC_Handler
 .text._ZNV6QPSet86insertEh
                0x00001a20       0x10 ../../../../../ports/arm-cortex/qk/gnu/rel\libqf_cortex-m3.a(qa_fifo.o)
                0x00001a20                QPSet8::insert(unsigned char) volatile
 .text._ZNV7QPSet646insertEh
                0x00001a30       0x24 ../../../../../ports/arm-cortex/qk/gnu/rel\libqf_cortex-m3.a(qa_fifo.o)
                0x00001a30                QPSet64::insert(unsigned char) volatile
 .text._ZNV6QPSet86removeEh
                0x00001a54       0x10 ../../../../../ports/arm-cortex/qk/gnu/rel\libqf_cortex-m3.a(qa_get_.o)
                0x00001a54                QPSet8::remove(unsigned char) volatile
 .text._ZNV7QPSet646removeEh
                0x00001a64       0x30 ../../../../../ports/arm-cortex/qk/gnu/rel\libqf_cortex-m3.a(qa_get_.o)
                0x00001a64                QPSet64::remove(unsigned char) volatile
 .text._ZNK6QMPool12getBlockSizeEv
                0x00001a94        0x4 ../../../../../ports/arm-cortex/qk/gnu/rel\libqf_cortex-m3.a(qf_new.o)
                0x00001a94                QMPool::getBlockSize() const
 *(.rodata)
 .rodata        0x00001a98      0x2b1 rel/display96x16x1.o
 *fill*         0x00001d49        0x3 00
 .rodata        0x00001d4c       0x5c rel/system_lm3s.o
 .rodata        0x00001da8        0xc rel/no_heap.o
 .rodata        0x00001db4       0x20 rel/philo.o
                0x00001dc0                AO_Philo
 .rodata        0x00001dd4       0x10 rel/table.o
                0x00001de0                AO_Table
 .rodata        0x00001de4        0xa ../../../../../ports/arm-cortex/qk/gnu/rel\libqk_cortex-m3.a(qk.o)
 .rodata        0x00001dee        0x9 ../../../../../ports/arm-cortex/qk/gnu/rel\libqk_cortex-m3.a(qk_sched.o)
 .rodata        0x00001df7        0x8 ../../../../../ports/arm-cortex/qk/gnu/rel\libqf_cortex-m3.a(qa_fifo.o)
 .rodata        0x00001dff        0x8 ../../../../../ports/arm-cortex/qk/gnu/rel\libqf_cortex-m3.a(qa_get_.o)
 .rodata        0x00001e07        0x7 ../../../../../ports/arm-cortex/qk/gnu/rel\libqf_cortex-m3.a(qa_sub.o)
 .rodata        0x00001e0e        0xe ../../../../../ports/arm-cortex/qk/gnu/rel\libqf_cortex-m3.a(qf_act.o)
 .rodata        0x00001e1c        0x6 ../../../../../ports/arm-cortex/qk/gnu/rel\libqf_cortex-m3.a(qf_gc.o)
 .rodata        0x00001e22      0x100 ../../../../../ports/arm-cortex/qk/gnu/rel\libqf_cortex-m3.a(qf_log2.o)
                0x00001e22                QF_log2Lkup
 .rodata        0x00001f22        0x7 ../../../../../ports/arm-cortex/qk/gnu/rel\libqf_cortex-m3.a(qf_new.o)
 .rodata        0x00001f29        0x8 ../../../../../ports/arm-cortex/qk/gnu/rel\libqf_cortex-m3.a(qf_pool.o)
 .rodata        0x00001f31        0x9 ../../../../../ports/arm-cortex/qk/gnu/rel\libqf_cortex-m3.a(qf_pspub.o)
 .rodata        0x00001f3a       0xc3 ../../../../../ports/arm-cortex/qk/gnu/rel\libqf_cortex-m3.a(qf_pwr2.o)
                0x00001f3a                QF_pwr2Lkup
                0x00001f7b                QF_invPwr2Lkup
                0x00001fbc                QF_div8Lkup
 .rodata        0x00001ffd        0x8 ../../../../../ports/arm-cortex/qk/gnu/rel\libqf_cortex-m3.a(qmp_get.o)
 .rodata        0x00002005        0x9 ../../../../../ports/arm-cortex/qk/gnu/rel\libqf_cortex-m3.a(qmp_init.o)
 .rodata        0x0000200e        0x8 ../../../../../ports/arm-cortex/qk/gnu/rel\libqf_cortex-m3.a(qmp_put.o)
 .rodata        0x00002016        0x9 ../../../../../ports/arm-cortex/qk/gnu/rel\libqf_cortex-m3.a(qte_ctor.o)
 .rodata        0x0000201f        0x8 ../../../../../ports/arm-cortex/qk/gnu/rel\libqf_cortex-m3.a(qte_arm.o)
 *fill*         0x00002027        0x1 00
 .rodata        0x00002028       0x20 ../../../../../ports/arm-cortex/qk/gnu/rel\libqep_cortex-m3.a(qhsm_ini.o)
                0x00002028                vtable for QHsm
 .rodata        0x00002048        0x9 ../../../../../ports/arm-cortex/qk/gnu/rel\libqep_cortex-m3.a(qhsm_dis.o)
 .rodata        0x00002051        0xf ../../../../../ports/arm-cortex/qk/gnu/rel\libqep_cortex-m3.a(qep.o)
                0x00002058                QEP_reservedEvt_
 *(.rodata*)
 .rodata.str1.1
                0x00002060        0x8 rel/startup_lm3s.o
 .rodata.str1.1
                0x00002068       0x1c rel/bsp.o
 *fill*         0x00002084        0x4 00
 .rodata._ZTV5Philo
                0x00002088       0x10 rel/philo.o
                0x00002088                vtable for Philo
 .rodata._ZTV7QActive
                0x00002098       0x10 rel/philo.o
                0x00002098                vtable for QActive
 .rodata._ZTV5Table
                0x000020a8       0x10 rel/table.o
                0x000020a8                vtable for Table
 .rodata.str1.1
                0x000020b8       0x1b rel/table.o
 *(.init)
 *(.fini)
                0x000020d4                . = ALIGN (0x4)
 *fill*         0x000020d3        0x1 00

.glue_7         0x000020d4        0x0
 .glue_7        0x00000000        0x0 linker stubs

.glue_7t        0x000020d4        0x0
 .glue_7t       0x00000000        0x0 linker stubs

.vfp11_veneer   0x000020d4        0x0
 .vfp11_veneer  0x00000000        0x0 linker stubs

.v4_bx          0x000020d4        0x0
 .v4_bx         0x00000000        0x0 linker stubs

.preinit_array  0x000020d4        0x0
                0x000020d4                PROVIDE (__preinit_array_start, .)
 *(.preinit_array*)
                0x000020d4                PROVIDE (__preinit_array_end, .)

.init_array     0x000020d4        0x8
                0x000020d4                PROVIDE (__init_array_start, .)
 *(SORT(.init_array.*))
 *(.init_array*)
 .init_array    0x000020d4        0x4 rel/philo.o
 .init_array    0x000020d8        0x4 rel/table.o
                0x000020dc                PROVIDE (__init_array_end, .)

.fini_array     0x000020dc        0x0
                0x000020dc                PROVIDE (__fini_array_start, .)
 *(.fini_array*)
 *(SORT(.fini_array.*))
                0x000020dc                PROVIDE (__fini_array_end, .)
                0x000020dc                _etext = .

.data           0x20000000        0x4 load address 0x000020dc
                0x000020dc                __data_load = LOADADDR (.data)
                0x20000000                __data_start = .
 *(.data)
 .data          0x20000000        0x0 rel/display96x16x1.o
 .data          0x20000000        0x0 rel/startup_lm3s.o
 .data          0x20000000        0x0 rel/core_cm3.o
 .data          0x20000000        0x0 rel/system_lm3s.o
 .data          0x20000000        0x0 rel/bsp.o
 .data          0x20000000        0x0 rel/main.o
 .data          0x20000000        0x0 rel/mini_cpp.o
 .data          0x20000000        0x0 rel/no_heap.o
 .data          0x20000000        0x0 rel/philo.o
 .data          0x20000000        0x0 rel/table.o
 .data          0x20000000        0x1 ../../../../../ports/arm-cortex/qk/gnu/rel\libqk_cortex-m3.a(qk.o)
                0x20000000                QK_currPrio_
 .data          0x20000001        0x0 ../../../../../ports/arm-cortex/qk/gnu/rel\libqk_cortex-m3.a(qk_sched.o)
 .data          0x20000001        0x0 ../../../../../ports/arm-cortex/qk/gnu/rel\libqk_cortex-m3.a(qk_mutex.o)
 .data          0x20000001        0x0 ../../../../../ports/arm-cortex/qk/gnu/rel\libqk_cortex-m3.a(qk_port.o)
 .data          0x20000001        0x0 ../../../../../ports/arm-cortex/qk/gnu/rel\libqf_cortex-m3.a(qa_fifo.o)
 .data          0x20000001        0x0 ../../../../../ports/arm-cortex/qk/gnu/rel\libqf_cortex-m3.a(qa_get_.o)
 .data          0x20000001        0x0 ../../../../../ports/arm-cortex/qk/gnu/rel\libqf_cortex-m3.a(qa_sub.o)
 .data          0x20000001        0x0 ../../../../../ports/arm-cortex/qk/gnu/rel\libqf_cortex-m3.a(qeq_init.o)
 .data          0x20000001        0x0 ../../../../../ports/arm-cortex/qk/gnu/rel\libqf_cortex-m3.a(qf_act.o)
 .data          0x20000001        0x0 ../../../../../ports/arm-cortex/qk/gnu/rel\libqf_cortex-m3.a(qf_gc.o)
 .data          0x20000001        0x0 ../../../../../ports/arm-cortex/qk/gnu/rel\libqf_cortex-m3.a(qf_log2.o)
 .data          0x20000001        0x0 ../../../../../ports/arm-cortex/qk/gnu/rel\libqf_cortex-m3.a(qf_new.o)
 .data          0x20000001        0x0 ../../../../../ports/arm-cortex/qk/gnu/rel\libqf_cortex-m3.a(qf_pool.o)
 .data          0x20000001        0x0 ../../../../../ports/arm-cortex/qk/gnu/rel\libqf_cortex-m3.a(qf_psini.o)
 .data          0x20000001        0x0 ../../../../../ports/arm-cortex/qk/gnu/rel\libqf_cortex-m3.a(qf_pspub.o)
 .data          0x20000001        0x0 ../../../../../ports/arm-cortex/qk/gnu/rel\libqf_cortex-m3.a(qf_pwr2.o)
 .data          0x20000001        0x0 ../../../../../ports/arm-cortex/qk/gnu/rel\libqf_cortex-m3.a(qf_tick.o)
 .data          0x20000001        0x0 ../../../../../ports/arm-cortex/qk/gnu/rel\libqf_cortex-m3.a(qmp_get.o)
 .data          0x20000001        0x0 ../../../../../ports/arm-cortex/qk/gnu/rel\libqf_cortex-m3.a(qmp_init.o)
 .data          0x20000001        0x0 ../../../../../ports/arm-cortex/qk/gnu/rel\libqf_cortex-m3.a(qmp_put.o)
 .data          0x20000001        0x0 ../../../../../ports/arm-cortex/qk/gnu/rel\libqf_cortex-m3.a(qte_ctor.o)
 .data          0x20000001        0x0 ../../../../../ports/arm-cortex/qk/gnu/rel\libqf_cortex-m3.a(qte_arm.o)
 .data          0x20000001        0x0 ../../../../../ports/arm-cortex/qk/gnu/rel\libqep_cortex-m3.a(qhsm_ini.o)
 .data          0x20000001        0x0 ../../../../../ports/arm-cortex/qk/gnu/rel\libqep_cortex-m3.a(qhsm_dis.o)
 .data          0x20000001        0x0 ../../../../../ports/arm-cortex/qk/gnu/rel\libqep_cortex-m3.a(qhsm_top.o)
 .data          0x20000001        0x0 ../../../../../ports/arm-cortex/qk/gnu/rel\libqep_cortex-m3.a(qep.o)
 .data          0x20000001        0x0 c:/tools/codesourcery/bin/../lib/gcc/arm-none-eabi/4.5.1/../../../../arm-none-eabi/lib/thumb2\libc.a(lib_a-aeabi_atexit.o)
 .data          0x20000001        0x0 c:/tools/codesourcery/bin/../lib/gcc/arm-none-eabi/4.5.1/../../../../arm-none-eabi/lib/thumb2\libc.a(lib_a-init.o)
 *(.data*)
                0x20000004                . = ALIGN (0x4)
 *fill*         0x20000001        0x3 00
                0x20000004                __data_end__ = .
                0x20000004                _edata = __data_end__

.bss            0x20000004      0x360 load address 0x000020e0
                0x20000004                __bss_start__ = .
 *(.bss)
 .bss           0x20000004        0x8 rel/display96x16x1.o
 .bss           0x2000000c        0x0 rel/startup_lm3s.o
 .bss           0x2000000c        0x0 rel/core_cm3.o
 .bss           0x2000000c        0x4 rel/system_lm3s.o
                0x2000000c                SystemFrequency
 .bss           0x20000010        0x0 rel/bsp.o
 .bss           0x20000010       0xd8 rel/main.o
 .bss           0x200000e8        0x4 rel/mini_cpp.o
                0x200000e8                __dso_handle
 .bss           0x200000ec        0x0 rel/no_heap.o
 .bss           0x200000ec       0xf4 rel/philo.o
 .bss           0x200001e0       0x24 rel/table.o
 .bss           0x20000204        0xa ../../../../../ports/arm-cortex/qk/gnu/rel\libqk_cortex-m3.a(qk.o)
                0x20000204                QK_readySet_
                0x2000020d                QK_intNest_
 .bss           0x2000020e        0x0 ../../../../../ports/arm-cortex/qk/gnu/rel\libqk_cortex-m3.a(qk_sched.o)
 .bss           0x2000020e        0x1 ../../../../../ports/arm-cortex/qk/gnu/rel\libqk_cortex-m3.a(qk_mutex.o)
                0x2000020e                QK_ceilingPrio_
 .bss           0x2000020f        0x0 ../../../../../ports/arm-cortex/qk/gnu/rel\libqk_cortex-m3.a(qk_port.o)
 .bss           0x2000020f        0x0 ../../../../../ports/arm-cortex/qk/gnu/rel\libqf_cortex-m3.a(qa_fifo.o)
 .bss           0x2000020f        0x0 ../../../../../ports/arm-cortex/qk/gnu/rel\libqf_cortex-m3.a(qa_get_.o)
 .bss           0x2000020f        0x0 ../../../../../ports/arm-cortex/qk/gnu/rel\libqf_cortex-m3.a(qa_sub.o)
 .bss           0x2000020f        0x0 ../../../../../ports/arm-cortex/qk/gnu/rel\libqf_cortex-m3.a(qeq_init.o)
 *fill*         0x2000020f        0x1 00
 .bss           0x20000210      0x104 ../../../../../ports/arm-cortex/qk/gnu/rel\libqf_cortex-m3.a(qf_act.o)
                0x20000210                QF::active_
                0x20000310                QF_intLockNest_
 .bss           0x20000314        0x0 ../../../../../ports/arm-cortex/qk/gnu/rel\libqf_cortex-m3.a(qf_gc.o)
 .bss           0x20000314        0x0 ../../../../../ports/arm-cortex/qk/gnu/rel\libqf_cortex-m3.a(qf_log2.o)
 .bss           0x20000314        0x0 ../../../../../ports/arm-cortex/qk/gnu/rel\libqf_cortex-m3.a(qf_new.o)
 .bss           0x20000314       0x40 ../../../../../ports/arm-cortex/qk/gnu/rel\libqf_cortex-m3.a(qf_pool.o)
                0x20000314                QF_maxPool_
                0x20000318                QF_pool_
 .bss           0x20000354        0x8 ../../../../../ports/arm-cortex/qk/gnu/rel\libqf_cortex-m3.a(qf_psini.o)
                0x20000354                QF_subscrList_
                0x20000358                QF_maxSignal_
 .bss           0x2000035c        0x0 ../../../../../ports/arm-cortex/qk/gnu/rel\libqf_cortex-m3.a(qf_pspub.o)
 .bss           0x2000035c        0x0 ../../../../../ports/arm-cortex/qk/gnu/rel\libqf_cortex-m3.a(qf_pwr2.o)
 .bss           0x2000035c        0x1 ../../../../../ports/arm-cortex/qk/gnu/rel\libqf_cortex-m3.a(qf_tick.o)
 .bss           0x2000035d        0x0 ../../../../../ports/arm-cortex/qk/gnu/rel\libqf_cortex-m3.a(qmp_get.o)
 .bss           0x2000035d        0x0 ../../../../../ports/arm-cortex/qk/gnu/rel\libqf_cortex-m3.a(qmp_init.o)
 .bss           0x2000035d        0x0 ../../../../../ports/arm-cortex/qk/gnu/rel\libqf_cortex-m3.a(qmp_put.o)
 .bss           0x2000035d        0x0 ../../../../../ports/arm-cortex/qk/gnu/rel\libqf_cortex-m3.a(qte_ctor.o)
 *fill*         0x2000035d        0x3 00
 .bss           0x20000360        0x4 ../../../../../ports/arm-cortex/qk/gnu/rel\libqf_cortex-m3.a(qte_arm.o)
                0x20000360                QF_timeEvtListHead_
 .bss           0x20000364        0x0 ../../../../../ports/arm-cortex/qk/gnu/rel\libqep_cortex-m3.a(qhsm_ini.o)
 .bss           0x20000364        0x0 ../../../../../ports/arm-cortex/qk/gnu/rel\libqep_cortex-m3.a(qhsm_dis.o)
 .bss           0x20000364        0x0 ../../../../../ports/arm-cortex/qk/gnu/rel\libqep_cortex-m3.a(qhsm_top.o)
 .bss           0x20000364        0x0 ../../../../../ports/arm-cortex/qk/gnu/rel\libqep_cortex-m3.a(qep.o)
 .bss           0x20000364        0x0 c:/tools/codesourcery/bin/../lib/gcc/arm-none-eabi/4.5.1/../../../../arm-none-eabi/lib/thumb2\libc.a(lib_a-aeabi_atexit.o)
 .bss           0x20000364        0x0 c:/tools/codesourcery/bin/../lib/gcc/arm-none-eabi/4.5.1/../../../../arm-none-eabi/lib/thumb2\libc.a(lib_a-init.o)
 *(.bss*)
 *(COMMON)
                0x20000364                . = ALIGN (0x4)
                0x20000364                _ebss = .
                0x20000364                __bss_end__ = .
                0x20000364                PROVIDE (end, _ebss)
                0x20000364                PROVIDE (_end, _ebss)
                0x20000364                PROVIDE (__end__, _ebss)

.heap           0x20000364        0x0
                0x20000364                __heap_start__ = .
                0x20000364                . = (. + HEAP_SIZE)
                0x20000364                . = ALIGN (0x4)
                0x20000364                __heap_end__ = .

.stack          0x20000364      0x3e8 load address 0x00002440
                0x20000364                __stack_start__ = .
                0x2000074c                . = (. + STACK_SIZE)
 *fill*         0x20000364      0x3e8 00
                0x2000074c                . = ALIGN (0x4)
                0x2000074c                __c_stack_top__ = .
                0x2000074c                __stack_end__ = .

/DISCARD/
 libc.a(*)
 libm.a(*)
 libgcc.a(*)
OUTPUT(rel/dpp-qk.elf elf32-littlearm)

.comment        0x00000000       0x25
 .comment       0x00000000       0x25 rel/display96x16x1.o
                                 0x26 (size before relaxing)
 .comment       0x00000000       0x26 rel/startup_lm3s.o
 .comment       0x00000000       0x26 rel/core_cm3.o
 .comment       0x00000000       0x26 rel/system_lm3s.o
 .comment       0x00000000       0x26 rel/bsp.o
 .comment       0x00000000       0x26 rel/main.o
 .comment       0x00000000       0x26 rel/mini_cpp.o
 .comment       0x00000000       0x26 rel/no_heap.o
 .comment       0x00000000       0x26 rel/philo.o
 .comment       0x00000000       0x26 rel/table.o
 .comment       0x00000000       0x26 ../../../../../ports/arm-cortex/qk/gnu/rel\libqk_cortex-m3.a(qk.o)
 .comment       0x00000000       0x26 ../../../../../ports/arm-cortex/qk/gnu/rel\libqk_cortex-m3.a(qk_sched.o)
 .comment       0x00000000       0x26 ../../../../../ports/arm-cortex/qk/gnu/rel\libqk_cortex-m3.a(qk_mutex.o)
 .comment       0x00000000       0x26 ../../../../../ports/arm-cortex/qk/gnu/rel\libqf_cortex-m3.a(qa_fifo.o)
 .comment       0x00000000       0x26 ../../../../../ports/arm-cortex/qk/gnu/rel\libqf_cortex-m3.a(qa_get_.o)
 .comment       0x00000000       0x26 ../../../../../ports/arm-cortex/qk/gnu/rel\libqf_cortex-m3.a(qa_sub.o)
 .comment       0x00000000       0x26 ../../../../../ports/arm-cortex/qk/gnu/rel\libqf_cortex-m3.a(qeq_init.o)
 .comment       0x00000000       0x26 ../../../../../ports/arm-cortex/qk/gnu/rel\libqf_cortex-m3.a(qf_act.o)
 .comment       0x00000000       0x26 ../../../../../ports/arm-cortex/qk/gnu/rel\libqf_cortex-m3.a(qf_gc.o)
 .comment       0x00000000       0x26 ../../../../../ports/arm-cortex/qk/gnu/rel\libqf_cortex-m3.a(qf_log2.o)
 .comment       0x00000000       0x26 ../../../../../ports/arm-cortex/qk/gnu/rel\libqf_cortex-m3.a(qf_new.o)
 .comment       0x00000000       0x26 ../../../../../ports/arm-cortex/qk/gnu/rel\libqf_cortex-m3.a(qf_pool.o)
 .comment       0x00000000       0x26 ../../../../../ports/arm-cortex/qk/gnu/rel\libqf_cortex-m3.a(qf_psini.o)
 .comment       0x00000000       0x26 ../../../../../ports/arm-cortex/qk/gnu/rel\libqf_cortex-m3.a(qf_pspub.o)
 .comment       0x00000000       0x26 ../../../../../ports/arm-cortex/qk/gnu/rel\libqf_cortex-m3.a(qf_pwr2.o)
 .comment       0x00000000       0x26 ../../../../../ports/arm-cortex/qk/gnu/rel\libqf_cortex-m3.a(qf_tick.o)
 .comment       0x00000000       0x26 ../../../../../ports/arm-cortex/qk/gnu/rel\libqf_cortex-m3.a(qmp_get.o)
 .comment       0x00000000       0x26 ../../../../../ports/arm-cortex/qk/gnu/rel\libqf_cortex-m3.a(qmp_init.o)
 .comment       0x00000000       0x26 ../../../../../ports/arm-cortex/qk/gnu/rel\libqf_cortex-m3.a(qmp_put.o)
 .comment       0x00000000       0x26 ../../../../../ports/arm-cortex/qk/gnu/rel\libqf_cortex-m3.a(qte_ctor.o)
 .comment       0x00000000       0x26 ../../../../../ports/arm-cortex/qk/gnu/rel\libqf_cortex-m3.a(qte_arm.o)
 .comment       0x00000000       0x26 ../../../../../ports/arm-cortex/qk/gnu/rel\libqep_cortex-m3.a(qhsm_ini.o)
 .comment       0x00000000       0x26 ../../../../../ports/arm-cortex/qk/gnu/rel\libqep_cortex-m3.a(qhsm_dis.o)
 .comment       0x00000000       0x26 ../../../../../ports/arm-cortex/qk/gnu/rel\libqep_cortex-m3.a(qhsm_top.o)
 .comment       0x00000000       0x26 ../../../../../ports/arm-cortex/qk/gnu/rel\libqep_cortex-m3.a(qep.o)

.ARM.attributes
                0x00000000       0x2f
 .ARM.attributes
                0x00000000       0x31 rel/display96x16x1.o
 .ARM.attributes
                0x00000031       0x31 rel/startup_lm3s.o
 .ARM.attributes
                0x00000062       0x31 rel/core_cm3.o
 .ARM.attributes
                0x00000093       0x31 rel/system_lm3s.o
 .ARM.attributes
                0x000000c4       0x31 rel/bsp.o
 .ARM.attributes
                0x000000f5       0x31 rel/main.o
 .ARM.attributes
                0x00000126       0x31 rel/mini_cpp.o
 .ARM.attributes
                0x00000157       0x31 rel/no_heap.o
 .ARM.attributes
                0x00000188       0x31 rel/philo.o
 .ARM.attributes
                0x000001b9       0x31 rel/table.o
 .ARM.attributes
                0x000001ea       0x31 ../../../../../ports/arm-cortex/qk/gnu/rel\libqk_cortex-m3.a(qk.o)
 .ARM.attributes
                0x0000021b       0x31 ../../../../../ports/arm-cortex/qk/gnu/rel\libqk_cortex-m3.a(qk_sched.o)
 .ARM.attributes
                0x0000024c       0x31 ../../../../../ports/arm-cortex/qk/gnu/rel\libqk_cortex-m3.a(qk_mutex.o)
 .ARM.attributes
                0x0000027d       0x21 ../../../../../ports/arm-cortex/qk/gnu/rel\libqk_cortex-m3.a(qk_port.o)
 .ARM.attributes
                0x0000029e       0x31 ../../../../../ports/arm-cortex/qk/gnu/rel\libqf_cortex-m3.a(qa_fifo.o)
 .ARM.attributes
                0x000002cf       0x31 ../../../../../ports/arm-cortex/qk/gnu/rel\libqf_cortex-m3.a(qa_get_.o)
 .ARM.attributes
                0x00000300       0x31 ../../../../../ports/arm-cortex/qk/gnu/rel\libqf_cortex-m3.a(qa_sub.o)
 .ARM.attributes
                0x00000331       0x31 ../../../../../ports/arm-cortex/qk/gnu/rel\libqf_cortex-m3.a(qeq_init.o)
 .ARM.attributes
                0x00000362       0x31 ../../../../../ports/arm-cortex/qk/gnu/rel\libqf_cortex-m3.a(qf_act.o)
 .ARM.attributes
                0x00000393       0x31 ../../../../../ports/arm-cortex/qk/gnu/rel\libqf_cortex-m3.a(qf_gc.o)
 .ARM.attributes
                0x000003c4       0x31 ../../../../../ports/arm-cortex/qk/gnu/rel\libqf_cortex-m3.a(qf_log2.o)
 .ARM.attributes
                0x000003f5       0x31 ../../../../../ports/arm-cortex/qk/gnu/rel\libqf_cortex-m3.a(qf_new.o)
 .ARM.attributes
                0x00000426       0x31 ../../../../../ports/arm-cortex/qk/gnu/rel\libqf_cortex-m3.a(qf_pool.o)
 .ARM.attributes
                0x00000457       0x31 ../../../../../ports/arm-cortex/qk/gnu/rel\libqf_cortex-m3.a(qf_psini.o)
 .ARM.attributes
                0x00000488       0x31 ../../../../../ports/arm-cortex/qk/gnu/rel\libqf_cortex-m3.a(qf_pspub.o)
 .ARM.attributes
                0x000004b9       0x31 ../../../../../ports/arm-cortex/qk/gnu/rel\libqf_cortex-m3.a(qf_pwr2.o)
 .ARM.attributes
                0x000004ea       0x31 ../../../../../ports/arm-cortex/qk/gnu/rel\libqf_cortex-m3.a(qf_tick.o)
 .ARM.attributes
                0x0000051b       0x31 ../../../../../ports/arm-cortex/qk/gnu/rel\libqf_cortex-m3.a(qmp_get.o)
 .ARM.attributes
                0x0000054c       0x31 ../../../../../ports/arm-cortex/qk/gnu/rel\libqf_cortex-m3.a(qmp_init.o)
 .ARM.attributes
                0x0000057d       0x31 ../../../../../ports/arm-cortex/qk/gnu/rel\libqf_cortex-m3.a(qmp_put.o)
 .ARM.attributes
                0x000005ae       0x31 ../../../../../ports/arm-cortex/qk/gnu/rel\libqf_cortex-m3.a(qte_ctor.o)
 .ARM.attributes
                0x000005df       0x31 ../../../../../ports/arm-cortex/qk/gnu/rel\libqf_cortex-m3.a(qte_arm.o)
 .ARM.attributes
                0x00000610       0x31 ../../../../../ports/arm-cortex/qk/gnu/rel\libqep_cortex-m3.a(qhsm_ini.o)
 .ARM.attributes
                0x00000641       0x31 ../../../../../ports/arm-cortex/qk/gnu/rel\libqep_cortex-m3.a(qhsm_dis.o)
 .ARM.attributes
                0x00000672       0x31 ../../../../../ports/arm-cortex/qk/gnu/rel\libqep_cortex-m3.a(qhsm_top.o)
 .ARM.attributes
                0x000006a3       0x31 ../../../../../ports/arm-cortex/qk/gnu/rel\libqep_cortex-m3.a(qep.o)
